Archive member included to satisfy reference by file (symbol)

C:/devkitPro/libctru/lib\libcitro2d.a(base.o)
                              engine.o (C2D_Init)
C:/devkitPro/libctru/lib\libcitro2d.a(spritesheet.o)
                              renderer.o (C2D_SpriteSheetLoad)
C:/devkitPro/libctru/lib\libcitro2d.a(text.o)
                              renderer.o (C2D_TextBufNew)
C:/devkitPro/libctru/lib\libcitro2d.a(render2d_shbin.o)
                              C:/devkitPro/libctru/lib\libcitro2d.a(base.o) (render2d_shbin)
C:/devkitPro/libctru/lib\libcitro2d.a(font.o)
                              C:/devkitPro/libctru/lib\libcitro2d.a(text.o) (C2D_FontGlyphIndexFromCodePoint)
C:/devkitPro/libctru/lib\libcitro3d.a(attribs.o)
                              C:/devkitPro/libctru/lib\libcitro2d.a(base.o) (AttrInfo_Init)
C:/devkitPro/libctru/lib\libcitro3d.a(base.o)
                              C:/devkitPro/libctru/lib\libcitro3d.a(attribs.o) (__C3D_Context)
C:/devkitPro/libctru/lib\libcitro3d.a(buffers.o)
                              C:/devkitPro/libctru/lib\libcitro2d.a(base.o) (BufInfo_Init)
C:/devkitPro/libctru/lib\libcitro3d.a(drawElements.o)
                              C:/devkitPro/libctru/lib\libcitro2d.a(base.o) (C3D_DrawElements)
C:/devkitPro/libctru/lib\libcitro3d.a(effect.o)
                              C:/devkitPro/libctru/lib\libcitro3d.a(base.o) (C3D_DepthMap)
C:/devkitPro/libctru/lib\libcitro3d.a(framebuffer.o)
                              C:/devkitPro/libctru/lib\libcitro3d.a(base.o) (C3Di_FrameBufBind)
C:/devkitPro/libctru/lib\libcitro3d.a(immediate.o)
                              C:/devkitPro/libctru/lib\libcitro3d.a(base.o) (C3D_ImmSendAttrib)
C:/devkitPro/libctru/lib\libcitro3d.a(proctex.o)
                              C:/devkitPro/libctru/lib\libcitro2d.a(base.o) (C3D_ProcTexInit)
C:/devkitPro/libctru/lib\libcitro3d.a(renderqueue.o)
                              C:/devkitPro/libctru/lib\libcitro3d.a(base.o) (C3Di_RenderQueueEnableVBlank)
C:/devkitPro/libctru/lib\libcitro3d.a(tex3ds.o)
                              C:/devkitPro/libctru/lib\libcitro2d.a(spritesheet.o) (Tex3DS_TextureImport)
C:/devkitPro/libctru/lib\libcitro3d.a(texenv.o)
                              C:/devkitPro/libctru/lib\libcitro2d.a(base.o) (C3D_GetTexEnv)
C:/devkitPro/libctru/lib\libcitro3d.a(texture.o)
                              C:/devkitPro/libctru/lib\libcitro3d.a(tex3ds.o) (C3D_TexInitWithParams)
C:/devkitPro/libctru/lib\libcitro3d.a(uniforms.o)
                              C:/devkitPro/libctru/lib\libcitro3d.a(base.o) (C3D_UpdateUniforms)
C:/devkitPro/libctru/lib\libcitro3d.a(mtx_multiply.o)
                              C:/devkitPro/libctru/lib\libcitro2d.a(base.o) (Mtx_Multiply)
C:/devkitPro/libctru/lib\libcitro3d.a(mtx_ortho.o)
                              C:/devkitPro/libctru/lib\libcitro2d.a(base.o) (Mtx_Ortho)
C:/devkitPro/libctru/lib\libcitro3d.a(mtx_orthotilt.o)
                              C:/devkitPro/libctru/lib\libcitro2d.a(base.o) (Mtx_OrthoTilt)
C:/devkitPro/libctru/lib\libcitro3d.a(mtx_rotatez.o)
                              C:/devkitPro/libctru/lib\libcitro2d.a(base.o) (Mtx_RotateZ)
C:/devkitPro/libctru/lib\libcitro3d.a(mtx_scale.o)
                              C:/devkitPro/libctru/lib\libcitro2d.a(base.o) (Mtx_Scale)
C:/devkitPro/libctru/lib\libcitro3d.a(mtx_translate.o)
                              C:/devkitPro/libctru/lib\libcitro2d.a(base.o) (Mtx_Translate)
C:/devkitPro/libctru/lib\libctru.a(linear.o)
                              audio.o (linearAlloc)
C:/devkitPro/libctru/lib\libctru.a(mem_pool.o)
                              C:/devkitPro/libctru/lib\libctru.a(linear.o) (_ZN7MemPool8AllocateER8MemChunkmi)
C:/devkitPro/libctru/lib\libctru.a(vram.o)
                              C:/devkitPro/libctru/lib\libcitro3d.a(renderqueue.o) (vramAlloc)
C:/devkitPro/libctru/lib\libctru.a(console.o)
                              engine.o (consoleInit)
C:/devkitPro/libctru/lib\libctru.a(font.o)
                              C:/devkitPro/libctru/lib\libcitro2d.a(text.o) (fontEnsureMapped)
C:/devkitPro/libctru/lib\libctru.a(gfx.o)
                              C:/devkitPro/libctru/lib\libcitro2d.a(base.o) (gfxIsWide)
C:/devkitPro/libctru/lib\libctru.a(os.o)
                              C:/devkitPro/libctru/lib\libcitro3d.a(buffers.o) (osConvertVirtToPhys)
C:/devkitPro/libctru/lib\libctru.a(romfs_dev.o)
                              engine.o (romfsMountSelf)
C:/devkitPro/libctru/lib\libctru.a(gpu.o)
                              C:/devkitPro/libctru/lib\libcitro3d.a(renderqueue.o) (gpuCmdBuf)
C:/devkitPro/libctru/lib\libctru.a(gx.o)
                              C:/devkitPro/libctru/lib\libcitro3d.a(renderqueue.o) (GX_BindQueue)
C:/devkitPro/libctru/lib\libctru.a(gxqueue.o)
                              C:/devkitPro/libctru/lib\libcitro3d.a(renderqueue.o) (gxCmdQueueClear)
C:/devkitPro/libctru/lib\libctru.a(shaderProgram.o)
[...]
Memory Configuration

Name             Origin             Length             Attributes
*default*        0x00000000         0xffffffff

Linker script and memory map

                0x00000000                        __sync_synchronize = __sync_synchronize_dmb
                0x00100000                        PROVIDE (__start__ = 0x100000)
                0x00100000                        . = __start__

.text           0x00100000    0x2a9d8
 *(.crt0)
 .crt0          0x00100000       0x94 C:/devkitPro/devkitARM/bin/../lib/gcc/arm-none-eabi/15.2.0/../../../../arm-none-eabi/lib/armv6k/fpu/3dsx_crt0.o
                0x00100000                _start
                0x00100008                __service_ptr
                0x0010000c                __apt_appid
                0x00100010                __heap_size
                0x00100014                __linear_heap_size
                0x00100018                __system_arglist
                0x0010001c                __system_runflags
 *(.init)
 .init          0x00100094        0xc C:/devkitPro/devkitARM/bin/../lib/gcc/arm-none-eabi/15.2.0/armv6k/fpu/crti.o
                0x00100094                _init
 .init          0x001000a0        0xc C:/devkitPro/devkitARM/bin/../lib/gcc/arm-none-eabi/15.2.0/armv6k/fpu/crtn.o
                0x001000ac                        . = ALIGN (0x4)
 *(.text)
 .text          0x001000ac      0x20c C:/devkitPro/devkitARM/bin/../lib/gcc/arm-none-eabi/15.2.0/armv6k/fpu\libgcc.a(_udivsi3.o)
                0x001000ac                __aeabi_uidiv
                0x001000ac                __udivsi3
                0x00100298                __aeabi_uidivmod
 .text          0x001002b8      0x240 C:/devkitPro/devkitARM/bin/../lib/gcc/arm-none-eabi/15.2.0/armv6k/fpu\libgcc.a(_divsi3.o)
                0x001002b8                __divsi3
                0x001002b8                __aeabi_idiv
                0x001004d8                __aeabi_idivmod
 .text          0x001004f8        0x4 C:/devkitPro/devkitARM/bin/../lib/gcc/arm-none-eabi/15.2.0/armv6k/fpu\libgcc.a(_dvmd_tls.o)
                0x001004f8                __aeabi_idiv0
                0x001004f8                __aeabi_ldiv0
 .text          0x001004fc      0x3c0 C:/devkitPro/devkitARM/bin/../lib/gcc/arm-none-eabi/15.2.0/armv6k/fpu\libgcc.a(_arm_addsubdf3.o)
                0x001004fc                __aeabi_drsub
                0x00100504                __aeabi_dsub
                0x00100504                __subdf3
                0x00100508                __aeabi_dadd
                0x00100508                __adddf3
                0x001007b4                __floatunsidf
                0x001007b4                __aeabi_ui2d
                0x001007d8                __floatsidf
                0x001007d8                __aeabi_i2d
                0x00100800                __aeabi_f2d
                0x00100800                __extendsfdf2
                0x00100848                __floatundidf
                0x00100848                __aeabi_ul2d
                0x0010085c                __floatdidf
                0x0010085c                __aeabi_l2d
 .text          0x001008bc      0x250 C:/devkitPro/devkitARM/bin/../lib/gcc/arm-none-eabi/15.2.0/armv6k/fpu\libgcc.a(_arm_addsubsf3.o)
                0x001008bc                __aeabi_frsub
                0x001008c4                __subsf3
                0x001008c4                __aeabi_fsub
                0x001008c8                __aeabi_fadd
                0x001008c8                __addsf3
                0x00100a58                __aeabi_ui2f
                0x00100a58                __floatunsisf
                0x00100a60                __aeabi_i2f
                0x00100a60                __floatsisf
                0x00100a80                __aeabi_ul2f
                0x00100a80                __floatundisf
                0x00100a90                __aeabi_l2f
                0x00100a90                __floatdisf
 .text          0x00100b0c       0xd4 C:/devkitPro/devkitARM/bin/../lib/gcc/arm-none-eabi/15.2.0/armv6k/fpu\libgcc.a(_aeabi_ldivmod.o)
                0x00100b0c                __aeabi_ldivmod
 .text          0x00100be0       0x3c C:/devkitPro/devkitARM/bin/../lib/gcc/arm-none-eabi/15.2.0/armv6k/fpu\libgcc.a(_aeabi_uldivmod.o)
                0x00100be0                __aeabi_uldivmod
 *fill*         0x00100c1c        0x4 
 .text          0x00100c20      0x390 C:/devkitPro/devkitARM/bin/../lib/gcc/arm-none-eabi/15.2.0/../../../../arm-none-eabi/lib/armv6k/fpu\libg.a(libc_a-strcmp.o)
                0x00100c28                strcmp
 *(.text.*)
 .text.__do_global_dtors_aux
                0x00100fb0       0x50 C:/devkitPro/devkitARM/bin/../lib/gcc/arm-none-eabi/15.2.0/armv6k/fpu/crtbegin.o
 .text.frame_dummy
                0x00101000       0x2c C:/devkitPro/devkitARM/bin/../lib/gcc/arm-none-eabi/15.2.0/armv6k/fpu/crtbegin.o
 .text._ZN5Audio4initEv
                0x0010102c       0x40 audio.o
                0x0010102c                _ZN5Audio4initEv
 .text._ZN5Audio7playWAVEPKc
                0x0010106c      0x114 audio.o
                0x0010106c                _ZN5Audio7playWAVEPKc
 .text._ZN5Audio8shutdownEv
                0x00101180       0x10 audio.o
                0x00101180                _ZN5Audio8shutdownEv
 .text._Z9miiSelectv
                0x00101190       0x80 engine.o
                0x00101190                _Z9miiSelectv
 .text._ZN6Engine3runEv
                0x00101210      0x198 engine.o
                0x00101210                _ZN6Engine3runEv
 .text._ZN6Engine8shutdownEv
                0x001013a8       0x3c engine.o
                0x001013a8                _ZN6Engine8shutdownEv
 .text._ZN6Engine5crashEPKc
                0x001013e4       0xd0 engine.o
                0x001013e4                _ZN6Engine5crashEPKc
 .text._ZN6Engine4initEv
                0x001014b4       0x74 engine.o
                0x001014b4                _ZN6Engine4initEv
 .text.startup.main
                0x00101528      0x18c main.o
                0x00101528                main
 .text._ZN6Player4initER8Renderer
                0x001016b4       0x20 player.o
                0x001016b4                _ZN6Player4initER8Renderer
 .text._ZN6Player6updateEf
                0x001016d4      0x14c player.o
                0x001016d4                _ZN6Player6updateEf
 .text._ZN6Player6renderER8Renderer
                0x00101820       0x44 player.o
                0x00101820                _ZN6Player6renderER8Renderer
 .text._ZN8Renderer4initEv
                0x00101864       0x30 renderer.o
                0x00101864                _ZN8Renderer4initEv
 .text._ZN8Renderer10loadSpriteEPKc
                0x00101894      0x104 renderer.o
                0x00101894                _ZN8Renderer10loadSpriteEPKc
 .text._ZN8Renderer12setSpritePosEiff
                0x00101998       0x2c renderer.o
                0x00101998                _ZN8Renderer12setSpritePosEiff
 .text._ZN8Renderer14setSpriteFrameEii
                0x001019c4       0xa0 renderer.o
                0x001019c4                _ZN8Renderer14setSpriteFrameEii
 .text._ZN8Renderer10beginFrameEv
                0x00101a64       0x4c renderer.o
                0x00101a64                _ZN8Renderer10beginFrameEv
 .text._ZN8Renderer11drawSpritesEv
                0x00101ab0       0x40 renderer.o
                0x00101ab0                _ZN8Renderer11drawSpritesEv
 .text._ZN8Renderer8endFrameEv
                0x00101af0        0x8 renderer.o
                0x00101af0                _ZN8Renderer8endFrameEv
 .text._ZN8Renderer8shutdownEv
                0x00101af8       0x20 renderer.o
                0x00101af8                _ZN8Renderer8shutdownEv
 .text._ZN8Renderer8drawTextEPKcff
                0x00101b18       0x5c renderer.o
                0x00101b18                _ZN8Renderer8drawTextEPKcff
 .text._ZN12RoundManager4initEv
                0x00101b74        0xc roundmanager.o
                0x00101b74                _ZN12RoundManager4initEv
 .text._ZN12RoundManager10beginRoundEv
                0x00101b80       0x10 roundmanager.o
                0x00101b80                _ZN12RoundManager10beginRoundEv
 .text._ZN12RoundManager6updateEfR8Renderer
                0x00101b90       0x90 roundmanager.o
                0x00101b90                _ZN12RoundManager6updateEfR8Renderer
 .text.C2Di_FrameEndHook
                0x00101c20       0x44 C:/devkitPro/libctru/lib\libcitro2d.a(base.o)
 .text.C2D_Init
                0x00101c64      0x368 C:/devkitPro/libctru/lib\libcitro2d.a(base.o)
                0x00101c64                C2D_Init
 .text.C2D_Fini
                0x00101fcc       0x4c C:/devkitPro/libctru/lib\libcitro2d.a(base.o)
                0x00101fcc                C2D_Fini
 .text.C2D_Prepare
                0x00102018       0xbc C:/devkitPro/libctru/lib\libcitro2d.a(base.o)
                0x00102018                C2D_Prepare
 .text.C2D_Flush
                0x001020d4       0x48 C:/devkitPro/libctru/lib\libcitro2d.a(base.o)
                0x001020d4                C2D_Flush
 .text.C2D_SceneSize
                0x0010211c       0xfc C:/devkitPro/libctru/lib\libcitro2d.a(base.o)
                0x0010211c                C2D_SceneSize
 .text.C2D_CreateScreenTarget
                0x00102218       0x60 C:/devkitPro/libctru/lib\libcitro2d.a(base.o)
                0x00102218                C2D_CreateScreenTarget
 .text.C2D_TargetClear
                0x00102278       0x60 C:/devkitPro/libctru/lib\libcitro2d.a(base.o)
                0x00102278                C2D_TargetClear
 .text.C2Di_CalcQuad
                0x001022d8      0x14c C:/devkitPro/libctru/lib\libcitro2d.a(base.o)
                0x001022d8                C2Di_CalcQuad
 .text.C2Di_AppendQuad
                0x00102424       0x54 C:/devkitPro/libctru/lib\libcitro2d.a(base.o)
                0x00102424                C2Di_AppendQuad
 .text.C2Di_AppendVtx
                0x00102478       0x40 C:/devkitPro/libctru/lib\libcitro2d.a(base.o)
                0x00102478                C2Di_AppendVtx
 .text.C2Di_Update
                0x001024b8      0x738 C:/devkitPro/libctru/lib\libcitro2d.a(base.o)
                0x001024b8                C2Di_Update
 .text.C2D_DrawImage
                0x00102bf0      0x2e8 C:/devkitPro/libctru/lib\libcitro2d.a(base.o)
                0x00102bf0                C2D_DrawImage
 .text.C2D_SpriteSheetLoadFromHandle
                0x00102ed8       0x68 C:/devkitPro/libctru/lib\libcitro2d.a(spritesheet.o)
                0x00102ed8                C2D_SpriteSheetLoadFromHandle
 .text.C2D_SpriteSheetLoad
                0x00102f40       0x48 C:/devkitPro/libctru/lib\libcitro2d.a(spritesheet.o)
                0x00102f40                C2D_SpriteSheetLoad
 .text.C2D_SpriteSheetFree
                0x00102f88       0x28 C:/devkitPro/libctru/lib\libcitro2d.a(spritesheet.o)
                0x00102f88                C2D_SpriteSheetFree
 .text.C2D_SpriteSheetGetImage
                0x00102fb0       0x28 C:/devkitPro/libctru/lib\libcitro2d.a(spritesheet.o)
                0x00102fb0                C2D_SpriteSheetGetImage
 .text.C2Di_CalcLineWidths
                0x00102fd8      0x180 C:/devkitPro/libctru/lib\libcitro2d.a(text.o)
 .text.C2D_TextBufNew
                0x00103158      0x1d0 C:/devkitPro/libctru/lib\libcitro2d.a(text.o)
                0x00103158                C2D_TextBufNew
 .text.C2D_TextBufDelete
                0x00103328        0x4 C:/devkitPro/libctru/lib\libcitro2d.a(text.o)
                0x00103328                C2D_TextBufDelete
 .text.C2D_TextBufClear
                0x0010332c        0xc C:/devkitPro/libctru/lib\libcitro2d.a(text.o)
                0x0010332c                C2D_TextBufClear
 .text.C2D_TextFontParseLine
                0x00103338      0x1c4 C:/devkitPro/libctru/lib\libcitro2d.a(text.o)
                0x00103338                C2D_TextFontParseLine
 .text.C2D_TextFontParse
                0x001034fc       0xa4 C:/devkitPro/libctru/lib\libcitro2d.a(text.o)
                0x001034fc                C2D_TextFontParse
 .text.C2D_TextParse
                0x001035a0       0x10 C:/devkitPro/libctru/lib\libcitro2d.a(text.o)
                0x001035a0                C2D_TextParse
 .text.C2D_DrawText
                0x001035b0      0xfdc C:/devkitPro/libctru/lib\libcitro2d.a(text.o)
                0x001035b0                C2D_DrawText
 .text.C2D_FontGlyphIndexFromCodePoint
                0x0010458c       0x50 C:/devkitPro/libctru/lib\libcitro2d.a(font.o)
                0x0010458c                C2D_FontGlyphIndexFromCodePoint
 .text.C2D_FontCalcGlyphPos
                0x001045dc       0x74 C:/devkitPro/libctru/lib\libcitro2d.a(font.o)
                0x001045dc                C2D_FontCalcGlyphPos
 .text.AttrInfo_Init
                0x00104650       0x28 C:/devkitPro/libctru/lib\libcitro3d.a(attribs.o)
                0x00104650                AttrInfo_Init
 .text.AttrInfo_AddLoader
                0x00104678       0x94 C:/devkitPro/libctru/lib\libcitro3d.a(attribs.o)
                0x00104678                AttrInfo_AddLoader
 .text.C3D_SetAttrInfo
                0x0010470c       0x54 C:/devkitPro/libctru/lib\libcitro3d.a(attribs.o)
                0x0010470c                C3D_SetAttrInfo
 .text.C3Di_AttrInfoBind
                0x00104760       0x80 C:/devkitPro/libctru/lib\libcitro3d.a(attribs.o)
                0x00104760                C3Di_AttrInfoBind
 .text.C3Di_LightEnvUpdate
                0x001047e0        0x4 C:/devkitPro/libctru/lib\libcitro3d.a(base.o)
                0x001047e0                C3Di_LightEnvUpdate
 .text.C3Di_LightEnvDirty
                0x001047e4        0x4 C:/devkitPro/libctru/lib\libcitro3d.a(base.o)
                0x001047e4                C3Di_LightEnvDirty
 .text.C3Di_AptEventHook
                0x001047e8       0xb4 C:/devkitPro/libctru/lib\libcitro3d.a(base.o)
 .text.C3Di_GasUpdate
                0x0010489c        0x4 C:/devkitPro/libctru/lib\libcitro3d.a(base.o)
                0x0010489c                C3Di_GasUpdate
 .text.C3D_Init
                0x001048a0      0x1d0 C:/devkitPro/libctru/lib\libcitro3d.a(base.o)
                0x001048a0                C3D_Init
 .text.C3D_SetViewport
                0x00104a70       0x98 C:/devkitPro/libctru/lib\libcitro3d.a(base.o)
                0x00104a70                C3D_SetViewport
 .text.C3Di_UpdateContext
                0x00104b08      0x4e8 C:/devkitPro/libctru/lib\libcitro3d.a(base.o)
                0x00104b08                C3Di_UpdateContext
 .text.C3Di_SplitFrame
                0x00104ff0       0xe0 C:/devkitPro/libctru/lib\libcitro3d.a(base.o)
                0x00104ff0                C3Di_SplitFrame
 .text.C3D_Fini
                0x001050d0       0x44 C:/devkitPro/libctru/lib\libcitro3d.a(base.o)
                0x001050d0                C3D_Fini
 .text.C3D_BindProgram
                0x00105114      0x194 C:/devkitPro/libctru/lib\libcitro3d.a(base.o)
                0x00105114                C3D_BindProgram
 .text.BufInfo_Init
                0x001052a8       0x24 C:/devkitPro/libctru/lib\libcitro3d.a(buffers.o)
                0x001052a8                BufInfo_Init
 .text.BufInfo_Add
                0x001052cc       0x80 C:/devkitPro/libctru/lib\libcitro3d.a(buffers.o)
                0x001052cc                BufInfo_Add
 .text.C3D_SetBufInfo
                0x0010534c       0x3c C:/devkitPro/libctru/lib\libcitro3d.a(buffers.o)
                0x0010534c                C3D_SetBufInfo
 .text.C3Di_BufInfoBind
                0x00105388       0x48 C:/devkitPro/libctru/lib\libcitro3d.a(buffers.o)
                0x00105388                C3Di_BufInfoBind
 .text.C3D_DrawElements
                0x001053d0      0x21c C:/devkitPro/libctru/lib\libcitro3d.a(drawElements.o)
                0x001053d0                C3D_DrawElements
 .text.C3D_DepthMap
                0x001055ec       0x40 C:/devkitPro/libctru/lib\libcitro3d.a(effect.o)
                0x001055ec                C3D_DepthMap
 .text.C3D_CullFace
                0x0010562c       0x1c C:/devkitPro/libctru/lib\libcitro3d.a(effect.o)
                0x0010562c                C3D_CullFace
 .text.C3D_StencilTest
                0x00105648       0x40 C:/devkitPro/libctru/lib\libcitro3d.a(effect.o)
                0x00105648                C3D_StencilTest
 .text.C3D_StencilOp
                0x00105688       0x24 C:/devkitPro/libctru/lib\libcitro3d.a(effect.o)
                0x00105688                C3D_StencilOp
 .text.C3D_BlendingColor
                0x001056ac       0x1c C:/devkitPro/libctru/lib\libcitro3d.a(effect.o)
                0x001056ac                C3D_BlendingColor
 .text.C3D_EarlyDepthTest
                0x001056c8       0x24 C:/devkitPro/libctru/lib\libcitro3d.a(effect.o)
                0x001056c8                C3D_EarlyDepthTest
 .text.C3D_DepthTest
                0x001056ec       0x2c C:/devkitPro/libctru/lib\libcitro3d.a(effect.o)
                0x001056ec                C3D_DepthTest
 .text.C3D_AlphaTest
                0x00105718       0x2c C:/devkitPro/libctru/lib\libcitro3d.a(effect.o)
                0x00105718                C3D_AlphaTest
 .text.C3D_AlphaBlend
                0x00105744       0x50 C:/devkitPro/libctru/lib\libcitro3d.a(effect.o)
                0x00105744                C3D_AlphaBlend
 .text.C3D_FragOpMode
                0x00105794       0x30 C:/devkitPro/libctru/lib\libcitro3d.a(effect.o)
                0x00105794                C3D_FragOpMode
 .text.C3D_FragOpShadow
                0x001057c4       0x44 C:/devkitPro/libctru/lib\libcitro3d.a(effect.o)
                0x001057c4                C3D_FragOpShadow
 .text.C3Di_EffectBind
                0x00105808      0x1ac C:/devkitPro/libctru/lib\libcitro3d.a(effect.o)
                0x00105808                C3Di_EffectBind
 .text.C3D_CalcColorBufSize
                0x001059b4       0x1c C:/devkitPro/libctru/lib\libcitro3d.a(framebuffer.o)
                0x001059b4                C3D_CalcColorBufSize
 .text.C3D_CalcDepthBufSize
                0x001059d0       0x1c C:/devkitPro/libctru/lib\libcitro3d.a(framebuffer.o)
                0x001059d0                C3D_CalcDepthBufSize
 .text.C3D_SetFrameBuf
                0x001059ec       0x44 C:/devkitPro/libctru/lib\libcitro3d.a(framebuffer.o)
                0x001059ec                C3D_SetFrameBuf
 .text.C3Di_FrameBufBind
                0x00105a30      0x16c C:/devkitPro/libctru/lib\libcitro3d.a(framebuffer.o)
                0x00105a30                C3Di_FrameBufBind
 .text.C3D_FrameBufClear
                0x00105b9c       0xc8 C:/devkitPro/libctru/lib\libcitro3d.a(framebuffer.o)
                0x00105b9c                C3D_FrameBufClear
 .text.C3D_FrameBufTransfer
                0x00105c64       0x44 C:/devkitPro/libctru/lib\libcitro3d.a(framebuffer.o)
                0x00105c64                C3D_FrameBufTransfer
 .text.C3D_ImmSendAttrib
                0x00105ca8       0xa8 C:/devkitPro/libctru/lib\libcitro3d.a(immediate.o)
                0x00105ca8                C3D_ImmSendAttrib
 .text.C3D_ProcTexInit
                0x00105d50       0x70 C:/devkitPro/libctru/lib\libcitro3d.a(proctex.o)
                0x00105d50                C3D_ProcTexInit
 .text.C3D_ProcTexBind
                0x00105dc0       0x54 C:/devkitPro/libctru/lib\libcitro3d.a(proctex.o)
                0x00105dc0                C3D_ProcTexBind
 .text.C3D_ProcTexLutBind
                0x00105e14       0x5c C:/devkitPro/libctru/lib\libcitro3d.a(proctex.o)
                0x00105e14                C3D_ProcTexLutBind
 .text.ProcTexLut_FromArray
                0x00105e70       0xa4 C:/devkitPro/libctru/lib\libcitro3d.a(proctex.o)
                0x00105e70                ProcTexLut_FromArray
 .text.C3Di_ProcTexUpdate
                0x00105f14      0x178 C:/devkitPro/libctru/lib\libcitro3d.a(proctex.o)
                0x00105f14                C3Di_ProcTexUpdate
 .text.C3Di_ProcTexDirty
                0x0010608c       0x68 C:/devkitPro/libctru/lib\libcitro3d.a(proctex.o)
                0x0010608c                C3Di_ProcTexDirty
 .text.onVBlank0
                0x001060f4       0x4c C:/devkitPro/libctru/lib\libcitro3d.a(renderqueue.o)
 .text.onVBlank1
                0x00106140       0x4c C:/devkitPro/libctru/lib\libcitro3d.a(renderqueue.o)
 .text.C3Di_RenderTargetDestroy
                0x0010618c       0x80 C:/devkitPro/libctru/lib\libcitro3d.a(renderqueue.o)
 .text.onQueueFinish
                0x0010620c       0xf4 C:/devkitPro/libctru/lib\libcitro3d.a(renderqueue.o)
 .text.C3Di_RenderQueueEnableVBlank
                0x00106300       0x38 C:/devkitPro/libctru/lib\libcitro3d.a(renderqueue.o)
                0x00106300                C3Di_RenderQueueEnableVBlank
 .text.C3Di_RenderQueueDisableVBlank
                0x00106338       0x30 C:/devkitPro/libctru/lib\libcitro3d.a(renderqueue.o)
                0x00106338                C3Di_RenderQueueDisableVBlank
 .text.C3Di_RenderQueueInit
                0x00106368       0x60 C:/devkitPro/libctru/lib\libcitro3d.a(renderqueue.o)
                0x00106368                C3Di_RenderQueueInit
 .text.C3Di_RenderQueueExit
                0x001063c8       0xb4 C:/devkitPro/libctru/lib\libcitro3d.a(renderqueue.o)
                0x001063c8                C3Di_RenderQueueExit
 .text.C3Di_RenderQueueWaitDone
                0x0010647c       0x34 C:/devkitPro/libctru/lib\libcitro3d.a(renderqueue.o)
                0x0010647c                C3Di_RenderQueueWaitDone
 .text.C3D_FrameBegin
                0x001064b0       0xe8 C:/devkitPro/libctru/lib\libcitro3d.a(renderqueue.o)
                0x001064b0                C3D_FrameBegin
 .text.C3D_FrameDrawOn
                0x00106598       0x48 C:/devkitPro/libctru/lib\libcitro3d.a(renderqueue.o)
                0x00106598                C3D_FrameDrawOn
 .text.C3D_FrameSplit
                0x001065e0       0x58 C:/devkitPro/libctru/lib\libcitro3d.a(renderqueue.o)
                0x001065e0                C3D_FrameSplit
 .text.C3D_FrameEnd
                0x00106638      0x1d0 C:/devkitPro/libctru/lib\libcitro3d.a(renderqueue.o)
                0x00106638                C3D_FrameEnd
 .text.C3D_FrameEndHook
                0x00106808       0x1c C:/devkitPro/libctru/lib\libcitro3d.a(renderqueue.o)
                0x00106808                C3D_FrameEndHook
 .text.C3D_RenderTargetCreate
                0x00106824      0x170 C:/devkitPro/libctru/lib\libcitro3d.a(renderqueue.o)
                0x00106824                C3D_RenderTargetCreate
 .text.C3D_RenderTargetSetOutput
                0x00106994       0xa8 C:/devkitPro/libctru/lib\libcitro3d.a(renderqueue.o)
                0x00106994                C3D_RenderTargetSetOutput
 .text.C3D_SyncTextureCopy
                0x00106a3c       0xfc C:/devkitPro/libctru/lib\libcitro3d.a(renderqueue.o)
                0x00106a3c                C3D_SyncTextureCopy
 .text.Tex3DSi_ImportCommon
                0x00106b38      0x3d8 C:/devkitPro/libctru/lib\libcitro3d.a(tex3ds.o)
 .text.Tex3DS_TextureImportStdio
                0x00106f10       0x38 C:/devkitPro/libctru/lib\libcitro3d.a(tex3ds.o)
                0x00106f10                Tex3DS_TextureImportStdio
 .text.Tex3DS_GetSubTexture
                0x00106f48       0x1c C:/devkitPro/libctru/lib\libcitro3d.a(tex3ds.o)
                0x00106f48                Tex3DS_GetSubTexture
 .text.Tex3DS_TextureFree
                0x00106f64        0x4 C:/devkitPro/libctru/lib\libcitro3d.a(tex3ds.o)
                0x00106f64                Tex3DS_TextureFree
 .text.C3D_GetTexEnv
                0x00106f68       0x34 C:/devkitPro/libctru/lib\libcitro3d.a(texenv.o)
                0x00106f68                C3D_GetTexEnv
 .text.C3Di_TexEnvBind
                0x00106f9c       0x24 C:/devkitPro/libctru/lib\libcitro3d.a(texenv.o)
                0x00106f9c                C3Di_TexEnvBind
 .text.C3D_TexInitWithParams
                0x00106fc0      0x290 C:/devkitPro/libctru/lib\libcitro3d.a(texture.o)
                0x00106fc0                C3D_TexInitWithParams
 .text.C3D_TexLoadImage
                0x00107250       0xc8 C:/devkitPro/libctru/lib\libcitro3d.a(texture.o)
                0x00107250                C3D_TexLoadImage
 .text.C3D_TexBind
                0x00107318       0x44 C:/devkitPro/libctru/lib\libcitro3d.a(texture.o)
                0x00107318                C3D_TexBind
 .text.C3D_TexDelete
                0x0010735c       0x74 C:/devkitPro/libctru/lib\libcitro3d.a(texture.o)
                0x0010735c                C3D_TexDelete
 .text.C3Di_SetTex
                0x001073d0      0x14c C:/devkitPro/libctru/lib\libcitro3d.a(texture.o)
                0x001073d0                C3Di_SetTex
 .text.C3D_UpdateUniforms
                0x0010751c      0x290 C:/devkitPro/libctru/lib\libcitro3d.a(uniforms.o)
                0x0010751c                C3D_UpdateUniforms
 .text.C3Di_DirtyUniforms
                0x001077ac       0xc0 C:/devkitPro/libctru/lib\libcitro3d.a(uniforms.o)
                0x001077ac                C3Di_DirtyUniforms
 .text.C3Di_LoadShaderUniforms
                0x0010786c       0xd8 C:/devkitPro/libctru/lib\libcitro3d.a(uniforms.o)
                0x0010786c                C3Di_LoadShaderUniforms
 .text.C3Di_ClearShaderUniforms
                0x00107944       0x28 C:/devkitPro/libctru/lib\libcitro3d.a(uniforms.o)
                0x00107944                C3Di_ClearShaderUniforms
 .text.Mtx_Ortho
                0x0010796c       0xcc C:/devkitPro/libctru/lib\libcitro3d.a(mtx_ortho.o)
                0x0010796c                Mtx_Ortho
 .text.Mtx_OrthoTilt
                0x00107a38       0xcc C:/devkitPro/libctru/lib\libcitro3d.a(mtx_orthotilt.o)
                0x00107a38                Mtx_OrthoTilt
 .text._ZL21addrMapNodeComparatorPK11rbtree_nodeS1_
                0x00107b04       0x24 C:/devkitPro/libctru/lib\libctru.a(linear.o)
 .text._ZL21addrMapNodeDestructorP11rbtree_node
                0x00107b28        0x4 C:/devkitPro/libctru/lib\libctru.a(linear.o)
 .text.linearMemAlign
                0x00107b2c      0x12c C:/devkitPro/libctru/lib\libctru.a(linear.o)
                0x00107b2c                linearMemAlign
 .text.linearAlloc
                0x00107c58        0x8 C:/devkitPro/libctru/lib\libctru.a(linear.o)
                0x00107c58                linearAlloc
 .text.linearFree
                0x00107c60       0x5c C:/devkitPro/libctru/lib\libctru.a(linear.o)
                0x00107c60                linearFree
 .text._ZN7MemPool13CoalesceRightEP8MemBlock
                0x00107cbc       0x88 C:/devkitPro/libctru/lib\libctru.a(mem_pool.o)
                0x00107cbc                _ZN7MemPool13CoalesceRightEP8MemBlock
 .text._ZN7MemPool8AllocateER8MemChunkmi
                0x00107d44      0x178 C:/devkitPro/libctru/lib\libctru.a(mem_pool.o)
                0x00107d44                _ZN7MemPool8AllocateER8MemChunkmi
 .text._ZN7MemPool10DeallocateERK8MemChunk
                0x00107ebc      0x118 C:/devkitPro/libctru/lib\libctru.a(mem_pool.o)
                0x00107ebc                _ZN7MemPool10DeallocateERK8MemChunk
 .text._ZN7MemPool12GetFreeSpaceEv
                0x00107fd4       0x30 C:/devkitPro/libctru/lib\libctru.a(mem_pool.o)
                0x00107fd4                _ZN7MemPool12GetFreeSpaceEv
 .text._ZL21addrMapNodeComparatorPK11rbtree_nodeS1_
                0x00108004       0x24 C:/devkitPro/libctru/lib\libctru.a(vram.o)
 .text._ZL21addrMapNodeDestructorP11rbtree_node
                0x00108028        0x4 C:/devkitPro/libctru/lib\libctru.a(vram.o)
 .text.vramMemAlignAt
                0x0010802c      0x248 C:/devkitPro/libctru/lib\libctru.a(vram.o)
                0x0010802c                vramMemAlignAt
 .text.vramAlloc
                0x00108274        0xc C:/devkitPro/libctru/lib\libctru.a(vram.o)
                0x00108274                vramAlloc
 .text.vramAllocAt
                0x00108280        0xc C:/devkitPro/libctru/lib\libctru.a(vram.o)
                0x00108280                vramAllocAt
 .text.vramFree
                0x0010828c       0x94 C:/devkitPro/libctru/lib\libctru.a(vram.o)
                0x0010828c                vramFree
 .text.consoleDrawChar
                0x00108320      0x1c8 C:/devkitPro/libctru/lib\libctru.a(console.o)
                0x00108320                consoleDrawChar
 .text.consolePrintChar
                0x001084e8      0x170 C:/devkitPro/libctru/lib\libctru.a(console.o)
                0x001084e8                consolePrintChar
 .text.con_write
                0x00108658      0xcc8 C:/devkitPro/libctru/lib\libctru.a(console.o)
                0x00108658                con_write
 .text.newRow   0x00109320       0xfc C:/devkitPro/libctru/lib\libctru.a(console.o)
 .text.consoleInit
                0x0010941c      0x180 C:/devkitPro/libctru/lib\libctru.a(console.o)
                0x0010941c                consoleInit
 .text.consoleClear
                0x0010959c       0xb8 C:/devkitPro/libctru/lib\libctru.a(console.o)
                0x0010959c                consoleClear
 .text.fontEnsureMapped
                0x00109654       0x9c C:/devkitPro/libctru/lib\libctru.a(font.o)
                0x00109654                fontEnsureMapped
 .text.fontGlyphIndexFromCodePoint
                0x001096f0      0x100 C:/devkitPro/libctru/lib\libctru.a(font.o)
                0x001096f0                fontGlyphIndexFromCodePoint
 .text.fontCalcGlyphPos
                0x001097f0      0x214 C:/devkitPro/libctru/lib\libctru.a(font.o)
                0x001097f0                fontCalcGlyphPos
 .text.gfxPresentFramebuffer
                0x00109a04       0xcc C:/devkitPro/libctru/lib\libctru.a(gfx.o)
 .text.gfxIsWide
                0x00109ad0       0x1c C:/devkitPro/libctru/lib\libctru.a(gfx.o)
                0x00109ad0                gfxIsWide
 .text.gfxSetScreenFormat
                0x00109aec       0xf8 C:/devkitPro/libctru/lib\libctru.a(gfx.o)
                0x00109aec                gfxSetScreenFormat
 .text.gfxSetDoubleBuffering
                0x00109be4       0x10 C:/devkitPro/libctru/lib\libctru.a(gfx.o)
                0x00109be4                gfxSetDoubleBuffering
 .text.gfxInit  0x00109bf4       0xd8 C:/devkitPro/libctru/lib\libctru.a(gfx.o)
                0x00109bf4                gfxInit
 .text.gfxInitDefault
                0x00109ccc       0x10 C:/devkitPro/libctru/lib\libctru.a(gfx.o)
                0x00109ccc                gfxInitDefault
 .text.gfxExit  0x00109cdc       0xb8 C:/devkitPro/libctru/lib\libctru.a(gfx.o)
                0x00109cdc                gfxExit
 .text.gfxGetFramebuffer
                0x00109d94       0xa0 C:/devkitPro/libctru/lib\libctru.a(gfx.o)
                0x00109d94                gfxGetFramebuffer
 .text.gfxFlushBuffers
                0x00109e34      0x100 C:/devkitPro/libctru/lib\libctru.a(gfx.o)
                0x00109e34                gfxFlushBuffers
 .text.gfxScreenSwapBuffers
                0x00109f34       0x28 C:/devkitPro/libctru/lib\libctru.a(gfx.o)
                0x00109f34                gfxScreenSwapBuffers
 .text.gfxSwapBuffers
                0x00109f5c       0x50 C:/devkitPro/libctru/lib\libctru.a(gfx.o)
                0x00109f5c                gfxSwapBuffers
 .text.gfxSwapBuffersGpu
                0x00109fac       0x50 C:/devkitPro/libctru/lib\libctru.a(gfx.o)
                0x00109fac                gfxSwapBuffersGpu
 .text.osConvertVirtToPhys
                0x00109ffc       0x74 C:/devkitPro/libctru/lib\libctru.a(os.o)
                0x00109ffc                osConvertVirtToPhys
 .text.osGetTimeRef
                0x0010a070       0x54 C:/devkitPro/libctru/lib\libctru.a(os.o)
                0x0010a070                osGetTimeRef
 .text.osGetTime
                0x0010a0c4       0xec C:/devkitPro/libctru/lib\libctru.a(os.o)
                0x0010a0c4                osGetTime
 .text.__ctru_speedup_config
                0x0010a1b0       0x34 C:/devkitPro/libctru/lib\libctru.a(os.o)
                0x0010a1b0                __ctru_speedup_config
 .text.romfs_close
                0x0010a1e4        0x8 C:/devkitPro/libctru/lib\libctru.a(romfs_dev.o)
 .text.romfs_seek
                0x0010a1ec       0xac C:/devkitPro/libctru/lib\libctru.a(romfs_dev.o)
 .text.romfs_dirreset
                0x0010a298       0x24 C:/devkitPro/libctru/lib\libctru.a(romfs_dev.o)
 .text.fill_dir
                0x0010a2bc       0xc0 C:/devkitPro/libctru/lib\libctru.a(romfs_dev.o)
 .text.romfs_dirnext
                0x0010a37c      0x2ac C:/devkitPro/libctru/lib\libctru.a(romfs_dev.o)
 .text.romfs_free
                0x0010a628       0x74 C:/devkitPro/libctru/lib\libctru.a(romfs_dev.o)
 .text.searchForFile.constprop.0
                0x0010a69c       0xd0 C:/devkitPro/libctru/lib\libctru.a(romfs_dev.o)
 .text.searchForDir.constprop.0
                0x0010a76c       0xd4 C:/devkitPro/libctru/lib\libctru.a(romfs_dev.o)
 .text.navigateToDir.constprop.0
                0x0010a840      0x1c0 C:/devkitPro/libctru/lib\libctru.a(romfs_dev.o)
 .text.romfs_open
                0x0010aa00      0x114 C:/devkitPro/libctru/lib\libctru.a(romfs_dev.o)
 .text.romfs_chdir
                0x0010ab14       0x4c C:/devkitPro/libctru/lib\libctru.a(romfs_dev.o)
 .text.romfs_diropen
                0x0010ab60       0x68 C:/devkitPro/libctru/lib\libctru.a(romfs_dev.o)
 .text.romfs_stat
                0x0010abc8      0x178 C:/devkitPro/libctru/lib\libctru.a(romfs_dev.o)
 .text.romfs_dirclose
                0x0010ad40        0x8 C:/devkitPro/libctru/lib\libctru.a(romfs_dev.o)
 .text.romfs_fstat
                0x0010ad48       0x7c C:/devkitPro/libctru/lib\libctru.a(romfs_dev.o)
 .text.romfs_read
                0x0010adc4       0xd0 C:/devkitPro/libctru/lib\libctru.a(romfs_dev.o)
 .text.romfsMountFromFile
                0x0010ae94      0x294 C:/devkitPro/libctru/lib\libctru.a(romfs_dev.o)
                0x0010ae94                romfsMountFromFile
 .text.romfsMountFromCurrentProcess
                0x0010b128       0x98 C:/devkitPro/libctru/lib\libctru.a(romfs_dev.o)
                0x0010b128                romfsMountFromCurrentProcess
 .text.romfsMountSelf
                0x0010b1c0      0x258 C:/devkitPro/libctru/lib\libctru.a(romfs_dev.o)
                0x0010b1c0                romfsMountSelf
 .text.romfsUnmount
                0x0010b418       0xa0 C:/devkitPro/libctru/lib\libctru.a(romfs_dev.o)
                0x0010b418                romfsUnmount
 .text.GPUCMD_Add
                0x0010b4b8      0x13c C:/devkitPro/libctru/lib\libctru.a(gpu.o)
                0x0010b4b8                GPUCMD_Add
 .text.GPUCMD_Split
                0x0010b5f4       0xb0 C:/devkitPro/libctru/lib\libctru.a(gpu.o)
                0x0010b5f4                GPUCMD_Split
 .text.f32tof16
                0x0010b6a4       0x34 C:/devkitPro/libctru/lib\libctru.a(gpu.o)
                0x0010b6a4                f32tof16
 .text.f32tof24
                0x0010b6d8       0x34 C:/devkitPro/libctru/lib\libctru.a(gpu.o)
                0x0010b6d8                f32tof24
 .text.f32tof31
                0x0010b70c       0x38 C:/devkitPro/libctru/lib\libctru.a(gpu.o)
                0x0010b70c                f32tof31
 .text.GX_BindQueue
                0x0010b744       0x10 C:/devkitPro/libctru/lib\libctru.a(gx.o)
                0x0010b744                GX_BindQueue
 .text.GX_ProcessCommandList
                0x0010b754       0x7c C:/devkitPro/libctru/lib\libctru.a(gx.o)
                0x0010b754                GX_ProcessCommandList
 .text.GX_MemoryFill
                0x0010b7d0       0x74 C:/devkitPro/libctru/lib\libctru.a(gx.o)
                0x0010b7d0                GX_MemoryFill
 .text.GX_DisplayTransfer
                0x0010b844       0x74 C:/devkitPro/libctru/lib\libctru.a(gx.o)
                0x0010b844                GX_DisplayTransfer
 .text.GX_TextureCopy
                0x0010b8b8       0x78 C:/devkitPro/libctru/lib\libctru.a(gx.o)
                0x0010b8b8                GX_TextureCopy
 .text.gxCmdQueueDoCommands.part.0
                0x0010b930       0x64 C:/devkitPro/libctru/lib\libctru.a(gxqueue.o)
 .text.gxCmdQueueInterrupt
                0x0010b994       0xe4 C:/devkitPro/libctru/lib\libctru.a(gxqueue.o)
                0x0010b994                gxCmdQueueInterrupt
 .text.gxCmdQueueClear
                0x0010ba78       0x68 C:/devkitPro/libctru/lib\libctru.a(gxqueue.o)
                0x0010ba78                gxCmdQueueClear
 .text.gxCmdQueueAdd
                0x0010bae0      0x108 C:/devkitPro/libctru/lib\libctru.a(gxqueue.o)
                0x0010bae0                gxCmdQueueAdd
 .text.gxCmdQueueRun
                0x0010bbe8       0x80 C:/devkitPro/libctru/lib\libctru.a(gxqueue.o)
                0x0010bbe8                gxCmdQueueRun
 .text.gxCmdQueueStop
                0x0010bc68       0x64 C:/devkitPro/libctru/lib\libctru.a(gxqueue.o)
                0x0010bc68                gxCmdQueueStop
 .text.gxCmdQueueWait
                0x0010bccc       0xac C:/devkitPro/libctru/lib\libctru.a(gxqueue.o)
                0x0010bccc                gxCmdQueueWait
 .text.shaderInstanceInit
                0x0010bd78      0x1e0 C:/devkitPro/libctru/lib\libctru.a(shaderProgram.o)
                0x0010bd78                shaderInstanceInit
 .text.shaderInstanceGetUniformLocation
                0x0010bf58       0x18 C:/devkitPro/libctru/lib\libctru.a(shaderProgram.o)
                0x0010bf58                shaderInstanceGetUniformLocation
 .text.shaderProgramInit
                0x0010bf70       0x1c C:/devkitPro/libctru/lib\libctru.a(shaderProgram.o)
                0x0010bf70                shaderProgramInit
 .text.shaderProgramFree
                0x0010bf8c       0x74 C:/devkitPro/libctru/lib\libctru.a(shaderProgram.o)
                0x0010bf8c                shaderProgramFree
 .text.shaderProgramSetVsh
                0x0010c000       0x94 C:/devkitPro/libctru/lib\libctru.a(shaderProgram.o)
                0x0010c000                shaderProgramSetVsh
 .text.shaderProgramConfigure
                0x0010c094      0x8d0 C:/devkitPro/libctru/lib\libctru.a(shaderProgram.o)
                0x0010c094                shaderProgramConfigure
 .text.DVLE_GenerateOutmap.part.0
                0x0010c964      0x1dc C:/devkitPro/libctru/lib\libctru.a(shbin.o)
 .text.DVLB_ParseFile
                0x0010cb40      0x1ac C:/devkitPro/libctru/lib\libctru.a(shbin.o)
                0x0010cb40                DVLB_ParseFile
 .text.DVLB_Free
                0x0010ccec       0x50 C:/devkitPro/libctru/lib\libctru.a(shbin.o)
                0x0010ccec                DVLB_Free
 .text.DVLE_GetUniformRegister
                0x0010cd3c       0x74 C:/devkitPro/libctru/lib\libctru.a(shbin.o)
                0x0010cd3c                DVLE_GetUniformRegister
 .text.ndspUpdateMaster
                0x0010cdb0      0x158 C:/devkitPro/libctru/lib\libctru.a(ndsp.o)
 .text.ndspFinalize
                0x0010cf08      0x108 C:/devkitPro/libctru/lib\libctru.a(ndsp.o)
 .text.ndspInitialize.part.0
                0x0010d010      0x25c C:/devkitPro/libctru/lib\libctru.a(ndsp.o)
 .text.ndspHookCallback
                0x0010d26c      0x108 C:/devkitPro/libctru/lib\libctru.a(ndsp.o)
 *fill*         0x0010d374        0x4 
 .text.ndspThreadMain
                0x0010d378      0x318 C:/devkitPro/libctru/lib\libctru.a(ndsp.o)
 .text.ndspInit
                0x0010d690      0x3f0 C:/devkitPro/libctru/lib\libctru.a(ndsp.o)
                0x0010d690                ndspInit
 .text.ndspExit
                0x0010da80       0xd8 C:/devkitPro/libctru/lib\libctru.a(ndsp.o)
                0x0010da80                ndspExit
 .text.ndspSetOutputMode
                0x0010db58       0x34 C:/devkitPro/libctru/lib\libctru.a(ndsp.o)
                0x0010db58                ndspSetOutputMode
 .text.ndspChnReset
                0x0010db8c       0xe0 C:/devkitPro/libctru/lib\libctru.a(ndsp-channel.o)
                0x0010db8c                ndspChnReset
 .text.ndspChnSetFormat
                0x0010dc6c       0x18 C:/devkitPro/libctru/lib\libctru.a(ndsp-channel.o)
                0x0010dc6c                ndspChnSetFormat
 .text.ndspChnSetInterp
                0x0010dc84       0x50 C:/devkitPro/libctru/lib\libctru.a(ndsp-channel.o)
                0x0010dc84                ndspChnSetInterp
 .text.ndspChnSetRate
                0x0010dcd4       0x60 C:/devkitPro/libctru/lib\libctru.a(ndsp-channel.o)
                0x0010dcd4                ndspChnSetRate
 .text.ndspChnWaveBufAdd
                0x0010dd34       0xc8 C:/devkitPro/libctru/lib\libctru.a(ndsp-channel.o)
                0x0010dd34                ndspChnWaveBufAdd
 .text.ndspiInitChn
                0x0010ddfc       0x40 C:/devkitPro/libctru/lib\libctru.a(ndsp-channel.o)
                0x0010ddfc                ndspiInitChn
 .text.ndspiDirtyChn
                0x0010de3c       0x2c C:/devkitPro/libctru/lib\libctru.a(ndsp-channel.o)
                0x0010de3c                ndspiDirtyChn
 .text.ndspiUpdateChn
                0x0010de68      0x43c C:/devkitPro/libctru/lib\libctru.a(ndsp-channel.o)
                0x0010de68                ndspiUpdateChn
 .text.ndspiReadChnState
                0x0010e2a4      0x180 C:/devkitPro/libctru/lib\libctru.a(ndsp-channel.o)
                0x0010e2a4                ndspiReadChnState
 .text.aptConvertScreenForCapture
                0x0010e424      0x180 C:/devkitPro/libctru/lib\libctru.a(apt.o)
 .text.aptSendCommand
                0x0010e5a4      0x138 C:/devkitPro/libctru/lib\libctru.a(apt.o)
                0x0010e5a4                aptSendCommand
 *fill*         0x0010e6dc        0x4 
 .text.aptExitProcess
                0x0010e6e0       0x44 C:/devkitPro/libctru/lib\libctru.a(apt.o)
 .text.aptExit  0x0010e724      0x394 C:/devkitPro/libctru/lib\libctru.a(apt.o)
                0x0010e724                aptExit
 .text.aptHandleSleep
                0x0010eab8       0xd8 C:/devkitPro/libctru/lib\libctru.a(apt.o)
                0x0010eab8                aptHandleSleep
 .text.aptHook  0x0010eb90       0x34 C:/devkitPro/libctru/lib\libctru.a(apt.o)
                0x0010eb90                aptHook
 .text.aptUnhook
                0x0010ebc4       0x30 C:/devkitPro/libctru/lib\libctru.a(apt.o)
                0x0010ebc4                aptUnhook
 .text.APT_SleepIfShellClosed
                0x0010ebf4       0x84 C:/devkitPro/libctru/lib\libctru.a(apt.o)
                0x0010ebf4                APT_SleepIfShellClosed
 .text.aptSetSleepAllowed
                0x0010ec78       0x78 C:/devkitPro/libctru/lib\libctru.a(apt.o)
                0x0010ec78                aptSetSleepAllowed
 .text.APT_UnlockTransition
                0x0010ecf0       0x84 C:/devkitPro/libctru/lib\libctru.a(apt.o)
                0x0010ecf0                APT_UnlockTransition
 *fill*         0x0010ed74        0x4 
 .text.aptEventHandler
                0x0010ed78      0x470 C:/devkitPro/libctru/lib\libctru.a(apt.o)
 .text.APT_ReceiveParameter
                0x0010f1e8       0xbc C:/devkitPro/libctru/lib\libctru.a(apt.o)
                0x0010f1e8                APT_ReceiveParameter
 .text.aptReceiveParameter.constprop.0
                0x0010f2a4       0xb0 C:/devkitPro/libctru/lib\libctru.a(apt.o)
 *fill*         0x0010f354        0x4 
 .text.aptScreenTransfer
                0x0010f358      0x294 C:/devkitPro/libctru/lib\libctru.a(apt.o)
 .text.aptWaitForWakeUp.isra.0
                0x0010f5ec      0x2d0 C:/devkitPro/libctru/lib\libctru.a(apt.o)
 .text.aptLaunchLibraryApplet
                0x0010f8bc      0x114 C:/devkitPro/libctru/lib\libctru.a(apt.o)
                0x0010f8bc                aptLaunchLibraryApplet
 .text.aptJumpToHomeMenu
                0x0010f9d0       0xf4 C:/devkitPro/libctru/lib\libctru.a(apt.o)
                0x0010f9d0                aptJumpToHomeMenu
 .text.aptMainLoop
                0x0010fac4       0x58 C:/devkitPro/libctru/lib\libctru.a(apt.o)
                0x0010fac4                aptMainLoop
 .text.aptInit  0x0010fb1c      0x240 C:/devkitPro/libctru/lib\libctru.a(apt.o)
                0x0010fb1c                aptInit
 .text.APT_CheckNew3DS
                0x0010fd5c       0x90 C:/devkitPro/libctru/lib\libctru.a(apt.o)
                0x0010fd5c                APT_CheckNew3DS
 .text.APT_GetSharedFont
                0x0010fdec       0x48 C:/devkitPro/libctru/lib\libctru.a(apt.o)
                0x0010fdec                APT_GetSharedFont
 .text.cfguInit
                0x0010fe34       0xa8 C:/devkitPro/libctru/lib\libctru.a(cfgu.o)
                0x0010fe34                cfguInit
 .text.cfguExit
                0x0010fedc       0x3c C:/devkitPro/libctru/lib\libctru.a(cfgu.o)
                0x0010fedc                cfguExit
 .text.CFGU_GetConfigInfoBlk2
                0x0010ff18       0x4c C:/devkitPro/libctru/lib\libctru.a(cfgu.o)
                0x0010ff18                CFGU_GetConfigInfoBlk2
 .text.DSP_LoadComponent.part.0
                0x0010ff64       0xa4 C:/devkitPro/libctru/lib\libctru.a(dsp.o)
 .text.dspInit  0x00110008       0xfc C:/devkitPro/libctru/lib\libctru.a(dsp.o)
                0x00110008                dspInit
 .text.dspExit  0x00110104       0x8c C:/devkitPro/libctru/lib\libctru.a(dsp.o)
                0x00110104                dspExit
 .text.dspHook  0x00110190       0x24 C:/devkitPro/libctru/lib\libctru.a(dsp.o)
                0x00110190                dspHook
 .text.dspUnhook
                0x001101b4       0x30 C:/devkitPro/libctru/lib\libctru.a(dsp.o)
                0x001101b4                dspUnhook
 .text.aptDspSleep
                0x001101e4       0xb4 C:/devkitPro/libctru/lib\libctru.a(dsp.o)
                0x001101e4                aptDspSleep
 .text.aptDspWakeup
                0x00110298       0xb4 C:/devkitPro/libctru/lib\libctru.a(dsp.o)
                0x00110298                aptDspWakeup
 .text.aptDspCancel
                0x0011034c       0x44 C:/devkitPro/libctru/lib\libctru.a(dsp.o)
                0x0011034c                aptDspCancel
 .text.DSP_FlushDataCache
                0x00110390       0x50 C:/devkitPro/libctru/lib\libctru.a(dsp.o)
                0x00110390                DSP_FlushDataCache
 .text.DSP_SetSemaphore
                0x001103e0       0x34 C:/devkitPro/libctru/lib\libctru.a(dsp.o)
                0x001103e0                DSP_SetSemaphore
 .text.DSP_SetSemaphoreMask
                0x00110414       0x34 C:/devkitPro/libctru/lib\libctru.a(dsp.o)
                0x00110414                DSP_SetSemaphoreMask
 .text.DSP_GetSemaphoreHandle
                0x00110448       0x38 C:/devkitPro/libctru/lib\libctru.a(dsp.o)
                0x00110448                DSP_GetSemaphoreHandle
 .text.DSP_LoadComponent
                0x00110480       0x3c C:/devkitPro/libctru/lib\libctru.a(dsp.o)
                0x00110480                DSP_LoadComponent
 .text.DSP_RegisterInterruptEvents
                0x001104bc       0x44 C:/devkitPro/libctru/lib\libctru.a(dsp.o)
                0x001104bc                DSP_RegisterInterruptEvents
 .text.DSP_ReadPipeIfPossible
                0x00110500       0x78 C:/devkitPro/libctru/lib\libctru.a(dsp.o)
                0x00110500                DSP_ReadPipeIfPossible
 .text.DSP_WriteProcessPipe
                0x00110578       0x4c C:/devkitPro/libctru/lib\libctru.a(dsp.o)
                0x00110578                DSP_WriteProcessPipe
 .text.DSP_ConvertProcessAddressFromDspDram
                0x001105c4       0x44 C:/devkitPro/libctru/lib\libctru.a(dsp.o)
                0x001105c4                DSP_ConvertProcessAddressFromDspDram
 .text.DSP_RecvData
                0x00110608       0x44 C:/devkitPro/libctru/lib\libctru.a(dsp.o)
                0x00110608                DSP_RecvData
 .text.DSP_RecvDataIsReady
                0x0011064c       0x50 C:/devkitPro/libctru/lib\libctru.a(dsp.o)
                0x0011064c                DSP_RecvDataIsReady
 .text.fsInit   0x0011069c      0x104 C:/devkitPro/libctru/lib\libctru.a(fs.o)
                0x0011069c                fsInit
 .text.fsExit   0x001107a0       0x3c C:/devkitPro/libctru/lib\libctru.a(fs.o)
                0x001107a0                fsExit
 .text.fsExemptFromSession
                0x001107dc       0x68 C:/devkitPro/libctru/lib\libctru.a(fs.o)
                0x001107dc                fsExemptFromSession
 .text.fsUnexemptFromSession
                0x00110844       0x50 C:/devkitPro/libctru/lib\libctru.a(fs.o)
                0x00110844                fsUnexemptFromSession
 .text.FSUSER_OpenFile
                0x00110894       0xcc C:/devkitPro/libctru/lib\libctru.a(fs.o)
                0x00110894                FSUSER_OpenFile
 .text.FSUSER_OpenFileDirectly
                0x00110960       0xcc C:/devkitPro/libctru/lib\libctru.a(fs.o)
                0x00110960                FSUSER_OpenFileDirectly
 .text.FSUSER_DeleteFile
                0x00110a2c       0xb8 C:/devkitPro/libctru/lib\libctru.a(fs.o)
                0x00110a2c                FSUSER_DeleteFile
 .text.FSUSER_RenameFile
                0x00110ae4       0xf4 C:/devkitPro/libctru/lib\libctru.a(fs.o)
                0x00110ae4                FSUSER_RenameFile
 .text.FSUSER_DeleteDirectory
                0x00110bd8       0xb8 C:/devkitPro/libctru/lib\libctru.a(fs.o)
                0x00110bd8                FSUSER_DeleteDirectory
 .text.FSUSER_CreateFile
                0x00110c90       0xd0 C:/devkitPro/libctru/lib\libctru.a(fs.o)
                0x00110c90                FSUSER_CreateFile
 .text.FSUSER_CreateDirectory
                0x00110d60       0xc0 C:/devkitPro/libctru/lib\libctru.a(fs.o)
                0x00110d60                FSUSER_CreateDirectory
 .text.FSUSER_RenameDirectory
                0x00110e20       0xf4 C:/devkitPro/libctru/lib\libctru.a(fs.o)
                0x00110e20                FSUSER_RenameDirectory
 .text.FSUSER_OpenDirectory
                0x00110f14       0xb4 C:/devkitPro/libctru/lib\libctru.a(fs.o)
                0x00110f14                FSUSER_OpenDirectory
 .text.FSUSER_OpenArchive
                0x00110fc8       0x90 C:/devkitPro/libctru/lib\libctru.a(fs.o)
                0x00110fc8                FSUSER_OpenArchive
 .text.FSUSER_CloseArchive
                0x00111058       0x8c C:/devkitPro/libctru/lib\libctru.a(fs.o)
                0x00111058                FSUSER_CloseArchive
 .text.FSUSER_GetSdmcArchiveResource
                0x001110e4       0x74 C:/devkitPro/libctru/lib\libctru.a(fs.o)
                0x001110e4                FSUSER_GetSdmcArchiveResource
 .text.FSUSER_IsSdmcWritable
                0x00111158       0x64 C:/devkitPro/libctru/lib\libctru.a(fs.o)
                0x00111158                FSUSER_IsSdmcWritable
 .text.FSFILE_Read
                0x001111bc       0x64 C:/devkitPro/libctru/lib\libctru.a(fs.o)
                0x001111bc                FSFILE_Read
 .text.FSFILE_Write
                0x00111220       0x6c C:/devkitPro/libctru/lib\libctru.a(fs.o)
                0x00111220                FSFILE_Write
 .text.FSFILE_GetSize
                0x0011128c       0x44 C:/devkitPro/libctru/lib\libctru.a(fs.o)
                0x0011128c                FSFILE_GetSize
 .text.FSFILE_SetSize
                0x001112d0       0x28 C:/devkitPro/libctru/lib\libctru.a(fs.o)
                0x001112d0                FSFILE_SetSize
 .text.FSFILE_Close
                0x001112f8       0x3c C:/devkitPro/libctru/lib\libctru.a(fs.o)
                0x001112f8                FSFILE_Close
 .text.FSFILE_Flush
                0x00111334       0x24 C:/devkitPro/libctru/lib\libctru.a(fs.o)
                0x00111334                FSFILE_Flush
 .text.FSDIR_Read
                0x00111358       0x60 C:/devkitPro/libctru/lib\libctru.a(fs.o)
                0x00111358                FSDIR_Read
 .text.FSDIR_Close
                0x001113b8       0x3c C:/devkitPro/libctru/lib\libctru.a(fs.o)
                0x001113b8                FSDIR_Close
 .text.gspHardwareInit
                0x001113f4      0xc70 C:/devkitPro/libctru/lib\libctru.a(gspgpu.o)
 .text.gspInit  0x00112064      0x288 C:/devkitPro/libctru/lib\libctru.a(gspgpu.o)
                0x00112064                gspInit
 .text.gspExit  0x001122ec      0x104 C:/devkitPro/libctru/lib\libctru.a(gspgpu.o)
                0x001122ec                gspExit
 .text.gspHasGpuRight
                0x001123f0       0x10 C:/devkitPro/libctru/lib\libctru.a(gspgpu.o)
                0x001123f0                gspHasGpuRight
 .text.gspPresentBuffer
                0x00112400       0xa4 C:/devkitPro/libctru/lib\libctru.a(gspgpu.o)
                0x00112400                gspPresentBuffer
 .text.gspSetEventCallback
                0x001124a4       0x30 C:/devkitPro/libctru/lib\libctru.a(gspgpu.o)
                0x001124a4                gspSetEventCallback
 .text.gspWaitForEvent
                0x001124d4       0x50 C:/devkitPro/libctru/lib\libctru.a(gspgpu.o)
                0x001124d4                gspWaitForEvent
 .text.gspWaitForAnyEvent
                0x00112524       0x4c C:/devkitPro/libctru/lib\libctru.a(gspgpu.o)
                0x00112524                gspWaitForAnyEvent
 .text.gspEventThreadMain
                0x00112570      0x154 C:/devkitPro/libctru/lib\libctru.a(gspgpu.o)
 .text.gspSubmitGxCommand
                0x001126c4      0x12c C:/devkitPro/libctru/lib\libctru.a(gspgpu.o)
                0x001126c4                gspSubmitGxCommand
 .text.GSPGPU_FlushDataCache
                0x001127f0       0x50 C:/devkitPro/libctru/lib\libctru.a(gspgpu.o)
                0x001127f0                GSPGPU_FlushDataCache
 .text.GSPGPU_SetLcdForceBlack
                0x00112840       0x34 C:/devkitPro/libctru/lib\libctru.a(gspgpu.o)
                0x00112840                GSPGPU_SetLcdForceBlack
 .text.GSPGPU_AcquireRight
                0x00112874       0x84 C:/devkitPro/libctru/lib\libctru.a(gspgpu.o)
                0x00112874                GSPGPU_AcquireRight
 .text.GSPGPU_ReleaseRight
                0x001128f8       0x64 C:/devkitPro/libctru/lib\libctru.a(gspgpu.o)
                0x001128f8                GSPGPU_ReleaseRight
 .text.GSPGPU_ImportDisplayCaptureInfo
                0x0011295c       0x7c C:/devkitPro/libctru/lib\libctru.a(gspgpu.o)
                0x0011295c                GSPGPU_ImportDisplayCaptureInfo
 .text.GSPGPU_SaveVramSysArea
                0x001129d8       0x2c C:/devkitPro/libctru/lib\libctru.a(gspgpu.o)
                0x001129d8                GSPGPU_SaveVramSysArea
 .text.GSPGPU_RestoreVramSysArea
                0x00112a04       0x2c C:/devkitPro/libctru/lib\libctru.a(gspgpu.o)
                0x00112a04                GSPGPU_RestoreVramSysArea
 .text.hidShouldUseIrrst
                0x00112a30       0x24 C:/devkitPro/libctru/lib\libctru.a(hid.o)
                0x00112a30                hidShouldUseIrrst
 .text.hidInit  0x00112a54      0x1cc C:/devkitPro/libctru/lib\libctru.a(hid.o)
                0x00112a54                hidInit
 .text.hidExit  0x00112c20       0xe8 C:/devkitPro/libctru/lib\libctru.a(hid.o)
                0x00112c20                hidExit
 .text.hidScanInput
                0x00112d08      0x2a0 C:/devkitPro/libctru/lib\libctru.a(hid.o)
                0x00112d08                hidScanInput
 .text.hidKeysHeld
                0x00112fa8       0x10 C:/devkitPro/libctru/lib\libctru.a(hid.o)
                0x00112fa8                hidKeysHeld
 .text.hidKeysDown
                0x00112fb8       0x10 C:/devkitPro/libctru/lib\libctru.a(hid.o)
                0x00112fb8                hidKeysDown
 .text.irrstInit
                0x00112fc8      0x1a4 C:/devkitPro/libctru/lib\libctru.a(irrst.o)
                0x00112fc8                irrstInit
 .text.irrstExit
                0x0011316c       0xdc C:/devkitPro/libctru/lib\libctru.a(irrst.o)
                0x0011316c                irrstExit
 .text.irrstScanInput
                0x00113248       0xb4 C:/devkitPro/libctru/lib\libctru.a(irrst.o)
                0x00113248                irrstScanInput
 .text.irrstKeysHeld
                0x001132fc       0x24 C:/devkitPro/libctru/lib\libctru.a(irrst.o)
                0x001132fc                irrstKeysHeld
 .text.ptmSysmInit
                0x00113320       0x78 C:/devkitPro/libctru/lib\libctru.a(ptmsysm.o)
                0x00113320                ptmSysmInit
 .text.ptmSysmExit
                0x00113398       0x3c C:/devkitPro/libctru/lib\libctru.a(ptmsysm.o)
                0x00113398                ptmSysmExit
 .text.PTMSYSM_ConfigureNew3DSCPU
                0x001133d4       0x34 C:/devkitPro/libctru/lib\libctru.a(ptmsysm.o)
                0x001133d4                PTMSYSM_ConfigureNew3DSCPU
 .text.miiSelectorInit
                0x00113408       0x40 C:/devkitPro/libctru/lib\libctru.a(miiselector.o)
                0x00113408                miiSelectorInit
 .text.miiSelectorLaunch
                0x00113448       0x60 C:/devkitPro/libctru/lib\libctru.a(miiselector.o)
                0x00113448                miiSelectorLaunch
 .text.miiSelectorSetTitle
                0x001134a8       0x64 C:/devkitPro/libctru/lib\libctru.a(miiselector.o)
                0x001134a8                miiSelectorSetTitle
 .text.miiSelectorSetOptions
                0x0011350c       0x30 C:/devkitPro/libctru/lib\libctru.a(miiselector.o)
                0x0011350c                miiSelectorSetOptions
 .text.miiSelectorBlacklistUserMii
                0x0011353c       0x30 C:/devkitPro/libctru/lib\libctru.a(miiselector.o)
                0x0011353c                miiSelectorBlacklistUserMii
 .text.miiSelectorReturnGetName
                0x0011356c       0xb4 C:/devkitPro/libctru/lib\libctru.a(miiselector.o)
                0x0011356c                miiSelectorReturnGetName
 .text.miiSelectorChecksumIsValid
                0x00113620       0x84 C:/devkitPro/libctru/lib\libctru.a(miiselector.o)
                0x00113620                miiSelectorChecksumIsValid
 .text.buffer_read
                0x001136a4       0xe0 C:/devkitPro/libctru/lib\libctru.a(decompress.o)
 .text.iov_read
                0x00113784       0xcc C:/devkitPro/libctru/lib\libctru.a(decompress.o)
 .text.iov_memmove
                0x00113850      0x164 C:/devkitPro/libctru/lib\libctru.a(decompress.o)
 .text.decompress_rle
                0x001139b4      0x1e0 C:/devkitPro/libctru/lib\libctru.a(decompress.o)
 .text.decompress_lzss
                0x00113b94      0x264 C:/devkitPro/libctru/lib\libctru.a(decompress.o)
 .text.decompress_lz11
                0x00113df8      0x418 C:/devkitPro/libctru/lib\libctru.a(decompress.o)
 .text.decompress_huff.isra.0
                0x00114210      0x33c C:/devkitPro/libctru/lib\libctru.a(decompress.o)
 .text.decompressCallback_Stdio
                0x0011454c       0x10 C:/devkitPro/libctru/lib\libctru.a(decompress.o)
                0x0011454c                decompressCallback_Stdio
 .text.decompressHeader
                0x0011455c       0xe4 C:/devkitPro/libctru/lib\libctru.a(decompress.o)
                0x0011455c                decompressHeader
 .text.decompressV
                0x00114640      0x21c C:/devkitPro/libctru/lib\libctru.a(decompress.o)
                0x00114640                decompressV
 .text.rbtree_find
                0x0011485c       0x74 C:/devkitPro/libctru/lib\libctru.a(rbtree_find.o)
                0x0011485c                rbtree_find
 .text.rbtree_init
                0x001148d0       0x10 C:/devkitPro/libctru/lib\libctru.a(rbtree_init.o)
                0x001148d0                rbtree_init
 .text.do_insert
                0x001148e0      0x198 C:/devkitPro/libctru/lib\libctru.a(rbtree_insert.o)
 .text.rbtree_insert
                0x00114a78        0x8 C:/devkitPro/libctru/lib\libctru.a(rbtree_insert.o)
                0x00114a78                rbtree_insert
 .text.rbtree_remove
                0x00114a80      0x310 C:/devkitPro/libctru/lib\libctru.a(rbtree_remove.o)
                0x00114a80                rbtree_remove
 .text.rbtree_rotate
                0x00114d90       0x90 C:/devkitPro/libctru/lib\libctru.a(rbtree_rotate.o)
                0x00114d90                rbtree_rotate
 .text.decode_utf8
                0x00114e20      0x140 C:/devkitPro/libctru/lib\libctru.a(decode_utf8.o)
                0x00114e20                decode_utf8
 .text.utf16_to_utf8
                0x00114f60       0xe8 C:/devkitPro/libctru/lib\libctru.a(utf16_to_utf8.o)
                0x00114f60                utf16_to_utf8
 .text.utf8_to_utf16
                0x00115048       0xc0 C:/devkitPro/libctru/lib\libctru.a(utf8_to_utf16.o)
                0x00115048                utf8_to_utf16
 .text.__system_allocateHeaps
                0x00115108      0x1e8 C:/devkitPro/libctru/lib\libctru.a(allocateHeaps.o)
                0x00115108                __system_allocateHeaps
 .text.__libctru_init
                0x001152f0       0x38 C:/devkitPro/libctru/lib\libctru.a(ctru_init.o)
                0x001152f0                __libctru_init
 .text.__system_initArgv
                0x00115328      0x16c C:/devkitPro/libctru/lib\libctru.a(initArgv.o)
                0x00115328                __system_initArgv
 .text.__syscall_getreent
                0x00115494       0x30 C:/devkitPro/libctru/lib\libctru.a(syscalls.o)
                0x00115494                __syscall_getreent
 .text.__syscall_gettod_r
                0x001154c4       0x64 C:/devkitPro/libctru/lib\libctru.a(syscalls.o)
                0x001154c4                __syscall_gettod_r
 .text.__syscall_lock_acquire
                0x00115528        0x4 C:/devkitPro/libctru/lib\libctru.a(syscalls.o)
                0x00115528                __syscall_lock_acquire
 .text.__syscall_lock_release
                0x0011552c        0x4 C:/devkitPro/libctru/lib\libctru.a(syscalls.o)
                0x0011552c                __syscall_lock_release
 .text.__syscall_lock_acquire_recursive
                0x00115530        0x4 C:/devkitPro/libctru/lib\libctru.a(syscalls.o)
                0x00115530                __syscall_lock_acquire_recursive
 .text.__syscall_lock_release_recursive
                0x00115534        0x4 C:/devkitPro/libctru/lib\libctru.a(syscalls.o)
                0x00115534                __syscall_lock_release_recursive
 .text.__syscall_exit
                0x00115538        0x4 C:/devkitPro/libctru/lib\libctru.a(syscalls.o)
                0x00115538                __syscall_exit
 .text.initThreadVars
                0x0011553c       0x54 C:/devkitPro/libctru/lib\libctru.a(syscalls.o)
                0x0011553c                initThreadVars
 .text.__system_initSyscalls
                0x00115590       0x80 C:/devkitPro/libctru/lib\libctru.a(syscalls.o)
                0x00115590                __system_initSyscalls
 .text.svcControlMemory
                0x00115610       0x20 C:/devkitPro/libctru/lib\libctru.a(svc.o)
                0x00115610                svcControlMemory
 .text.svcQueryMemory
                0x00115630       0x30 C:/devkitPro/libctru/lib\libctru.a(svc.o)
                0x00115630                svcQueryMemory
 .text.svcExitProcess
                0x00115660        0x8 C:/devkitPro/libctru/lib\libctru.a(svc.o)
                0x00115660                svcExitProcess
 .text.svcCreateThread
                0x00115668       0x20 C:/devkitPro/libctru/lib\libctru.a(svc.o)
                0x00115668                svcCreateThread
 .text.svcExitThread
                0x00115688        0x8 C:/devkitPro/libctru/lib\libctru.a(svc.o)
                0x00115688                svcExitThread
 .text.svcSleepThread
                0x00115690        0x8 C:/devkitPro/libctru/lib\libctru.a(svc.o)
                0x00115690                svcSleepThread
 .text.svcReleaseMutex
                0x00115698        0x8 C:/devkitPro/libctru/lib\libctru.a(svc.o)
                0x00115698                svcReleaseMutex
 .text.svcCreateEvent
                0x001156a0       0x14 C:/devkitPro/libctru/lib\libctru.a(svc.o)
                0x001156a0                svcCreateEvent
 .text.svcSignalEvent
                0x001156b4        0x8 C:/devkitPro/libctru/lib\libctru.a(svc.o)
                0x001156b4                svcSignalEvent
 .text.svcClearEvent
                0x001156bc        0x8 C:/devkitPro/libctru/lib\libctru.a(svc.o)
                0x001156bc                svcClearEvent
 .text.svcMapMemoryBlock
                0x001156c4        0x8 C:/devkitPro/libctru/lib\libctru.a(svc.o)
                0x001156c4                svcMapMemoryBlock
 .text.svcUnmapMemoryBlock
                0x001156cc        0x8 C:/devkitPro/libctru/lib\libctru.a(svc.o)
                0x001156cc                svcUnmapMemoryBlock
 .text.svcCreateAddressArbiter
                0x001156d4       0x14 C:/devkitPro/libctru/lib\libctru.a(svc.o)
                0x001156d4                svcCreateAddressArbiter
 .text.svcArbitrateAddressNoTimeout
                0x001156e8        0x8 C:/devkitPro/libctru/lib\libctru.a(svc.o)
                0x001156e8                svcArbitrateAddressNoTimeout
 .text.svcCloseHandle
                0x001156f0        0x8 C:/devkitPro/libctru/lib\libctru.a(svc.o)
                0x001156f0                svcCloseHandle
 .text.svcWaitSynchronization
                0x001156f8        0x8 C:/devkitPro/libctru/lib\libctru.a(svc.o)
                0x001156f8                svcWaitSynchronization
 .text.svcWaitSynchronizationN
                0x00115700       0x28 C:/devkitPro/libctru/lib\libctru.a(svc.o)
                0x00115700                svcWaitSynchronizationN
 .text.svcDuplicateHandle
                0x00115728       0x14 C:/devkitPro/libctru/lib\libctru.a(svc.o)
                0x00115728                svcDuplicateHandle
 .text.svcGetSystemTick
                0x0011573c        0x8 C:/devkitPro/libctru/lib\libctru.a(svc.o)
                0x0011573c                svcGetSystemTick
 .text.svcConnectToPort
                0x00115744       0x14 C:/devkitPro/libctru/lib\libctru.a(svc.o)
                0x00115744                svcConnectToPort
 .text.svcSendSyncRequest
                0x00115758        0x8 C:/devkitPro/libctru/lib\libctru.a(svc.o)
                0x00115758                svcSendSyncRequest
 .text.svcGetResourceLimit
                0x00115760       0x14 C:/devkitPro/libctru/lib\libctru.a(svc.o)
                0x00115760                svcGetResourceLimit
 .text.svcGetResourceLimitLimitValues
                0x00115774        0x8 C:/devkitPro/libctru/lib\libctru.a(svc.o)
                0x00115774                svcGetResourceLimitLimitValues
 .text.svcGetResourceLimitCurrentValues
                0x0011577c        0x8 C:/devkitPro/libctru/lib\libctru.a(svc.o)
                0x0011577c                svcGetResourceLimitCurrentValues
 .text.svcBreak
                0x00115784        0x8 C:/devkitPro/libctru/lib\libctru.a(svc.o)
                0x00115784                svcBreak
 .text.__aeabi_read_tp
                0x0011578c        0xc C:/devkitPro/libctru/lib\libctru.a(readtp.o)
                0x0011578c                __aeabi_read_tp
 .text.initSystem
                0x00115798       0x50 C:/devkitPro/libctru/lib\libctru.a(stack_adjust.o)
                0x00115798                initSystem
 .text.__ctru_exit
                0x001157e8       0x14 C:/devkitPro/libctru/lib\libctru.a(stack_adjust.o)
                0x001157e8                __ctru_exit
 .text.envGetHandle
                0x001157fc       0x8c C:/devkitPro/libctru/lib\libctru.a(env.o)
                0x001157fc                envGetHandle
 .text.envDestroyHandles
                0x00115888       0x50 C:/devkitPro/libctru/lib\libctru.a(env.o)
                0x00115888                envDestroyHandles
 .text.srvInit  0x001158d8      0x164 C:/devkitPro/libctru/lib\libctru.a(srv.o)
                0x001158d8                srvInit
 .text.srvExit  0x00115a3c       0x64 C:/devkitPro/libctru/lib\libctru.a(srv.o)
                0x00115a3c                srvExit
 .text.srvEnableNotification
                0x00115aa0       0x60 C:/devkitPro/libctru/lib\libctru.a(srv.o)
                0x00115aa0                srvEnableNotification
 .text.srvGetServiceHandleDirect
                0x00115b00       0xa0 C:/devkitPro/libctru/lib\libctru.a(srv.o)
                0x00115b00                srvGetServiceHandleDirect
 .text.srvGetServiceHandle
                0x00115ba0       0x48 C:/devkitPro/libctru/lib\libctru.a(srv.o)
                0x00115ba0                srvGetServiceHandle
 .text.srvSubscribe
                0x00115be8       0x34 C:/devkitPro/libctru/lib\libctru.a(srv.o)
                0x00115be8                srvSubscribe
 .text.srvReceiveNotification
                0x00115c1c       0x60 C:/devkitPro/libctru/lib\libctru.a(srv.o)
                0x00115c1c                srvReceiveNotification
 .text.srvPublishToSubscriber
                0x00115c7c       0x38 C:/devkitPro/libctru/lib\libctru.a(srv.o)
                0x00115c7c                srvPublishToSubscriber
 .text.__sync_init
                0x00115cb4        0xc C:/devkitPro/libctru/lib\libctru.a(synchronization.o)
                0x00115cb4                __sync_init
 .text.__sync_fini
                0x00115cc0       0x18 C:/devkitPro/libctru/lib\libctru.a(synchronization.o)
                0x00115cc0                __sync_fini
 .text.syncArbitrateAddress
                0x00115cd8       0x28 C:/devkitPro/libctru/lib\libctru.a(synchronization.o)
                0x00115cd8                syncArbitrateAddress
 .text.LightLock_Init
                0x00115d00       0x1c C:/devkitPro/libctru/lib\libctru.a(synchronization.o)
                0x00115d00                LightLock_Init
 .text.LightLock_Lock
                0x00115d1c       0xac C:/devkitPro/libctru/lib\libctru.a(synchronization.o)
                0x00115d1c                LightLock_Lock
 .text.LightLock_Unlock
                0x00115dc8       0x40 C:/devkitPro/libctru/lib\libctru.a(synchronization.o)
                0x00115dc8                LightLock_Unlock
 .text.RecursiveLock_Lock
                0x00115e08       0x54 C:/devkitPro/libctru/lib\libctru.a(synchronization.o)
                0x00115e08                RecursiveLock_Lock
 .text.RecursiveLock_Unlock
                0x00115e5c       0x54 C:/devkitPro/libctru/lib\libctru.a(synchronization.o)
                0x00115e5c                RecursiveLock_Unlock
 .text.LightEvent_Init
                0x00115eb0       0x44 C:/devkitPro/libctru/lib\libctru.a(synchronization.o)
                0x00115eb0                LightEvent_Init
 .text.LightEvent_Clear
                0x00115ef4       0xb8 C:/devkitPro/libctru/lib\libctru.a(synchronization.o)
                0x00115ef4                LightEvent_Clear
 .text.LightEvent_Signal
                0x00115fac       0xdc C:/devkitPro/libctru/lib\libctru.a(synchronization.o)
                0x00115fac                LightEvent_Signal
 .text.LightEvent_TryWait
                0x00116088       0x50 C:/devkitPro/libctru/lib\libctru.a(synchronization.o)
                0x00116088                LightEvent_TryWait
 .text.LightEvent_Wait
                0x001160d8       0xac C:/devkitPro/libctru/lib\libctru.a(synchronization.o)
                0x001160d8                LightEvent_Wait
 .text.threadCreate
                0x00116184      0x1fc C:/devkitPro/libctru/lib\libctru.a(thread.o)
                0x00116184                threadCreate
 .text.threadFree
                0x00116380       0x38 C:/devkitPro/libctru/lib\libctru.a(thread.o)
                0x00116380                threadFree
 .text.threadJoin
                0x001163b8       0x24 C:/devkitPro/libctru/lib\libctru.a(thread.o)
                0x001163b8                threadJoin
 .text.threadGetCurrent
                0x001163dc       0x30 C:/devkitPro/libctru/lib\libctru.a(thread.o)
                0x001163dc                threadGetCurrent
 .text.threadExit
                0x0011640c       0x40 C:/devkitPro/libctru/lib\libctru.a(thread.o)
                0x0011640c                threadExit
 .text._thread_begin
                0x0011644c       0x20 C:/devkitPro/libctru/lib\libctru.a(thread.o)
 .text.mappableFindAddressWithin
                0x0011646c       0x90 C:/devkitPro/libctru/lib\libctru.a(mappable.o)
 .text.mappableInit
                0x001164fc       0x28 C:/devkitPro/libctru/lib\libctru.a(mappable.o)
                0x001164fc                mappableInit
 .text.mappableAlloc
                0x00116524       0x7c C:/devkitPro/libctru/lib\libctru.a(mappable.o)
                0x00116524                mappableAlloc
 .text.mappableFree
                0x001165a0        0x4 C:/devkitPro/libctru/lib\libctru.a(mappable.o)
                0x001165a0                mappableFree
 .text.srvPmGetSessionHandle
                0x001165a4        0xc C:/devkitPro/libctru/lib\libctru.a(srvpm.o)
                0x001165a4                srvPmGetSessionHandle
 .text.rbtree_node_next
                0x001165b0       0x60 C:/devkitPro/libctru/lib\libctru.a(rbtree_iterator.o)
                0x001165b0                rbtree_node_next
 .text.decode_utf16
                0x00116610       0x54 C:/devkitPro/libctru/lib\libctru.a(decode_utf16.o)
                0x00116610                decode_utf16
 .text.encode_utf16
                0x00116664       0x54 C:/devkitPro/libctru/lib\libctru.a(encode_utf16.o)
                0x00116664                encode_utf16
 .text.encode_utf8
                0x001166b8       0xe0 C:/devkitPro/libctru/lib\libctru.a(encode_utf8.o)
                0x001166b8                encode_utf8
 .text.__appExit
                0x00116798       0x30 C:/devkitPro/libctru/lib\libctru.a(appExit.o)
                0x00116798                __appExit
 .text.__appInit
                0x001167c8       0x30 C:/devkitPro/libctru/lib\libctru.a(appInit.o)
                0x001167c8                __appInit
 .text.__libctru_exit
                0x001167f8       0x90 C:/devkitPro/libctru/lib\libctru.a(ctru_exit.o)
                0x001167f8                __libctru_exit
 .text.error_cmp
                0x00116888       0x24 C:/devkitPro/libctru/lib\libctru.a(archive_dev.o)
 .text.archive_translate_error
                0x001168ac       0x50 C:/devkitPro/libctru/lib\libctru.a(archive_dev.o)
 .text.archive_seek
                0x001168fc       0xc0 C:/devkitPro/libctru/lib\libctru.a(archive_dev.o)
 .text._archiveInit.part.0
                0x001169bc       0x78 C:/devkitPro/libctru/lib\libctru.a(archive_dev.o)
 .text.archiveFindDevice.part.0
                0x00116a34      0x110 C:/devkitPro/libctru/lib\libctru.a(archive_dev.o)
 .text.archive_utf16path
                0x00116b44      0x298 C:/devkitPro/libctru/lib\libctru.a(archive_dev.o)
 .text._archiveUnmountDeviceStruct.part.0
                0x00116ddc       0x98 C:/devkitPro/libctru/lib\libctru.a(archive_dev.o)
 .text._archiveMountDevice
                0x00116e74      0x178 C:/devkitPro/libctru/lib\libctru.a(archive_dev.o)
 .text.archive_diropen
                0x00116fec       0xf8 C:/devkitPro/libctru/lib\libctru.a(archive_dev.o)
 .text.archive_fstat
                0x001170e4       0xac C:/devkitPro/libctru/lib\libctru.a(archive_dev.o)
 .text.archive_fsync
                0x00117190       0x74 C:/devkitPro/libctru/lib\libctru.a(archive_dev.o)
 .text.archive_close
                0x00117204       0x74 C:/devkitPro/libctru/lib\libctru.a(archive_dev.o)
 .text.archive_dirclose
                0x00117278       0x78 C:/devkitPro/libctru/lib\libctru.a(archive_dev.o)
 .text.sdmc_statvfs
                0x001172f0       0xec C:/devkitPro/libctru/lib\libctru.a(archive_dev.o)
 .text.archive_chdir
                0x001173dc       0xf8 C:/devkitPro/libctru/lib\libctru.a(archive_dev.o)
 .text.archive_ftruncate
                0x001174d4       0x8c C:/devkitPro/libctru/lib\libctru.a(archive_dev.o)
 .text.archive_read
                0x00117560       0xbc C:/devkitPro/libctru/lib\libctru.a(archive_dev.o)
 .text.archive_unlink
                0x0011761c       0xa8 C:/devkitPro/libctru/lib\libctru.a(archive_dev.o)
 .text.archive_rmdir
                0x001176c4       0xc0 C:/devkitPro/libctru/lib\libctru.a(archive_dev.o)
 .text.archive_mkdir
                0x00117784       0xd8 C:/devkitPro/libctru/lib\libctru.a(archive_dev.o)
 .text.archive_stat
                0x0011785c      0x1a0 C:/devkitPro/libctru/lib\libctru.a(archive_dev.o)
 .text.archive_dirnext
                0x001179fc      0x164 C:/devkitPro/libctru/lib\libctru.a(archive_dev.o)
 .text.archive_write
                0x00117b60      0x13c C:/devkitPro/libctru/lib\libctru.a(archive_dev.o)
 *fill*         0x00117c9c        0x4 
 .text.archive_open
                0x00117ca0      0x254 C:/devkitPro/libctru/lib\libctru.a(archive_dev.o)
 .text.archive_rename
                0x00117ef4      0x270 C:/devkitPro/libctru/lib\libctru.a(archive_dev.o)
 .text.archiveMountSdmc
                0x00118164      0x1c8 C:/devkitPro/libctru/lib\libctru.a(archive_dev.o)
                0x00118164                archiveMountSdmc
 .text.archiveUnmountAll
                0x0011832c       0x54 C:/devkitPro/libctru/lib\libctru.a(archive_dev.o)
                0x0011832c                archiveUnmountAll
 .text.sinf     0x00118380      0x264 C:/devkitPro/devkitARM/bin/../lib/gcc/arm-none-eabi/15.2.0/../../../../arm-none-eabi/lib/armv6k/fpu\libm.a(libm_a-sinf.o)
                0x00118380                sinf
 .text.with_errnof
                0x001185e4       0x24 C:/devkitPro/devkitARM/bin/../lib/gcc/arm-none-eabi/15.2.0/../../../../arm-none-eabi/lib/armv6k/fpu\libm.a(libm_a-math_errf.o)
 .text.__math_invalidf
                0x00118608       0x1c C:/devkitPro/devkitARM/bin/../lib/gcc/arm-none-eabi/15.2.0/../../../../arm-none-eabi/lib/armv6k/fpu\libm.a(libm_a-math_errf.o)
                0x00118608                __math_invalidf
 .text.ceilf    0x00118624       0xc0 C:/devkitPro/devkitARM/bin/../lib/gcc/arm-none-eabi/15.2.0/../../../../arm-none-eabi/lib/armv6k/fpu\libm.a(libm_a-sf_ceil.o)
                0x00118624                ceilf
 *fill*         0x001186e4        0x4 
 .text.cosf     0x001186e8      0x25c C:/devkitPro/devkitARM/bin/../lib/gcc/arm-none-eabi/15.2.0/../../../../arm-none-eabi/lib/armv6k/fpu\libm.a(libm_a-cosf.o)
                0x001186e8                cosf
 .text.__udivmoddi4
                0x00118944      0x130 C:/devkitPro/devkitARM/bin/../lib/gcc/arm-none-eabi/15.2.0/armv6k/fpu\libgcc.a(_udivmoddi4.o)
                0x00118944                __udivmoddi4
 .text.strncat  0x00118a74       0xe4 C:/devkitPro/devkitARM/bin/../lib/gcc/arm-none-eabi/15.2.0/../../../../arm-none-eabi/lib/armv6k/fpu\libg.a(libc_a-strncat.o)
                0x00118a74                strncat
 .text.ftell    0x00118b58       0x34 C:/devkitPro/devkitARM/bin/../lib/gcc/arm-none-eabi/15.2.0/../../../../arm-none-eabi/lib/armv6k/fpu\libg.a(libc_a-ftell.o)
                0x00118b58                ftell
 .text.memcpy   0x00118b8c      0x128 C:/devkitPro/devkitARM/bin/../lib/gcc/arm-none-eabi/15.2.0/../../../../arm-none-eabi/lib/armv6k/fpu\libg.a(libc_a-memcpy-stub.o)
                0x00118b8c                memcpy
 .text.strlen   0x00118cb4       0x8c C:/devkitPro/devkitARM/bin/../lib/gcc/arm-none-eabi/15.2.0/../../../../arm-none-eabi/lib/armv6k/fpu\libg.a(libc_a-strlen.o)
                0x00118cb4                strlen
 .text._fread_r
                0x00118d40      0x334 C:/devkitPro/devkitARM/bin/../lib/gcc/arm-none-eabi/15.2.0/../../../../arm-none-eabi/lib/armv6k/fpu\libg.a(libc_a-fread.o)
                0x00118d40                _fread_r
 .text.fread    0x00119074       0x38 C:/devkitPro/devkitARM/bin/../lib/gcc/arm-none-eabi/15.2.0/../../../../arm-none-eabi/lib/armv6k/fpu\libg.a(libc_a-fread.o)
                0x00119074                fread
 .text.bsearch  0x001190ac       0x78 C:/devkitPro/devkitARM/bin/../lib/gcc/arm-none-eabi/15.2.0/../../../../arm-none-eabi/lib/armv6k/fpu\libg.a(libc_a-bsearch.o)
                0x001190ac                bsearch
 .text._fopen_r
                0x00119124      0x134 C:/devkitPro/devkitARM/bin/../lib/gcc/arm-none-eabi/15.2.0/../../../../arm-none-eabi/lib/armv6k/fpu\libg.a(libc_a-fopen.o)
                0x00119124                _fopen_r
 .text.fopen    0x00119258       0x28 C:/devkitPro/devkitARM/bin/../lib/gcc/arm-none-eabi/15.2.0/../../../../arm-none-eabi/lib/armv6k/fpu\libg.a(libc_a-fopen.o)
                0x00119258                fopen
 .text.memalign
                0x00119280       0x28 C:/devkitPro/devkitARM/bin/../lib/gcc/arm-none-eabi/15.2.0/../../../../arm-none-eabi/lib/armv6k/fpu\libg.a(libc_a-malign.o)
                0x00119280                memalign
 .text.printf   0x001192a8       0x34 C:/devkitPro/devkitARM/bin/../lib/gcc/arm-none-eabi/15.2.0/../../../../arm-none-eabi/lib/armv6k/fpu\libg.a(libc_a-printf.o)
                0x001192a8                printf
 .text._strtoul_l.isra.0
                0x001192dc      0x1ec C:/devkitPro/devkitARM/bin/../lib/gcc/arm-none-eabi/15.2.0/../../../../arm-none-eabi/lib/armv6k/fpu\libg.a(libc_a-strtoul.o)
 .text.strtoul  0x001194c8       0x3c C:/devkitPro/devkitARM/bin/../lib/gcc/arm-none-eabi/15.2.0/../../../../arm-none-eabi/lib/armv6k/fpu\libg.a(libc_a-strtoul.o)
                0x001194c8                strtoul
 .text.strchr   0x00119504      0x140 C:/devkitPro/devkitARM/bin/../lib/gcc/arm-none-eabi/15.2.0/../../../../arm-none-eabi/lib/armv6k/fpu\libg.a(libc_a-strchr.o)
                0x00119504                strchr
 .text.memcmp   0x00119644       0xd8 C:/devkitPro/devkitARM/bin/../lib/gcc/arm-none-eabi/15.2.0/../../../../arm-none-eabi/lib/armv6k/fpu\libg.a(libc_a-memcmp.o)
                0x00119644                memcmp
 .text.calloc   0x0011971c       0x28 C:/devkitPro/devkitARM/bin/../lib/gcc/arm-none-eabi/15.2.0/../../../../arm-none-eabi/lib/armv6k/fpu\libg.a(libc_a-calloc.o)
                0x0011971c                calloc
 .text._memalign_r
                0x00119744      0x16c C:/devkitPro/devkitARM/bin/../lib/gcc/arm-none-eabi/15.2.0/../../../../arm-none-eabi/lib/armv6k/fpu\libg.a(libc_a-malignr.o)
                0x00119744                _memalign_r
 .text.__errno  0x001198b0        0xc C:/devkitPro/devkitARM/bin/../lib/gcc/arm-none-eabi/15.2.0/../../../../arm-none-eabi/lib/armv6k/fpu\libg.a(libc_a-errno.o)
                0x001198b0                __errno
 .text.__smakebuf_r
                0x001198bc      0x164 C:/devkitPro/devkitARM/bin/../lib/gcc/arm-none-eabi/15.2.0/../../../../arm-none-eabi/lib/armv6k/fpu\libg.a(libc_a-makebuf.o)
                0x001198bc                __smakebuf_r
 .text.__swhatbuf_r
                0x00119a20       0x90 C:/devkitPro/devkitARM/bin/../lib/gcc/arm-none-eabi/15.2.0/../../../../arm-none-eabi/lib/armv6k/fpu\libg.a(libc_a-makebuf.o)
                0x00119a20                __swhatbuf_r
 .text.memset   0x00119ab0       0xe4 C:/devkitPro/devkitARM/bin/../lib/gcc/arm-none-eabi/15.2.0/../../../../arm-none-eabi/lib/armv6k/fpu\libg.a(libc_a-memset.o)
                0x00119ab0                memset
 .text._calloc_r
                0x00119b94       0xd8 C:/devkitPro/devkitARM/bin/../lib/gcc/arm-none-eabi/15.2.0/../../../../arm-none-eabi/lib/armv6k/fpu\libg.a(libc_a-callocr.o)
                0x00119b94                _calloc_r
 .text.__sflush_r
                0x00119c6c      0x22c C:/devkitPro/devkitARM/bin/../lib/gcc/arm-none-eabi/15.2.0/../../../../arm-none-eabi/lib/armv6k/fpu\libg.a(libc_a-fflush.o)
                0x00119c6c                __sflush_r
 .text._fflush_r
                0x00119e98       0xc4 C:/devkitPro/devkitARM/bin/../lib/gcc/arm-none-eabi/15.2.0/../../../../arm-none-eabi/lib/armv6k/fpu\libg.a(libc_a-fflush.o)
                0x00119e98                _fflush_r
 .text._ftello_r
                0x00119f5c      0x1c4 C:/devkitPro/devkitARM/bin/../lib/gcc/arm-none-eabi/15.2.0/../../../../arm-none-eabi/lib/armv6k/fpu\libg.a(libc_a-ftello.o)
                0x00119f5c                _ftello_r
 .text._malloc_r
                0x0011a120      0x82c C:/devkitPro/devkitARM/bin/../lib/gcc/arm-none-eabi/15.2.0/../../../../arm-none-eabi/lib/armv6k/fpu\libg.a(libc_a-mallocr.o)
                0x0011a120                _malloc_r
 .text._malloc_trim_r
                0x0011a94c      0x114 C:/devkitPro/devkitARM/bin/../lib/gcc/arm-none-eabi/15.2.0/../../../../arm-none-eabi/lib/armv6k/fpu\libg.a(libc_a-freer.o)
                0x0011a94c                _malloc_trim_r
 .text._free_r  0x0011aa60      0x314 C:/devkitPro/devkitARM/bin/../lib/gcc/arm-none-eabi/15.2.0/../../../../arm-none-eabi/lib/armv6k/fpu\libg.a(libc_a-freer.o)
                0x0011aa60                _free_r
 .text.setvbuf  0x0011ad74      0x294 C:/devkitPro/devkitARM/bin/../lib/gcc/arm-none-eabi/15.2.0/../../../../arm-none-eabi/lib/armv6k/fpu\libg.a(libc_a-setvbuf.o)
                0x0011ad74                setvbuf
 .text.stdio_exit_handler
                0x0011b008       0x1c C:/devkitPro/devkitARM/bin/../lib/gcc/arm-none-eabi/15.2.0/../../../../arm-none-eabi/lib/armv6k/fpu\libg.a(libc_a-findfp.o)
 .text.cleanup_stdio
                0x0011b024       0x5c C:/devkitPro/devkitARM/bin/../lib/gcc/arm-none-eabi/15.2.0/../../../../arm-none-eabi/lib/armv6k/fpu\libg.a(libc_a-findfp.o)
 .text.global_stdio_init.part.0
                0x0011b080      0x154 C:/devkitPro/devkitARM/bin/../lib/gcc/arm-none-eabi/15.2.0/../../../../arm-none-eabi/lib/armv6k/fpu\libg.a(libc_a-findfp.o)
 .text.__sfp    0x0011b1d4      0x138 C:/devkitPro/devkitARM/bin/../lib/gcc/arm-none-eabi/15.2.0/../../../../arm-none-eabi/lib/armv6k/fpu\libg.a(libc_a-findfp.o)
                0x0011b1d4                __sfp
 .text.__sinit  0x0011b30c       0x5c C:/devkitPro/devkitARM/bin/../lib/gcc/arm-none-eabi/15.2.0/../../../../arm-none-eabi/lib/armv6k/fpu\libg.a(libc_a-findfp.o)
                0x0011b30c                __sinit
 .text.__sfp_lock_acquire
                0x0011b368        0xc C:/devkitPro/devkitARM/bin/../lib/gcc/arm-none-eabi/15.2.0/../../../../arm-none-eabi/lib/armv6k/fpu\libg.a(libc_a-findfp.o)
                0x0011b368                __sfp_lock_acquire
 .text.__sfp_lock_release
                0x0011b374        0xc C:/devkitPro/devkitARM/bin/../lib/gcc/arm-none-eabi/15.2.0/../../../../arm-none-eabi/lib/armv6k/fpu\libg.a(libc_a-findfp.o)
                0x0011b374                __sfp_lock_release
 .text.__libc_init_array
                0x0011b380       0x84 C:/devkitPro/devkitARM/bin/../lib/gcc/arm-none-eabi/15.2.0/../../../../arm-none-eabi/lib/armv6k/fpu\libg.a(libc_a-init.o)
                0x0011b380                __libc_init_array
 .text.strncpy  0x0011b404       0xd4 C:/devkitPro/devkitARM/bin/../lib/gcc/arm-none-eabi/15.2.0/../../../../arm-none-eabi/lib/armv6k/fpu\libg.a(libc_a-strncpy.o)
                0x0011b404                strncpy
 .text._fseek_r
                0x0011b4d8       0x1c C:/devkitPro/devkitARM/bin/../lib/gcc/arm-none-eabi/15.2.0/../../../../arm-none-eabi/lib/armv6k/fpu\libg.a(libc_a-fseek.o)
                0x0011b4d8                _fseek_r
 .text.fseek    0x0011b4f4       0x34 C:/devkitPro/devkitARM/bin/../lib/gcc/arm-none-eabi/15.2.0/../../../../arm-none-eabi/lib/armv6k/fpu\libg.a(libc_a-fseek.o)
                0x0011b4f4                fseek
 .text.malloc   0x0011b528       0x40 C:/devkitPro/devkitARM/bin/../lib/gcc/arm-none-eabi/15.2.0/../../../../arm-none-eabi/lib/armv6k/fpu\libg.a(libc_a-malloc.o)
                0x0011b528                malloc
 .text.free     0x0011b568       0x20 C:/devkitPro/devkitARM/bin/../lib/gcc/arm-none-eabi/15.2.0/../../../../arm-none-eabi/lib/armv6k/fpu\libg.a(libc_a-malloc.o)
                0x0011b568                free
 .text._puts_r  0x0011b588       0xe0 C:/devkitPro/devkitARM/bin/../lib/gcc/arm-none-eabi/15.2.0/../../../../arm-none-eabi/lib/armv6k/fpu\libg.a(libc_a-puts.o)
                0x0011b588                _puts_r
 .text.puts     0x0011b668       0x20 C:/devkitPro/devkitARM/bin/../lib/gcc/arm-none-eabi/15.2.0/../../../../arm-none-eabi/lib/armv6k/fpu\libg.a(libc_a-puts.o)
                0x0011b668                puts
 .text.__sread  0x0011b688       0x44 C:/devkitPro/devkitARM/bin/../lib/gcc/arm-none-eabi/15.2.0/../../../../arm-none-eabi/lib/armv6k/fpu\libg.a(libc_a-stdio.o)
                0x0011b688                __sread
 .text.__swrite
                0x0011b6cc       0x68 C:/devkitPro/devkitARM/bin/../lib/gcc/arm-none-eabi/15.2.0/../../../../arm-none-eabi/lib/armv6k/fpu\libg.a(libc_a-stdio.o)
                0x0011b6cc                __swrite
 .text.__sseek  0x0011b734       0x40 C:/devkitPro/devkitARM/bin/../lib/gcc/arm-none-eabi/15.2.0/../../../../arm-none-eabi/lib/armv6k/fpu\libg.a(libc_a-stdio.o)
                0x0011b734                __sseek
 .text.__sclose
                0x0011b774        0x8 C:/devkitPro/devkitARM/bin/../lib/gcc/arm-none-eabi/15.2.0/../../../../arm-none-eabi/lib/armv6k/fpu\libg.a(libc_a-stdio.o)
                0x0011b774                __sclose
 .text._realloc_r
                0x0011b77c      0x4f0 C:/devkitPro/devkitARM/bin/../lib/gcc/arm-none-eabi/15.2.0/../../../../arm-none-eabi/lib/armv6k/fpu\libg.a(libc_a-reallocr.o)
                0x0011b77c                _realloc_r
 .text.__malloc_lock
                0x0011bc6c        0xc C:/devkitPro/devkitARM/bin/../lib/gcc/arm-none-eabi/15.2.0/../../../../arm-none-eabi/lib/armv6k/fpu\libg.a(libc_a-mlock.o)
                0x0011bc6c                __malloc_lock
 .text.__malloc_unlock
                0x0011bc78        0xc C:/devkitPro/devkitARM/bin/../lib/gcc/arm-none-eabi/15.2.0/../../../../arm-none-eabi/lib/armv6k/fpu\libg.a(libc_a-mlock.o)
                0x0011bc78                __malloc_unlock
 .text._fseeko_r
                0x0011bc84      0x588 C:/devkitPro/devkitARM/bin/../lib/gcc/arm-none-eabi/15.2.0/../../../../arm-none-eabi/lib/armv6k/fpu\libg.a(libc_a-fseeko.o)
                0x0011bc84                _fseeko_r
 .text._fclose_r
                0x0011c20c      0x148 C:/devkitPro/devkitARM/bin/../lib/gcc/arm-none-eabi/15.2.0/../../../../arm-none-eabi/lib/armv6k/fpu\libg.a(libc_a-fclose.o)
                0x0011c20c                _fclose_r
 .text.fclose   0x0011c354       0x20 C:/devkitPro/devkitARM/bin/../lib/gcc/arm-none-eabi/15.2.0/../../../../arm-none-eabi/lib/armv6k/fpu\libg.a(libc_a-fclose.o)
                0x0011c354                fclose
 .text.time     0x0011c374       0x48 C:/devkitPro/devkitARM/bin/../lib/gcc/arm-none-eabi/15.2.0/../../../../arm-none-eabi/lib/armv6k/fpu\libg.a(libc_a-time.o)
                0x0011c374                time
 .text.__call_exitprocs
                0x0011c3bc        0x4 C:/devkitPro/devkitARM/bin/../lib/gcc/arm-none-eabi/15.2.0/../../../../arm-none-eabi/lib/armv6k/fpu\libg.a(libc_a-exit.o)
                0x0011c3bc                __call_exitprocs
 .text.exit     0x0011c3c0       0x30 C:/devkitPro/devkitARM/bin/../lib/gcc/arm-none-eabi/15.2.0/../../../../arm-none-eabi/lib/armv6k/fpu\libg.a(libc_a-exit.o)
                0x0011c3c0                exit
 .text.__sflags
                0x0011c3f0       0xb8 C:/devkitPro/devkitARM/bin/../lib/gcc/arm-none-eabi/15.2.0/../../../../arm-none-eabi/lib/armv6k/fpu\libg.a(libc_a-flags.o)
                0x0011c3f0                __sflags
 .text.__libc_fini_array
                0x0011c4a8       0x3c C:/devkitPro/devkitARM/bin/../lib/gcc/arm-none-eabi/15.2.0/../../../../arm-none-eabi/lib/armv6k/fpu\libg.a(libc_a-fini.o)
                0x0011c4a8                __libc_fini_array
 .text.strnlen  0x0011c4e4       0x3c C:/devkitPro/devkitARM/bin/../lib/gcc/arm-none-eabi/15.2.0/../../../../arm-none-eabi/lib/armv6k/fpu\libg.a(libc_a-strnlen.o)
                0x0011c4e4                strnlen
 .text.strncmp  0x0011c520       0xd8 C:/devkitPro/devkitARM/bin/../lib/gcc/arm-none-eabi/15.2.0/../../../../arm-none-eabi/lib/armv6k/fpu\libg.a(libc_a-strncmp.o)
                0x0011c520                strncmp
 .text.sprintf  0x0011c5f8       0x68 C:/devkitPro/devkitARM/bin/../lib/gcc/arm-none-eabi/15.2.0/../../../../arm-none-eabi/lib/armv6k/fpu\libg.a(libc_a-sprintf.o)
                0x0011c5f8                sprintf
 .text.lflush   0x0011c660       0x38 C:/devkitPro/devkitARM/bin/../lib/gcc/arm-none-eabi/15.2.0/../../../../arm-none-eabi/lib/armv6k/fpu\libg.a(libc_a-refill.o)
 .text.__srefill_r
                0x0011c698      0x1a8 C:/devkitPro/devkitARM/bin/../lib/gcc/arm-none-eabi/15.2.0/../../../../arm-none-eabi/lib/armv6k/fpu\libg.a(libc_a-refill.o)
                0x0011c698                __srefill_r
 .text._fwalk_sglue
                0x0011c840       0x70 C:/devkitPro/devkitARM/bin/../lib/gcc/arm-none-eabi/15.2.0/../../../../arm-none-eabi/lib/armv6k/fpu\libg.a(libc_a-fwalk.o)
                0x0011c840                _fwalk_sglue
 .text.get_arg  0x0011c8b0      0x5e0 C:/devkitPro/devkitARM/bin/../lib/gcc/arm-none-eabi/15.2.0/../../../../arm-none-eabi/lib/armv6k/fpu\libg.a(libc_a-vfprintf.o)
 .text._vfprintf_r
                0x0011ce90     0x3554 C:/devkitPro/devkitARM/bin/../lib/gcc/arm-none-eabi/15.2.0/../../../../arm-none-eabi/lib/armv6k/fpu\libg.a(libc_a-vfprintf.o)