Archive member included to satisfy reference by file (symbol)

E:/devkitPro/libctru/lib\libcitro2d.a(base.o)
                              engine.o (C2D_Init)
E:/devkitPro/libctru/lib\libcitro2d.a(text.o)
                              renderer.o (C2D_TextBufNew)
E:/devkitPro/libctru/lib\libcitro2d.a(spritesheet.o)
                              renderer.o (C2D_SpriteSheetLoad)
E:/devkitPro/libctru/lib\libcitro2d.a(font.o)
                              E:/devkitPro/libctru/lib\libcitro2d.a(text.o) (C2D_FontGlyphIndexFromCodePoint)
E:/devkitPro/libctru/lib\libcitro2d.a(render2d.shbin.o)
                              E:/devkitPro/libctru/lib\libcitro2d.a(base.o) (render2d_shbin)
E:/devkitPro/libctru/lib\libcitro3d.a(attribs.o)
                              E:/devkitPro/libctru/lib\libcitro2d.a(base.o) (AttrInfo_Init)
E:/devkitPro/libctru/lib\libcitro3d.a(base.o)
                              E:/devkitPro/libctru/lib\libcitro3d.a(attribs.o) (__C3D_Context)
E:/devkitPro/libctru/lib\libcitro3d.a(buffers.o)
                              E:/devkitPro/libctru/lib\libcitro2d.a(base.o) (BufInfo_Init)
E:/devkitPro/libctru/lib\libcitro3d.a(drawElements.o)
                              E:/devkitPro/libctru/lib\libcitro2d.a(base.o) (C3D_DrawElements)
E:/devkitPro/libctru/lib\libcitro3d.a(effect.o)
                              E:/devkitPro/libctru/lib\libcitro3d.a(base.o) (C3D_DepthMap)
E:/devkitPro/libctru/lib\libcitro3d.a(framebuffer.o)
                              E:/devkitPro/libctru/lib\libcitro3d.a(base.o) (C3Di_FrameBufBind)
E:/devkitPro/libctru/lib\libcitro3d.a(immediate.o)
                              E:/devkitPro/libctru/lib\libcitro3d.a(base.o) (C3D_ImmSendAttrib)
E:/devkitPro/libctru/lib\libcitro3d.a(proctex.o)
                              E:/devkitPro/libctru/lib\libcitro2d.a(base.o) (C3D_ProcTexInit)
E:/devkitPro/libctru/lib\libcitro3d.a(renderqueue.o)
                              E:/devkitPro/libctru/lib\libcitro3d.a(base.o) (C3Di_RenderQueueEnableVBlank)
E:/devkitPro/libctru/lib\libcitro3d.a(tex3ds.o)
                              E:/devkitPro/libctru/lib\libcitro2d.a(spritesheet.o) (Tex3DS_TextureImport)
E:/devkitPro/libctru/lib\libcitro3d.a(texenv.o)
                              E:/devkitPro/libctru/lib\libcitro2d.a(base.o) (C3D_GetTexEnv)
E:/devkitPro/libctru/lib\libcitro3d.a(texture.o)
                              E:/devkitPro/libctru/lib\libcitro3d.a(tex3ds.o) (C3D_TexInitWithParams)
E:/devkitPro/libctru/lib\libcitro3d.a(uniforms.o)
                              E:/devkitPro/libctru/lib\libcitro3d.a(base.o) (C3D_UpdateUniforms)
E:/devkitPro/libctru/lib\libcitro3d.a(mtx_multiply.o)
                              E:/devkitPro/libctru/lib\libcitro2d.a(base.o) (Mtx_Multiply)
E:/devkitPro/libctru/lib\libcitro3d.a(mtx_ortho.o)
                              E:/devkitPro/libctru/lib\libcitro2d.a(base.o) (Mtx_Ortho)
E:/devkitPro/libctru/lib\libcitro3d.a(mtx_orthotilt.o)
                              E:/devkitPro/libctru/lib\libcitro2d.a(base.o) (Mtx_OrthoTilt)
E:/devkitPro/libctru/lib\libcitro3d.a(mtx_rotatez.o)
                              E:/devkitPro/libctru/lib\libcitro2d.a(base.o) (Mtx_RotateZ)
E:/devkitPro/libctru/lib\libcitro3d.a(mtx_scale.o)
                              E:/devkitPro/libctru/lib\libcitro2d.a(base.o) (Mtx_Scale)
E:/devkitPro/libctru/lib\libcitro3d.a(mtx_translate.o)
                              E:/devkitPro/libctru/lib\libcitro2d.a(base.o) (Mtx_Translate)
E:/devkitPro/libctru/lib\libctru.a(linear.o)
                              audio.o (linearAlloc)
E:/devkitPro/libctru/lib\libctru.a(mem_pool.o)
                              E:/devkitPro/libctru/lib\libctru.a(linear.o) (MemPool::Allocate(MemChunk&, unsigned long, int))
E:/devkitPro/libctru/lib\libctru.a(vram.o)
                              E:/devkitPro/libctru/lib\libcitro3d.a(renderqueue.o) (vramAlloc)
E:/devkitPro/libctru/lib\libctru.a(console.o)
                              engine.o (consoleInit)
E:/devkitPro/libctru/lib\libctru.a(font.o)
                              E:/devkitPro/libctru/lib\libcitro2d.a(text.o) (fontEnsureMapped)
E:/devkitPro/libctru/lib\libctru.a(gfx.o)
                              E:/devkitPro/libctru/lib\libcitro2d.a(base.o) (gfxIsWide)
E:/devkitPro/libctru/lib\libctru.a(os.o)
                              E:/devkitPro/libctru/lib\libcitro3d.a(buffers.o) (osConvertVirtToPhys)
E:/devkitPro/libctru/lib\libctru.a(romfs_dev.o)
                              engine.o (romfsMountSelf)
E:/devkitPro/libctru/lib\libctru.a(gpu.o)
                              E:/devkitPro/libctru/lib\libcitro3d.a(base.o) (gpuCmdBufOffset)
E:/devkitPro/libctru/lib\libctru.a(gx.o)
                              E:/devkitPro/libctru/lib\libcitro3d.a(renderqueue.o) (GX_BindQueue)
E:/devkitPro/libctru/lib\libctru.a(gxqueue.o)
                              E:/devkitPro/libctru/lib\libcitro3d.a(renderqueue.o) (gxCmdQueueClear)
[...]
Memory Configuration

Name             Origin             Length             Attributes
*default*        0x00000000         0xffffffff

Linker script and memory map

                0x00100000                        PROVIDE (__start__ = 0x100000)
                0x00100000                        . = __start__

.text           0x00100000    0x29e88
 *(.crt0)
 .crt0          0x00100000       0x94 E:/devkitPro/devkitARM/bin/../lib/gcc/arm-none-eabi/13.2.0/../../../../arm-none-eabi/lib/armv6k/fpu/3dsx_crt0.o
                0x00100000                _start
                0x00100008                __service_ptr
                0x0010000c                __apt_appid
                0x00100010                __heap_size
                0x00100014                __linear_heap_size
                0x00100018                __system_arglist
                0x0010001c                __system_runflags
 *(.init)
 .init          0x00100094        0xc E:/devkitPro/devkitARM/bin/../lib/gcc/arm-none-eabi/13.2.0/armv6k/fpu/crti.o
                0x00100094                _init
 .init          0x001000a0        0xc E:/devkitPro/devkitARM/bin/../lib/gcc/arm-none-eabi/13.2.0/armv6k/fpu/crtn.o
                0x001000ac                        . = ALIGN (0x4)
 *(.text)
 .text          0x001000ac      0x20c E:/devkitPro/devkitARM/bin/../lib/gcc/arm-none-eabi/13.2.0/armv6k/fpu\libgcc.a(_udivsi3.o)
                0x001000ac                __aeabi_uidiv
                0x001000ac                __udivsi3
                0x00100298                __aeabi_uidivmod
 .text          0x001002b8      0x240 E:/devkitPro/devkitARM/bin/../lib/gcc/arm-none-eabi/13.2.0/armv6k/fpu\libgcc.a(_divsi3.o)
                0x001002b8                __divsi3
                0x001002b8                __aeabi_idiv
                0x001004d8                __aeabi_idivmod
 .text          0x001004f8        0x4 E:/devkitPro/devkitARM/bin/../lib/gcc/arm-none-eabi/13.2.0/armv6k/fpu\libgcc.a(_dvmd_tls.o)
                0x001004f8                __aeabi_idiv0
                0x001004f8                __aeabi_ldiv0
 .text          0x001004fc      0x3c0 E:/devkitPro/devkitARM/bin/../lib/gcc/arm-none-eabi/13.2.0/armv6k/fpu\libgcc.a(_arm_addsubdf3.o)
                0x001004fc                __aeabi_drsub
                0x00100504                __aeabi_dsub
                0x00100504                __subdf3
                0x00100508                __aeabi_dadd
                0x00100508                __adddf3
                0x001007b4                __floatunsidf
                0x001007b4                __aeabi_ui2d
                0x001007d8                __floatsidf
                0x001007d8                __aeabi_i2d
                0x00100800                __aeabi_f2d
                0x00100800                __extendsfdf2
                0x00100848                __floatundidf
                0x00100848                __aeabi_ul2d
                0x0010085c                __floatdidf
                0x0010085c                __aeabi_l2d
 .text          0x001008bc      0x250 E:/devkitPro/devkitARM/bin/../lib/gcc/arm-none-eabi/13.2.0/armv6k/fpu\libgcc.a(_arm_addsubsf3.o)
                0x001008bc                __aeabi_frsub
                0x001008c4                __subsf3
                0x001008c4                __aeabi_fsub
                0x001008c8                __aeabi_fadd
                0x001008c8                __addsf3
                0x00100a58                __aeabi_ui2f
                0x00100a58                __floatunsisf
                0x00100a60                __aeabi_i2f
                0x00100a60                __floatsisf
                0x00100a80                __aeabi_ul2f
                0x00100a80                __floatundisf
                0x00100a90                __aeabi_l2f
                0x00100a90                __floatdisf
 .text          0x00100b0c       0xd4 E:/devkitPro/devkitARM/bin/../lib/gcc/arm-none-eabi/13.2.0/armv6k/fpu\libgcc.a(_aeabi_ldivmod.o)
                0x00100b0c                __aeabi_ldivmod
 .text          0x00100be0       0x3c E:/devkitPro/devkitARM/bin/../lib/gcc/arm-none-eabi/13.2.0/armv6k/fpu\libgcc.a(_aeabi_uldivmod.o)
                0x00100be0                __aeabi_uldivmod
 *fill*         0x00100c1c        0x4 
 .text          0x00100c20      0x390 E:/devkitPro/devkitARM/bin/../lib/gcc/arm-none-eabi/13.2.0/../../../../arm-none-eabi/lib/armv6k/fpu\libg.a(libc_a-strcmp.o)
                0x00100c28                strcmp
 *(.text.*)
 .text.__do_global_dtors_aux
                0x00100fb0       0x40 E:/devkitPro/devkitARM/bin/../lib/gcc/arm-none-eabi/13.2.0/armv6k/fpu/crtbegin.o
 .text.frame_dummy
                0x00100ff0       0x2c E:/devkitPro/devkitARM/bin/../lib/gcc/arm-none-eabi/13.2.0/armv6k/fpu/crtbegin.o
 .text._ZN5Audio4initEv
                0x0010101c       0x40 audio.o
                0x0010101c                Audio::init()
 .text._ZN5Audio7playWAVEPKc
                0x0010105c      0x118 audio.o
                0x0010105c                Audio::playWAV(char const*)
 .text._ZN5Audio7stopAllEv
                0x00101174       0x64 audio.o
                0x00101174                Audio::stopAll()
 .text._ZN5Audio8shutdownEv
                0x001011d8       0x24 audio.o
                0x001011d8                Audio::shutdown()
 .text._Z9miiSelectv
                0x001011fc       0x80 engine.o
                0x001011fc                miiSelect()
 .text._ZN6Engine3runEv
                0x0010127c      0x1b0 engine.o
                0x0010127c                Engine::run()
 .text._ZN6Engine8shutdownEv
                0x0010142c       0x3c engine.o
                0x0010142c                Engine::shutdown()
 .text._ZN6Engine5crashEPKc
                0x00101468       0xd4 engine.o
                0x00101468                Engine::crash(char const*)
 .text._ZN6Engine4initEv
                0x0010153c       0x88 engine.o
                0x0010153c                Engine::init()
 .text.startup.main
                0x001015c4      0x1b8 main.o
                0x001015c4                main
 .text._ZN6Player4initER8Renderer
                0x0010177c       0x24 player.o
                0x0010177c                Player::init(Renderer&)
 .text._ZN6Player6updateEf
                0x001017a0      0x1b4 player.o
                0x001017a0                Player::update(float)
 .text._ZN6Player6renderER8Renderer
                0x00101954       0x64 player.o
                0x00101954                Player::render(Renderer&)
 .text._ZN8Renderer4initEv
                0x001019b8       0x30 renderer.o
                0x001019b8                Renderer::init()
 .text._ZN8Renderer10loadSpriteEPKc
                0x001019e8      0x100 renderer.o
                0x001019e8                Renderer::loadSprite(char const*)
 .text._ZN8Renderer14loadBackgroundEPKc
                0x00101ae8       0x64 renderer.o
                0x00101ae8                Renderer::loadBackground(char const*)
 .text._ZN8Renderer12setSpritePosEiff
                0x00101b4c       0x2c renderer.o
                0x00101b4c                Renderer::setSpritePos(int, float, float)
 .text._ZN8Renderer14setSpriteFrameEii
                0x00101b78       0xa8 renderer.o
                0x00101b78                Renderer::setSpriteFrame(int, int)
 .text._ZN8Renderer10beginFrameEv
                0x00101c20       0xc4 renderer.o
                0x00101c20                Renderer::beginFrame()
 .text._ZN8Renderer11drawSpritesEv
                0x00101ce4       0x40 renderer.o
                0x00101ce4                Renderer::drawSprites()
 .text._ZN8Renderer8endFrameEv
                0x00101d24        0x8 renderer.o
                0x00101d24                Renderer::endFrame()
 .text._ZN8Renderer8shutdownEv
                0x00101d2c       0x20 renderer.o
                0x00101d2c                Renderer::shutdown()
 .text._ZN8Renderer8drawTextEPKcff
                0x00101d4c       0x60 renderer.o
                0x00101d4c                Renderer::drawText(char const*, float, float)
 .text._ZN8Renderer14setSpriteScaleEiff
                0x00101dac       0x84 renderer.o
                0x00101dac                Renderer::setSpriteScale(int, float, float)
 .text._ZN12RoundManager4initER5AudioR8Renderer
                0x00101e30       0x40 roundmanager.o
                0x00101e30                RoundManager::init(Audio&, Renderer&)
 .text._ZN12RoundManager10beginRoundER5Audio
                0x00101e70       0x48 roundmanager.o
                0x00101e70                RoundManager::beginRound(Audio&)
 .text._ZN12RoundManager6updateEfR8RendererR6Player
                0x00101eb8      0x1b0 roundmanager.o
                0x00101eb8                RoundManager::update(float, Renderer&, Player&)
 .text.C2Di_FrameEndHook
                0x00102068       0x44 E:/devkitPro/libctru/lib\libcitro2d.a(base.o)
 *fill*         0x001020ac        0x4 
 .text.C2D_Init
                0x001020b0      0x36c E:/devkitPro/libctru/lib\libcitro2d.a(base.o)
                0x001020b0                C2D_Init
 .text.C2D_Fini
                0x0010241c       0x4c E:/devkitPro/libctru/lib\libcitro2d.a(base.o)
                0x0010241c                C2D_Fini
 .text.C2D_Prepare
                0x00102468       0xb8 E:/devkitPro/libctru/lib\libcitro2d.a(base.o)
                0x00102468                C2D_Prepare
 .text.C2D_Flush
                0x00102520       0x48 E:/devkitPro/libctru/lib\libcitro2d.a(base.o)
                0x00102520                C2D_Flush
 .text.C2D_SceneSize
                0x00102568      0x104 E:/devkitPro/libctru/lib\libcitro2d.a(base.o)
                0x00102568                C2D_SceneSize
 .text.C2D_CreateScreenTarget
                0x0010266c       0x58 E:/devkitPro/libctru/lib\libcitro2d.a(base.o)
                0x0010266c                C2D_CreateScreenTarget
 .text.C2D_TargetClear
                0x001026c4       0x64 E:/devkitPro/libctru/lib\libcitro2d.a(base.o)
                0x001026c4                C2D_TargetClear
 .text.C2Di_CalcQuad
                0x00102728      0x13c E:/devkitPro/libctru/lib\libcitro2d.a(base.o)
                0x00102728                C2Di_CalcQuad
 .text.C2Di_AppendQuad
                0x00102864       0x58 E:/devkitPro/libctru/lib\libcitro2d.a(base.o)
                0x00102864                C2Di_AppendQuad
 .text.C2Di_AppendVtx
                0x001028bc       0x40 E:/devkitPro/libctru/lib\libcitro2d.a(base.o)
                0x001028bc                C2Di_AppendVtx
 .text.C2Di_Update
                0x001028fc      0x550 E:/devkitPro/libctru/lib\libcitro2d.a(base.o)
                0x001028fc                C2Di_Update
 .text.C2D_DrawImage
                0x00102e4c      0x2b0 E:/devkitPro/libctru/lib\libcitro2d.a(base.o)
                0x00102e4c                C2D_DrawImage
 .text.C2Di_CalcLineWidths
                0x001030fc      0x140 E:/devkitPro/libctru/lib\libcitro2d.a(text.o)
 .text.C2D_TextBufNew
                0x0010323c      0x1dc E:/devkitPro/libctru/lib\libcitro2d.a(text.o)
                0x0010323c                C2D_TextBufNew
 .text.C2D_TextBufDelete
                0x00103418        0x4 E:/devkitPro/libctru/lib\libcitro2d.a(text.o)
                0x00103418                C2D_TextBufDelete
 .text.C2D_TextBufClear
                0x0010341c        0xc E:/devkitPro/libctru/lib\libcitro2d.a(text.o)
                0x0010341c                C2D_TextBufClear
 .text.C2D_TextFontParseLine
                0x00103428      0x1c8 E:/devkitPro/libctru/lib\libcitro2d.a(text.o)
                0x00103428                C2D_TextFontParseLine
 .text.C2D_TextFontParse
                0x001035f0       0xa8 E:/devkitPro/libctru/lib\libcitro2d.a(text.o)
                0x001035f0                C2D_TextFontParse
 .text.C2D_TextParse
                0x00103698       0x14 E:/devkitPro/libctru/lib\libcitro2d.a(text.o)
                0x00103698                C2D_TextParse
 .text.C2D_DrawText
                0x001036ac      0xf6c E:/devkitPro/libctru/lib\libcitro2d.a(text.o)
                0x001036ac                C2D_DrawText
 .text.C2D_SpriteSheetLoadFromHandle
                0x00104618       0x6c E:/devkitPro/libctru/lib\libcitro2d.a(spritesheet.o)
                0x00104618                C2D_SpriteSheetLoadFromHandle
 .text.C2D_SpriteSheetLoad
                0x00104684       0x48 E:/devkitPro/libctru/lib\libcitro2d.a(spritesheet.o)
                0x00104684                C2D_SpriteSheetLoad
 .text.C2D_SpriteSheetFree
                0x001046cc       0x28 E:/devkitPro/libctru/lib\libcitro2d.a(spritesheet.o)
                0x001046cc                C2D_SpriteSheetFree
 .text.C2D_SpriteSheetGetImage
                0x001046f4       0x2c E:/devkitPro/libctru/lib\libcitro2d.a(spritesheet.o)
                0x001046f4                C2D_SpriteSheetGetImage
 .text.C2D_FontGlyphIndexFromCodePoint
                0x00104720       0x44 E:/devkitPro/libctru/lib\libcitro2d.a(font.o)
                0x00104720                C2D_FontGlyphIndexFromCodePoint
 .text.C2D_FontCalcGlyphPos
                0x00104764       0x78 E:/devkitPro/libctru/lib\libcitro2d.a(font.o)
                0x00104764                C2D_FontCalcGlyphPos
 .text.AttrInfo_Init
                0x001047dc       0x28 E:/devkitPro/libctru/lib\libcitro3d.a(attribs.o)
                0x001047dc                AttrInfo_Init
 .text.AttrInfo_AddLoader
                0x00104804       0x94 E:/devkitPro/libctru/lib\libcitro3d.a(attribs.o)
                0x00104804                AttrInfo_AddLoader
 .text.C3D_SetAttrInfo
                0x00104898       0x54 E:/devkitPro/libctru/lib\libcitro3d.a(attribs.o)
                0x00104898                C3D_SetAttrInfo
 .text.C3Di_AttrInfoBind
                0x001048ec       0x80 E:/devkitPro/libctru/lib\libcitro3d.a(attribs.o)
                0x001048ec                C3Di_AttrInfoBind
 .text.C3Di_LightEnvUpdate
                0x0010496c        0x4 E:/devkitPro/libctru/lib\libcitro3d.a(base.o)
                0x0010496c                C3Di_LightEnvUpdate
 .text.C3Di_LightEnvDirty
                0x00104970        0x4 E:/devkitPro/libctru/lib\libcitro3d.a(base.o)
                0x00104970                C3Di_LightEnvDirty
 .text.C3Di_AptEventHook
                0x00104974       0xb4 E:/devkitPro/libctru/lib\libcitro3d.a(base.o)
 .text.C3Di_GasUpdate
                0x00104a28        0x4 E:/devkitPro/libctru/lib\libcitro3d.a(base.o)
                0x00104a28                C3Di_GasUpdate
 .text.C3D_Init
                0x00104a2c      0x1d0 E:/devkitPro/libctru/lib\libcitro3d.a(base.o)
                0x00104a2c                C3D_Init
 .text.C3D_SetViewport
                0x00104bfc       0x98 E:/devkitPro/libctru/lib\libcitro3d.a(base.o)
                0x00104bfc                C3D_SetViewport
 .text.C3Di_UpdateContext
                0x00104c94      0x4e8 E:/devkitPro/libctru/lib\libcitro3d.a(base.o)
                0x00104c94                C3Di_UpdateContext
 .text.C3Di_SplitFrame
                0x0010517c       0xe0 E:/devkitPro/libctru/lib\libcitro3d.a(base.o)
                0x0010517c                C3Di_SplitFrame
 .text.C3D_Fini
                0x0010525c       0x44 E:/devkitPro/libctru/lib\libcitro3d.a(base.o)
                0x0010525c                C3D_Fini
 .text.C3D_BindProgram
                0x001052a0      0x194 E:/devkitPro/libctru/lib\libcitro3d.a(base.o)
                0x001052a0                C3D_BindProgram
 .text.BufInfo_Init
                0x00105434       0x24 E:/devkitPro/libctru/lib\libcitro3d.a(buffers.o)
                0x00105434                BufInfo_Init
 .text.BufInfo_Add
                0x00105458       0x80 E:/devkitPro/libctru/lib\libcitro3d.a(buffers.o)
                0x00105458                BufInfo_Add
 .text.C3D_SetBufInfo
                0x001054d8       0x3c E:/devkitPro/libctru/lib\libcitro3d.a(buffers.o)
                0x001054d8                C3D_SetBufInfo
 .text.C3Di_BufInfoBind
                0x00105514       0x48 E:/devkitPro/libctru/lib\libcitro3d.a(buffers.o)
                0x00105514                C3Di_BufInfoBind
 .text.C3D_DrawElements
                0x0010555c      0x21c E:/devkitPro/libctru/lib\libcitro3d.a(drawElements.o)
                0x0010555c                C3D_DrawElements
 .text.C3D_DepthMap
                0x00105778       0x40 E:/devkitPro/libctru/lib\libcitro3d.a(effect.o)
                0x00105778                C3D_DepthMap
 .text.C3D_CullFace
                0x001057b8       0x1c E:/devkitPro/libctru/lib\libcitro3d.a(effect.o)
                0x001057b8                C3D_CullFace
 .text.C3D_StencilTest
                0x001057d4       0x40 E:/devkitPro/libctru/lib\libcitro3d.a(effect.o)
                0x001057d4                C3D_StencilTest
 .text.C3D_StencilOp
                0x00105814       0x24 E:/devkitPro/libctru/lib\libcitro3d.a(effect.o)
                0x00105814                C3D_StencilOp
 .text.C3D_BlendingColor
                0x00105838       0x1c E:/devkitPro/libctru/lib\libcitro3d.a(effect.o)
                0x00105838                C3D_BlendingColor
 .text.C3D_EarlyDepthTest
                0x00105854       0x24 E:/devkitPro/libctru/lib\libcitro3d.a(effect.o)
                0x00105854                C3D_EarlyDepthTest
 .text.C3D_DepthTest
                0x00105878       0x2c E:/devkitPro/libctru/lib\libcitro3d.a(effect.o)
                0x00105878                C3D_DepthTest
 .text.C3D_AlphaTest
                0x001058a4       0x2c E:/devkitPro/libctru/lib\libcitro3d.a(effect.o)
                0x001058a4                C3D_AlphaTest
 .text.C3D_AlphaBlend
                0x001058d0       0x50 E:/devkitPro/libctru/lib\libcitro3d.a(effect.o)
                0x001058d0                C3D_AlphaBlend
 .text.C3D_FragOpMode
                0x00105920       0x30 E:/devkitPro/libctru/lib\libcitro3d.a(effect.o)
                0x00105920                C3D_FragOpMode
 .text.C3D_FragOpShadow
                0x00105950       0x44 E:/devkitPro/libctru/lib\libcitro3d.a(effect.o)
                0x00105950                C3D_FragOpShadow
 .text.C3Di_EffectBind
                0x00105994      0x1ac E:/devkitPro/libctru/lib\libcitro3d.a(effect.o)
                0x00105994                C3Di_EffectBind
 .text.C3D_CalcColorBufSize
                0x00105b40       0x1c E:/devkitPro/libctru/lib\libcitro3d.a(framebuffer.o)
                0x00105b40                C3D_CalcColorBufSize
 .text.C3D_CalcDepthBufSize
                0x00105b5c       0x1c E:/devkitPro/libctru/lib\libcitro3d.a(framebuffer.o)
                0x00105b5c                C3D_CalcDepthBufSize
 .text.C3D_SetFrameBuf
                0x00105b78       0x44 E:/devkitPro/libctru/lib\libcitro3d.a(framebuffer.o)
                0x00105b78                C3D_SetFrameBuf
 .text.C3Di_FrameBufBind
                0x00105bbc      0x16c E:/devkitPro/libctru/lib\libcitro3d.a(framebuffer.o)
                0x00105bbc                C3Di_FrameBufBind
 .text.C3D_FrameBufClear
                0x00105d28       0xc8 E:/devkitPro/libctru/lib\libcitro3d.a(framebuffer.o)
                0x00105d28                C3D_FrameBufClear
 .text.C3D_FrameBufTransfer
                0x00105df0       0x44 E:/devkitPro/libctru/lib\libcitro3d.a(framebuffer.o)
                0x00105df0                C3D_FrameBufTransfer
 .text.C3D_ImmSendAttrib
                0x00105e34       0xa8 E:/devkitPro/libctru/lib\libcitro3d.a(immediate.o)
                0x00105e34                C3D_ImmSendAttrib
 .text.C3D_ProcTexInit
                0x00105edc       0x70 E:/devkitPro/libctru/lib\libcitro3d.a(proctex.o)
                0x00105edc                C3D_ProcTexInit
 .text.C3D_ProcTexBind
                0x00105f4c       0x54 E:/devkitPro/libctru/lib\libcitro3d.a(proctex.o)
                0x00105f4c                C3D_ProcTexBind
 .text.C3D_ProcTexLutBind
                0x00105fa0       0x5c E:/devkitPro/libctru/lib\libcitro3d.a(proctex.o)
                0x00105fa0                C3D_ProcTexLutBind
 .text.ProcTexLut_FromArray
                0x00105ffc       0xa4 E:/devkitPro/libctru/lib\libcitro3d.a(proctex.o)
                0x00105ffc                ProcTexLut_FromArray
 .text.C3Di_ProcTexUpdate
                0x001060a0      0x178 E:/devkitPro/libctru/lib\libcitro3d.a(proctex.o)
                0x001060a0                C3Di_ProcTexUpdate
 .text.C3Di_ProcTexDirty
                0x00106218       0x68 E:/devkitPro/libctru/lib\libcitro3d.a(proctex.o)
                0x00106218                C3Di_ProcTexDirty
 .text.onVBlank0
                0x00106280       0x4c E:/devkitPro/libctru/lib\libcitro3d.a(renderqueue.o)
 .text.onVBlank1
                0x001062cc       0x4c E:/devkitPro/libctru/lib\libcitro3d.a(renderqueue.o)
 .text.C3Di_RenderTargetDestroy
                0x00106318       0x80 E:/devkitPro/libctru/lib\libcitro3d.a(renderqueue.o)
 .text.onQueueFinish
                0x00106398       0xf4 E:/devkitPro/libctru/lib\libcitro3d.a(renderqueue.o)
 .text.C3Di_RenderQueueEnableVBlank
                0x0010648c       0x38 E:/devkitPro/libctru/lib\libcitro3d.a(renderqueue.o)
                0x0010648c                C3Di_RenderQueueEnableVBlank
 .text.C3Di_RenderQueueDisableVBlank
                0x001064c4       0x30 E:/devkitPro/libctru/lib\libcitro3d.a(renderqueue.o)
                0x001064c4                C3Di_RenderQueueDisableVBlank
 .text.C3Di_RenderQueueInit
                0x001064f4       0x60 E:/devkitPro/libctru/lib\libcitro3d.a(renderqueue.o)
                0x001064f4                C3Di_RenderQueueInit
 .text.C3Di_RenderQueueExit
                0x00106554       0xb4 E:/devkitPro/libctru/lib\libcitro3d.a(renderqueue.o)
                0x00106554                C3Di_RenderQueueExit
 .text.C3Di_RenderQueueWaitDone
                0x00106608       0x34 E:/devkitPro/libctru/lib\libcitro3d.a(renderqueue.o)
                0x00106608                C3Di_RenderQueueWaitDone
 .text.C3D_FrameBegin
                0x0010663c       0xe8 E:/devkitPro/libctru/lib\libcitro3d.a(renderqueue.o)
                0x0010663c                C3D_FrameBegin
 .text.C3D_FrameDrawOn
                0x00106724       0x48 E:/devkitPro/libctru/lib\libcitro3d.a(renderqueue.o)
                0x00106724                C3D_FrameDrawOn
 .text.C3D_FrameSplit
                0x0010676c       0x58 E:/devkitPro/libctru/lib\libcitro3d.a(renderqueue.o)
                0x0010676c                C3D_FrameSplit
 .text.C3D_FrameEnd
                0x001067c4      0x1d0 E:/devkitPro/libctru/lib\libcitro3d.a(renderqueue.o)
                0x001067c4                C3D_FrameEnd
 .text.C3D_FrameEndHook
                0x00106994       0x1c E:/devkitPro/libctru/lib\libcitro3d.a(renderqueue.o)
                0x00106994                C3D_FrameEndHook
 .text.C3D_RenderTargetCreate
                0x001069b0      0x170 E:/devkitPro/libctru/lib\libcitro3d.a(renderqueue.o)
                0x001069b0                C3D_RenderTargetCreate
 .text.C3D_RenderTargetSetOutput
                0x00106b20       0xa8 E:/devkitPro/libctru/lib\libcitro3d.a(renderqueue.o)
                0x00106b20                C3D_RenderTargetSetOutput
 .text.C3D_SyncTextureCopy
                0x00106bc8       0xfc E:/devkitPro/libctru/lib\libcitro3d.a(renderqueue.o)
                0x00106bc8                C3D_SyncTextureCopy
 .text.Tex3DSi_ImportCommon
                0x00106cc4      0x3d8 E:/devkitPro/libctru/lib\libcitro3d.a(tex3ds.o)
 .text.Tex3DS_TextureImportStdio
                0x0010709c       0x38 E:/devkitPro/libctru/lib\libcitro3d.a(tex3ds.o)
                0x0010709c                Tex3DS_TextureImportStdio
 .text.Tex3DS_GetSubTexture
                0x001070d4       0x1c E:/devkitPro/libctru/lib\libcitro3d.a(tex3ds.o)
                0x001070d4                Tex3DS_GetSubTexture
 .text.Tex3DS_TextureFree
                0x001070f0        0x4 E:/devkitPro/libctru/lib\libcitro3d.a(tex3ds.o)
                0x001070f0                Tex3DS_TextureFree
 .text.C3D_GetTexEnv
                0x001070f4       0x34 E:/devkitPro/libctru/lib\libcitro3d.a(texenv.o)
                0x001070f4                C3D_GetTexEnv
 .text.C3Di_TexEnvBind
                0x00107128       0x24 E:/devkitPro/libctru/lib\libcitro3d.a(texenv.o)
                0x00107128                C3Di_TexEnvBind
 .text.C3D_TexInitWithParams
                0x0010714c      0x290 E:/devkitPro/libctru/lib\libcitro3d.a(texture.o)
                0x0010714c                C3D_TexInitWithParams
 .text.C3D_TexLoadImage
                0x001073dc       0xc8 E:/devkitPro/libctru/lib\libcitro3d.a(texture.o)
                0x001073dc                C3D_TexLoadImage
 .text.C3D_TexBind
                0x001074a4       0x44 E:/devkitPro/libctru/lib\libcitro3d.a(texture.o)
                0x001074a4                C3D_TexBind
 .text.C3D_TexDelete
                0x001074e8       0x74 E:/devkitPro/libctru/lib\libcitro3d.a(texture.o)
                0x001074e8                C3D_TexDelete
 .text.C3Di_SetTex
                0x0010755c      0x14c E:/devkitPro/libctru/lib\libcitro3d.a(texture.o)
                0x0010755c                C3Di_SetTex
 .text.C3D_UpdateUniforms
                0x001076a8      0x290 E:/devkitPro/libctru/lib\libcitro3d.a(uniforms.o)
                0x001076a8                C3D_UpdateUniforms
 .text.C3Di_DirtyUniforms
                0x00107938       0xc0 E:/devkitPro/libctru/lib\libcitro3d.a(uniforms.o)
                0x00107938                C3Di_DirtyUniforms
 .text.C3Di_LoadShaderUniforms
                0x001079f8       0xd8 E:/devkitPro/libctru/lib\libcitro3d.a(uniforms.o)
                0x001079f8                C3Di_LoadShaderUniforms
 .text.C3Di_ClearShaderUniforms
                0x00107ad0       0x28 E:/devkitPro/libctru/lib\libcitro3d.a(uniforms.o)
                0x00107ad0                C3Di_ClearShaderUniforms
 .text.Mtx_Ortho
                0x00107af8       0xcc E:/devkitPro/libctru/lib\libcitro3d.a(mtx_ortho.o)
                0x00107af8                Mtx_Ortho
 .text.Mtx_OrthoTilt
                0x00107bc4       0xcc E:/devkitPro/libctru/lib\libcitro3d.a(mtx_orthotilt.o)
                0x00107bc4                Mtx_OrthoTilt
 .text._ZL21addrMapNodeComparatorPK11rbtree_nodeS1_
                0x00107c90       0x24 E:/devkitPro/libctru/lib\libctru.a(linear.o)
 .text._ZL21addrMapNodeDestructorP11rbtree_node
                0x00107cb4        0x4 E:/devkitPro/libctru/lib\libctru.a(linear.o)
 .text.linearMemAlign
                0x00107cb8      0x120 E:/devkitPro/libctru/lib\libctru.a(linear.o)
                0x00107cb8                linearMemAlign
 .text.linearAlloc
                0x00107dd8        0x8 E:/devkitPro/libctru/lib\libctru.a(linear.o)
                0x00107dd8                linearAlloc
 .text.linearFree
                0x00107de0       0x5c E:/devkitPro/libctru/lib\libctru.a(linear.o)
                0x00107de0                linearFree
 .text._ZN7MemPool13CoalesceRightEP8MemBlock
                0x00107e3c       0x80 E:/devkitPro/libctru/lib\libctru.a(mem_pool.o)
                0x00107e3c                MemPool::CoalesceRight(MemBlock*)
 .text._ZN7MemPool8AllocateER8MemChunkmi
                0x00107ebc      0x16c E:/devkitPro/libctru/lib\libctru.a(mem_pool.o)
                0x00107ebc                MemPool::Allocate(MemChunk&, unsigned long, int)
 .text._ZN7MemPool10DeallocateERK8MemChunk
                0x00108028       0xfc E:/devkitPro/libctru/lib\libctru.a(mem_pool.o)
                0x00108028                MemPool::Deallocate(MemChunk const&)
 .text._ZN7MemPool12GetFreeSpaceEv
                0x00108124       0x30 E:/devkitPro/libctru/lib\libctru.a(mem_pool.o)
                0x00108124                MemPool::GetFreeSpace()
 .text._ZL21addrMapNodeComparatorPK11rbtree_nodeS1_
                0x00108154       0x24 E:/devkitPro/libctru/lib\libctru.a(vram.o)
 .text._ZL21addrMapNodeDestructorP11rbtree_node
                0x00108178        0x4 E:/devkitPro/libctru/lib\libctru.a(vram.o)
 .text.vramMemAlignAt
                0x0010817c      0x24c E:/devkitPro/libctru/lib\libctru.a(vram.o)
                0x0010817c                vramMemAlignAt
 .text.vramAlloc
                0x001083c8        0xc E:/devkitPro/libctru/lib\libctru.a(vram.o)
                0x001083c8                vramAlloc
 .text.vramAllocAt
                0x001083d4        0xc E:/devkitPro/libctru/lib\libctru.a(vram.o)
                0x001083d4                vramAllocAt
 .text.vramFree
                0x001083e0       0x90 E:/devkitPro/libctru/lib\libctru.a(vram.o)
                0x001083e0                vramFree
 .text.consoleHandleColorEsc
                0x00108470      0x51c E:/devkitPro/libctru/lib\libctru.a(console.o)
 .text.consoleColorStateShift
                0x0010898c       0xb8 E:/devkitPro/libctru/lib\libctru.a(console.o)
 .text.consoleDrawChar
                0x00108a44      0x1ac E:/devkitPro/libctru/lib\libctru.a(console.o)
                0x00108a44                consoleDrawChar
 .text.consolePrintChar
                0x00108bf0      0x124 E:/devkitPro/libctru/lib\libctru.a(console.o)
                0x00108bf0                consolePrintChar
 .text.con_write
                0x00108d14      0x6f4 E:/devkitPro/libctru/lib\libctru.a(console.o)
                0x00108d14                con_write
 .text.newRow   0x00109408       0xfc E:/devkitPro/libctru/lib\libctru.a(console.o)
 .text.consoleInit
                0x00109504      0x18c E:/devkitPro/libctru/lib\libctru.a(console.o)
                0x00109504                consoleInit
 .text.consoleClear
                0x00109690       0xb8 E:/devkitPro/libctru/lib\libctru.a(console.o)
                0x00109690                consoleClear
 .text.fontEnsureMapped
                0x00109748       0x94 E:/devkitPro/libctru/lib\libctru.a(font.o)
                0x00109748                fontEnsureMapped
 .text.fontGlyphIndexFromCodePoint
                0x001097dc      0x100 E:/devkitPro/libctru/lib\libctru.a(font.o)
                0x001097dc                fontGlyphIndexFromCodePoint
 .text.fontCalcGlyphPos
                0x001098dc      0x1ec E:/devkitPro/libctru/lib\libctru.a(font.o)
                0x001098dc                fontCalcGlyphPos
 .text.gfxPresentFramebuffer
                0x00109ac8       0xd0 E:/devkitPro/libctru/lib\libctru.a(gfx.o)
 .text.gfxIsWide
                0x00109b98       0x1c E:/devkitPro/libctru/lib\libctru.a(gfx.o)
                0x00109b98                gfxIsWide
 .text.gfxSetScreenFormat
                0x00109bb4       0xec E:/devkitPro/libctru/lib\libctru.a(gfx.o)
                0x00109bb4                gfxSetScreenFormat
 .text.gfxSetDoubleBuffering
                0x00109ca0       0x10 E:/devkitPro/libctru/lib\libctru.a(gfx.o)
                0x00109ca0                gfxSetDoubleBuffering
 .text.gfxInit  0x00109cb0       0xe0 E:/devkitPro/libctru/lib\libctru.a(gfx.o)
                0x00109cb0                gfxInit
 .text.gfxInitDefault
                0x00109d90       0x10 E:/devkitPro/libctru/lib\libctru.a(gfx.o)
                0x00109d90                gfxInitDefault
 .text.gfxExit  0x00109da0       0xb4 E:/devkitPro/libctru/lib\libctru.a(gfx.o)
                0x00109da0                gfxExit
 .text.gfxGetFramebuffer
                0x00109e54       0xa0 E:/devkitPro/libctru/lib\libctru.a(gfx.o)
                0x00109e54                gfxGetFramebuffer
 .text.gfxFlushBuffers
                0x00109ef4      0x104 E:/devkitPro/libctru/lib\libctru.a(gfx.o)
                0x00109ef4                gfxFlushBuffers
 .text.gfxScreenSwapBuffers
                0x00109ff8       0x30 E:/devkitPro/libctru/lib\libctru.a(gfx.o)
                0x00109ff8                gfxScreenSwapBuffers
 .text.gfxSwapBuffers
                0x0010a028       0x50 E:/devkitPro/libctru/lib\libctru.a(gfx.o)
                0x0010a028                gfxSwapBuffers
 .text.gfxSwapBuffersGpu
                0x0010a078       0x50 E:/devkitPro/libctru/lib\libctru.a(gfx.o)
                0x0010a078                gfxSwapBuffersGpu
 .text.osConvertVirtToPhys
                0x0010a0c8       0x74 E:/devkitPro/libctru/lib\libctru.a(os.o)
                0x0010a0c8                osConvertVirtToPhys
 .text.osGetTimeRef
                0x0010a13c       0x54 E:/devkitPro/libctru/lib\libctru.a(os.o)
                0x0010a13c                osGetTimeRef
 .text.osGetTime
                0x0010a190       0xec E:/devkitPro/libctru/lib\libctru.a(os.o)
                0x0010a190                osGetTime
 .text.__ctru_speedup_config
                0x0010a27c       0x34 E:/devkitPro/libctru/lib\libctru.a(os.o)
                0x0010a27c                __ctru_speedup_config
 .text.romfs_close
                0x0010a2b0        0x8 E:/devkitPro/libctru/lib\libctru.a(romfs_dev.o)
 .text.romfs_seek
                0x0010a2b8       0xc4 E:/devkitPro/libctru/lib\libctru.a(romfs_dev.o)
 .text.romfs_dirreset
                0x0010a37c       0x24 E:/devkitPro/libctru/lib\libctru.a(romfs_dev.o)
 .text.fill_dir
                0x0010a3a0       0xc8 E:/devkitPro/libctru/lib\libctru.a(romfs_dev.o)
 .text.romfs_dirnext
                0x0010a468      0x2a8 E:/devkitPro/libctru/lib\libctru.a(romfs_dev.o)
 .text.romfs_free
                0x0010a710       0x84 E:/devkitPro/libctru/lib\libctru.a(romfs_dev.o)
 .text.searchForFile.constprop.0
                0x0010a794       0xd4 E:/devkitPro/libctru/lib\libctru.a(romfs_dev.o)
 .text.searchForDir.constprop.0
                0x0010a868       0xd8 E:/devkitPro/libctru/lib\libctru.a(romfs_dev.o)
 .text.navigateToDir.constprop.0
                0x0010a940      0x1c0 E:/devkitPro/libctru/lib\libctru.a(romfs_dev.o)
 .text.romfs_open
                0x0010ab00      0x10c E:/devkitPro/libctru/lib\libctru.a(romfs_dev.o)
 .text.romfs_chdir
                0x0010ac0c       0x4c E:/devkitPro/libctru/lib\libctru.a(romfs_dev.o)
 .text.romfs_diropen
                0x0010ac58       0x70 E:/devkitPro/libctru/lib\libctru.a(romfs_dev.o)
 .text.romfs_stat
                0x0010acc8      0x174 E:/devkitPro/libctru/lib\libctru.a(romfs_dev.o)
 .text.romfs_dirclose
                0x0010ae3c        0x8 E:/devkitPro/libctru/lib\libctru.a(romfs_dev.o)
 *fill*         0x0010ae44        0x4 
 .text.romfs_fstat
                0x0010ae48       0x84 E:/devkitPro/libctru/lib\libctru.a(romfs_dev.o)
 .text.romfs_read
                0x0010aecc       0xd0 E:/devkitPro/libctru/lib\libctru.a(romfs_dev.o)
 .text.romfsMountFromFile
                0x0010af9c      0x28c E:/devkitPro/libctru/lib\libctru.a(romfs_dev.o)
                0x0010af9c                romfsMountFromFile
 .text.romfsMountFromCurrentProcess
                0x0010b228       0x98 E:/devkitPro/libctru/lib\libctru.a(romfs_dev.o)
                0x0010b228                romfsMountFromCurrentProcess
 .text.romfsMountSelf
                0x0010b2c0      0x260 E:/devkitPro/libctru/lib\libctru.a(romfs_dev.o)
                0x0010b2c0                romfsMountSelf
 .text.romfsUnmount
                0x0010b520       0xa0 E:/devkitPro/libctru/lib\libctru.a(romfs_dev.o)
                0x0010b520                romfsUnmount
 .text.GPUCMD_Add
                0x0010b5c0      0x13c E:/devkitPro/libctru/lib\libctru.a(gpu.o)
                0x0010b5c0                GPUCMD_Add
 .text.GPUCMD_Split
                0x0010b6fc       0xb0 E:/devkitPro/libctru/lib\libctru.a(gpu.o)
                0x0010b6fc                GPUCMD_Split
 .text.f32tof16
                0x0010b7ac       0x34 E:/devkitPro/libctru/lib\libctru.a(gpu.o)
                0x0010b7ac                f32tof16
 .text.f32tof24
                0x0010b7e0       0x34 E:/devkitPro/libctru/lib\libctru.a(gpu.o)
                0x0010b7e0                f32tof24
 .text.f32tof31
                0x0010b814       0x38 E:/devkitPro/libctru/lib\libctru.a(gpu.o)
                0x0010b814                f32tof31
 .text.GX_BindQueue
                0x0010b84c       0x10 E:/devkitPro/libctru/lib\libctru.a(gx.o)
                0x0010b84c                GX_BindQueue
 .text.GX_ProcessCommandList
                0x0010b85c       0x78 E:/devkitPro/libctru/lib\libctru.a(gx.o)
                0x0010b85c                GX_ProcessCommandList
 .text.GX_MemoryFill
                0x0010b8d4       0x74 E:/devkitPro/libctru/lib\libctru.a(gx.o)
                0x0010b8d4                GX_MemoryFill
 .text.GX_DisplayTransfer
                0x0010b948       0x70 E:/devkitPro/libctru/lib\libctru.a(gx.o)
                0x0010b948                GX_DisplayTransfer
 .text.GX_TextureCopy
                0x0010b9b8       0x74 E:/devkitPro/libctru/lib\libctru.a(gx.o)
                0x0010b9b8                GX_TextureCopy
 .text.gxCmdQueueDoCommands.part.0
                0x0010ba2c       0x68 E:/devkitPro/libctru/lib\libctru.a(gxqueue.o)
 .text.gxCmdQueueInterrupt
                0x0010ba94       0xc8 E:/devkitPro/libctru/lib\libctru.a(gxqueue.o)
                0x0010ba94                gxCmdQueueInterrupt
 .text.gxCmdQueueClear
                0x0010bb5c       0x4c E:/devkitPro/libctru/lib\libctru.a(gxqueue.o)
                0x0010bb5c                gxCmdQueueClear
 .text.gxCmdQueueAdd
                0x0010bba8       0xf8 E:/devkitPro/libctru/lib\libctru.a(gxqueue.o)
                0x0010bba8                gxCmdQueueAdd
 .text.gxCmdQueueRun
                0x0010bca0       0x80 E:/devkitPro/libctru/lib\libctru.a(gxqueue.o)
                0x0010bca0                gxCmdQueueRun
 .text.gxCmdQueueStop
                0x0010bd20       0x60 E:/devkitPro/libctru/lib\libctru.a(gxqueue.o)
                0x0010bd20                gxCmdQueueStop
 .text.gxCmdQueueWait
                0x0010bd80       0x8c E:/devkitPro/libctru/lib\libctru.a(gxqueue.o)
                0x0010bd80                gxCmdQueueWait
 .text.shaderInstanceInit
                0x0010be0c      0x1d0 E:/devkitPro/libctru/lib\libctru.a(shaderProgram.o)
                0x0010be0c                shaderInstanceInit
 .text.shaderInstanceGetUniformLocation
                0x0010bfdc       0x18 E:/devkitPro/libctru/lib\libctru.a(shaderProgram.o)
                0x0010bfdc                shaderInstanceGetUniformLocation
 .text.shaderProgramInit
                0x0010bff4       0x1c E:/devkitPro/libctru/lib\libctru.a(shaderProgram.o)
                0x0010bff4                shaderProgramInit
 .text.shaderProgramFree
                0x0010c010       0x64 E:/devkitPro/libctru/lib\libctru.a(shaderProgram.o)
                0x0010c010                shaderProgramFree
 .text.shaderProgramSetVsh
                0x0010c074       0x80 E:/devkitPro/libctru/lib\libctru.a(shaderProgram.o)
                0x0010c074                shaderProgramSetVsh
 .text.shaderProgramConfigure
                0x0010c0f4      0x8e0 E:/devkitPro/libctru/lib\libctru.a(shaderProgram.o)
                0x0010c0f4                shaderProgramConfigure
 .text.DVLE_GenerateOutmap.part.0
                0x0010c9d4      0x1cc E:/devkitPro/libctru/lib\libctru.a(shbin.o)
 .text.DVLB_ParseFile
                0x0010cba0      0x1b4 E:/devkitPro/libctru/lib\libctru.a(shbin.o)
                0x0010cba0                DVLB_ParseFile
 .text.DVLB_Free
                0x0010cd54       0x38 E:/devkitPro/libctru/lib\libctru.a(shbin.o)
                0x0010cd54                DVLB_Free
 .text.DVLE_GetUniformRegister
                0x0010cd8c       0x74 E:/devkitPro/libctru/lib\libctru.a(shbin.o)
                0x0010cd8c                DVLE_GetUniformRegister
 .text.ndspChnReset
                0x0010ce00       0xe4 E:/devkitPro/libctru/lib\libctru.a(ndsp-channel.o)
                0x0010ce00                ndspChnReset
 .text.ndspChnSetFormat
                0x0010cee4       0x18 E:/devkitPro/libctru/lib\libctru.a(ndsp-channel.o)
                0x0010cee4                ndspChnSetFormat
 .text.ndspChnSetInterp
                0x0010cefc       0x48 E:/devkitPro/libctru/lib\libctru.a(ndsp-channel.o)
                0x0010cefc                ndspChnSetInterp
 .text.ndspChnSetRate
                0x0010cf44       0x5c E:/devkitPro/libctru/lib\libctru.a(ndsp-channel.o)
                0x0010cf44                ndspChnSetRate
 .text.ndspChnWaveBufClear
                0x0010cfa0       0xac E:/devkitPro/libctru/lib\libctru.a(ndsp-channel.o)
                0x0010cfa0                ndspChnWaveBufClear
 .text.ndspChnWaveBufAdd
                0x0010d04c       0xbc E:/devkitPro/libctru/lib\libctru.a(ndsp-channel.o)
                0x0010d04c                ndspChnWaveBufAdd
 .text.ndspiInitChn
                0x0010d108       0x40 E:/devkitPro/libctru/lib\libctru.a(ndsp-channel.o)
                0x0010d108                ndspiInitChn
 .text.ndspiDirtyChn
                0x0010d148       0x2c E:/devkitPro/libctru/lib\libctru.a(ndsp-channel.o)
                0x0010d148                ndspiDirtyChn
 .text.ndspiUpdateChn
                0x0010d174      0x458 E:/devkitPro/libctru/lib\libctru.a(ndsp-channel.o)
                0x0010d174                ndspiUpdateChn
 .text.ndspiReadChnState
                0x0010d5cc      0x180 E:/devkitPro/libctru/lib\libctru.a(ndsp-channel.o)
                0x0010d5cc                ndspiReadChnState
 .text.ndspUpdateMaster
                0x0010d74c      0x158 E:/devkitPro/libctru/lib\libctru.a(ndsp.o)
 *fill*         0x0010d8a4        0x4 
 .text.ndspFinalize
                0x0010d8a8      0x110 E:/devkitPro/libctru/lib\libctru.a(ndsp.o)
 .text.ndspInitialize.part.0
                0x0010d9b8      0x250 E:/devkitPro/libctru/lib\libctru.a(ndsp.o)
 .text.ndspHookCallback
                0x0010dc08       0xfc E:/devkitPro/libctru/lib\libctru.a(ndsp.o)
 *fill*         0x0010dd04        0x4 
 .text.ndspThreadMain
                0x0010dd08      0x318 E:/devkitPro/libctru/lib\libctru.a(ndsp.o)
 .text.ndspInit
                0x0010e020      0x3c4 E:/devkitPro/libctru/lib\libctru.a(ndsp.o)
                0x0010e020                ndspInit
 .text.ndspExit
                0x0010e3e4       0xcc E:/devkitPro/libctru/lib\libctru.a(ndsp.o)
                0x0010e3e4                ndspExit
 .text.ndspSetOutputMode
                0x0010e4b0       0x34 E:/devkitPro/libctru/lib\libctru.a(ndsp.o)
                0x0010e4b0                ndspSetOutputMode
 .text.aptConvertScreenForCapture
                0x0010e4e4      0x1ac E:/devkitPro/libctru/lib\libctru.a(apt.o)
 .text.aptSendCommand
                0x0010e690      0x158 E:/devkitPro/libctru/lib\libctru.a(apt.o)
                0x0010e690                aptSendCommand
 .text.aptExitProcess
                0x0010e7e8       0x44 E:/devkitPro/libctru/lib\libctru.a(apt.o)
 .text.aptExit  0x0010e82c      0x38c E:/devkitPro/libctru/lib\libctru.a(apt.o)
                0x0010e82c                aptExit
 .text.aptHandleSleep
                0x0010ebb8       0xe0 E:/devkitPro/libctru/lib\libctru.a(apt.o)
                0x0010ebb8                aptHandleSleep
 .text.aptHook  0x0010ec98       0x30 E:/devkitPro/libctru/lib\libctru.a(apt.o)
                0x0010ec98                aptHook
 .text.aptUnhook
                0x0010ecc8       0x30 E:/devkitPro/libctru/lib\libctru.a(apt.o)
                0x0010ecc8                aptUnhook
 .text.APT_SleepIfShellClosed
                0x0010ecf8       0x84 E:/devkitPro/libctru/lib\libctru.a(apt.o)
                0x0010ecf8                APT_SleepIfShellClosed
 .text.aptSetSleepAllowed
                0x0010ed7c       0x84 E:/devkitPro/libctru/lib\libctru.a(apt.o)
                0x0010ed7c                aptSetSleepAllowed
 .text.APT_UnlockTransition
                0x0010ee00       0x84 E:/devkitPro/libctru/lib\libctru.a(apt.o)
                0x0010ee00                APT_UnlockTransition
 *fill*         0x0010ee84        0x4 
 .text.aptEventHandler
                0x0010ee88      0x4a4 E:/devkitPro/libctru/lib\libctru.a(apt.o)
 .text.APT_ReceiveParameter
                0x0010f32c       0xb0 E:/devkitPro/libctru/lib\libctru.a(apt.o)
                0x0010f32c                APT_ReceiveParameter
 .text.aptReceiveParameter.constprop.0
                0x0010f3dc       0xac E:/devkitPro/libctru/lib\libctru.a(apt.o)
 .text.aptScreenTransfer
                0x0010f488      0x2ac E:/devkitPro/libctru/lib\libctru.a(apt.o)
 .text.aptWaitForWakeUp.isra.0
                0x0010f734      0x320 E:/devkitPro/libctru/lib\libctru.a(apt.o)
 .text.aptLaunchLibraryApplet
                0x0010fa54      0x118 E:/devkitPro/libctru/lib\libctru.a(apt.o)
                0x0010fa54                aptLaunchLibraryApplet
 .text.aptJumpToHomeMenu
                0x0010fb6c       0xf8 E:/devkitPro/libctru/lib\libctru.a(apt.o)
                0x0010fb6c                aptJumpToHomeMenu
 .text.aptMainLoop
                0x0010fc64       0x48 E:/devkitPro/libctru/lib\libctru.a(apt.o)
                0x0010fc64                aptMainLoop
 .text.aptInit  0x0010fcac      0x22c E:/devkitPro/libctru/lib\libctru.a(apt.o)
                0x0010fcac                aptInit
 .text.APT_CheckNew3DS
                0x0010fed8       0x7c E:/devkitPro/libctru/lib\libctru.a(apt.o)
                0x0010fed8                APT_CheckNew3DS
 .text.APT_GetSharedFont
                0x0010ff54       0x48 E:/devkitPro/libctru/lib\libctru.a(apt.o)
                0x0010ff54                APT_GetSharedFont
 .text.cfguInit
                0x0010ff9c       0xa4 E:/devkitPro/libctru/lib\libctru.a(cfgu.o)
                0x0010ff9c                cfguInit
 .text.cfguExit
                0x00110040       0x3c E:/devkitPro/libctru/lib\libctru.a(cfgu.o)
                0x00110040                cfguExit
 .text.CFGU_GetConfigInfoBlk2
                0x0011007c       0x4c E:/devkitPro/libctru/lib\libctru.a(cfgu.o)
                0x0011007c                CFGU_GetConfigInfoBlk2
 .text.DSP_LoadComponent.part.0
                0x001100c8       0xa4 E:/devkitPro/libctru/lib\libctru.a(dsp.o)
 .text.dspInit  0x0011016c       0xdc E:/devkitPro/libctru/lib\libctru.a(dsp.o)
                0x0011016c                dspInit
 .text.dspExit  0x00110248       0x80 E:/devkitPro/libctru/lib\libctru.a(dsp.o)
                0x00110248                dspExit
 .text.dspHook  0x001102c8       0x24 E:/devkitPro/libctru/lib\libctru.a(dsp.o)
                0x001102c8                dspHook
 .text.dspUnhook
                0x001102ec       0x30 E:/devkitPro/libctru/lib\libctru.a(dsp.o)
                0x001102ec                dspUnhook
 .text.aptDspSleep
                0x0011031c       0xb0 E:/devkitPro/libctru/lib\libctru.a(dsp.o)
                0x0011031c                aptDspSleep
 .text.aptDspWakeup
                0x001103cc       0xb8 E:/devkitPro/libctru/lib\libctru.a(dsp.o)
                0x001103cc                aptDspWakeup
 .text.aptDspCancel
                0x00110484       0x44 E:/devkitPro/libctru/lib\libctru.a(dsp.o)
                0x00110484                aptDspCancel
 .text.DSP_FlushDataCache
                0x001104c8       0x50 E:/devkitPro/libctru/lib\libctru.a(dsp.o)
                0x001104c8                DSP_FlushDataCache
 .text.DSP_SetSemaphore
                0x00110518       0x34 E:/devkitPro/libctru/lib\libctru.a(dsp.o)
                0x00110518                DSP_SetSemaphore
 .text.DSP_SetSemaphoreMask
                0x0011054c       0x34 E:/devkitPro/libctru/lib\libctru.a(dsp.o)
                0x0011054c                DSP_SetSemaphoreMask
 .text.DSP_GetSemaphoreHandle
                0x00110580       0x38 E:/devkitPro/libctru/lib\libctru.a(dsp.o)
                0x00110580                DSP_GetSemaphoreHandle
 .text.DSP_LoadComponent
                0x001105b8       0x3c E:/devkitPro/libctru/lib\libctru.a(dsp.o)
                0x001105b8                DSP_LoadComponent
 .text.DSP_RegisterInterruptEvents
                0x001105f4       0x44 E:/devkitPro/libctru/lib\libctru.a(dsp.o)
                0x001105f4                DSP_RegisterInterruptEvents
 .text.DSP_ReadPipeIfPossible
                0x00110638       0x74 E:/devkitPro/libctru/lib\libctru.a(dsp.o)
                0x00110638                DSP_ReadPipeIfPossible
 .text.DSP_WriteProcessPipe
                0x001106ac       0x4c E:/devkitPro/libctru/lib\libctru.a(dsp.o)
                0x001106ac                DSP_WriteProcessPipe
 .text.DSP_ConvertProcessAddressFromDspDram
                0x001106f8       0x40 E:/devkitPro/libctru/lib\libctru.a(dsp.o)
                0x001106f8                DSP_ConvertProcessAddressFromDspDram
 .text.DSP_RecvData
                0x00110738       0x40 E:/devkitPro/libctru/lib\libctru.a(dsp.o)
                0x00110738                DSP_RecvData
 .text.DSP_RecvDataIsReady
                0x00110778       0x4c E:/devkitPro/libctru/lib\libctru.a(dsp.o)
                0x00110778                DSP_RecvDataIsReady
 .text.fsInit   0x001107c4       0xcc E:/devkitPro/libctru/lib\libctru.a(fs.o)
                0x001107c4                fsInit
 .text.fsExit   0x00110890       0x3c E:/devkitPro/libctru/lib\libctru.a(fs.o)
                0x00110890                fsExit
 .text.fsExemptFromSession
                0x001108cc       0x60 E:/devkitPro/libctru/lib\libctru.a(fs.o)
                0x001108cc                fsExemptFromSession
 .text.fsUnexemptFromSession
                0x0011092c       0x50 E:/devkitPro/libctru/lib\libctru.a(fs.o)
                0x0011092c                fsUnexemptFromSession
 .text.FSUSER_OpenFile
                0x0011097c       0xcc E:/devkitPro/libctru/lib\libctru.a(fs.o)
                0x0011097c                FSUSER_OpenFile
 .text.FSUSER_OpenFileDirectly
                0x00110a48       0xd4 E:/devkitPro/libctru/lib\libctru.a(fs.o)
                0x00110a48                FSUSER_OpenFileDirectly
 .text.FSUSER_DeleteFile
                0x00110b1c       0xbc E:/devkitPro/libctru/lib\libctru.a(fs.o)
                0x00110b1c                FSUSER_DeleteFile
 .text.FSUSER_RenameFile
                0x00110bd8       0xf8 E:/devkitPro/libctru/lib\libctru.a(fs.o)
                0x00110bd8                FSUSER_RenameFile
 .text.FSUSER_DeleteDirectory
                0x00110cd0       0xbc E:/devkitPro/libctru/lib\libctru.a(fs.o)
                0x00110cd0                FSUSER_DeleteDirectory
 .text.FSUSER_CreateFile
                0x00110d8c       0xd4 E:/devkitPro/libctru/lib\libctru.a(fs.o)
                0x00110d8c                FSUSER_CreateFile
 .text.FSUSER_CreateDirectory
                0x00110e60       0xc4 E:/devkitPro/libctru/lib\libctru.a(fs.o)
                0x00110e60                FSUSER_CreateDirectory
 .text.FSUSER_RenameDirectory
                0x00110f24       0xf8 E:/devkitPro/libctru/lib\libctru.a(fs.o)
                0x00110f24                FSUSER_RenameDirectory
 .text.FSUSER_OpenDirectory
                0x0011101c       0xb4 E:/devkitPro/libctru/lib\libctru.a(fs.o)
                0x0011101c                FSUSER_OpenDirectory
 .text.FSUSER_OpenArchive
                0x001110d0       0x94 E:/devkitPro/libctru/lib\libctru.a(fs.o)
                0x001110d0                FSUSER_OpenArchive
 .text.FSUSER_CloseArchive
                0x00111164       0x8c E:/devkitPro/libctru/lib\libctru.a(fs.o)
                0x00111164                FSUSER_CloseArchive
 .text.FSUSER_GetSdmcArchiveResource
                0x001111f0       0x74 E:/devkitPro/libctru/lib\libctru.a(fs.o)
                0x001111f0                FSUSER_GetSdmcArchiveResource
 .text.FSUSER_IsSdmcWritable
                0x00111264       0x64 E:/devkitPro/libctru/lib\libctru.a(fs.o)
                0x00111264                FSUSER_IsSdmcWritable
 .text.FSFILE_Read
                0x001112c8       0x58 E:/devkitPro/libctru/lib\libctru.a(fs.o)
                0x001112c8                FSFILE_Read
 .text.FSFILE_Write
                0x00111320       0x60 E:/devkitPro/libctru/lib\libctru.a(fs.o)
                0x00111320                FSFILE_Write
 .text.FSFILE_GetSize
                0x00111380       0x38 E:/devkitPro/libctru/lib\libctru.a(fs.o)
                0x00111380                FSFILE_GetSize
 .text.FSFILE_SetSize
                0x001113b8       0x28 E:/devkitPro/libctru/lib\libctru.a(fs.o)
                0x001113b8                FSFILE_SetSize
 .text.FSFILE_Close
                0x001113e0       0x3c E:/devkitPro/libctru/lib\libctru.a(fs.o)
                0x001113e0                FSFILE_Close
 .text.FSFILE_Flush
                0x0011141c       0x24 E:/devkitPro/libctru/lib\libctru.a(fs.o)
                0x0011141c                FSFILE_Flush
 .text.FSDIR_Read
                0x00111440       0x50 E:/devkitPro/libctru/lib\libctru.a(fs.o)
                0x00111440                FSDIR_Read
 .text.FSDIR_Close
                0x00111490       0x3c E:/devkitPro/libctru/lib\libctru.a(fs.o)
                0x00111490                FSDIR_Close
 .text.gspHardwareInit
                0x001114cc      0xc64 E:/devkitPro/libctru/lib\libctru.a(gspgpu.o)
 .text.gspInit  0x00112130      0x248 E:/devkitPro/libctru/lib\libctru.a(gspgpu.o)
                0x00112130                gspInit
 .text.gspExit  0x00112378       0xf0 E:/devkitPro/libctru/lib\libctru.a(gspgpu.o)
                0x00112378                gspExit
 .text.gspHasGpuRight
                0x00112468       0x10 E:/devkitPro/libctru/lib\libctru.a(gspgpu.o)
                0x00112468                gspHasGpuRight
 .text.gspPresentBuffer
                0x00112478       0xa0 E:/devkitPro/libctru/lib\libctru.a(gspgpu.o)
                0x00112478                gspPresentBuffer
 .text.gspSetEventCallback
                0x00112518       0x30 E:/devkitPro/libctru/lib\libctru.a(gspgpu.o)
                0x00112518                gspSetEventCallback
 .text.gspWaitForEvent
                0x00112548       0x44 E:/devkitPro/libctru/lib\libctru.a(gspgpu.o)
                0x00112548                gspWaitForEvent
 .text.gspWaitForAnyEvent
                0x0011258c       0x4c E:/devkitPro/libctru/lib\libctru.a(gspgpu.o)
                0x0011258c                gspWaitForAnyEvent
 .text.gspEventThreadMain
                0x001125d8      0x158 E:/devkitPro/libctru/lib\libctru.a(gspgpu.o)
 .text.gspSubmitGxCommand
                0x00112730      0x130 E:/devkitPro/libctru/lib\libctru.a(gspgpu.o)
                0x00112730                gspSubmitGxCommand
 .text.GSPGPU_FlushDataCache
                0x00112860       0x50 E:/devkitPro/libctru/lib\libctru.a(gspgpu.o)
                0x00112860                GSPGPU_FlushDataCache
 .text.GSPGPU_SetLcdForceBlack
                0x001128b0       0x34 E:/devkitPro/libctru/lib\libctru.a(gspgpu.o)
                0x001128b0                GSPGPU_SetLcdForceBlack
 .text.GSPGPU_AcquireRight
                0x001128e4       0x68 E:/devkitPro/libctru/lib\libctru.a(gspgpu.o)
                0x001128e4                GSPGPU_AcquireRight
 .text.GSPGPU_ReleaseRight
                0x0011294c       0x48 E:/devkitPro/libctru/lib\libctru.a(gspgpu.o)
                0x0011294c                GSPGPU_ReleaseRight
 .text.GSPGPU_ImportDisplayCaptureInfo
                0x00112994       0x7c E:/devkitPro/libctru/lib\libctru.a(gspgpu.o)
                0x00112994                GSPGPU_ImportDisplayCaptureInfo
 .text.GSPGPU_SaveVramSysArea
                0x00112a10       0x2c E:/devkitPro/libctru/lib\libctru.a(gspgpu.o)
                0x00112a10                GSPGPU_SaveVramSysArea
 .text.GSPGPU_RestoreVramSysArea
                0x00112a3c       0x2c E:/devkitPro/libctru/lib\libctru.a(gspgpu.o)
                0x00112a3c                GSPGPU_RestoreVramSysArea
 .text.hidShouldUseIrrst
                0x00112a68       0x24 E:/devkitPro/libctru/lib\libctru.a(hid.o)
                0x00112a68                hidShouldUseIrrst
 .text.hidInit  0x00112a8c      0x18c E:/devkitPro/libctru/lib\libctru.a(hid.o)
                0x00112a8c                hidInit
 .text.hidExit  0x00112c18       0xe8 E:/devkitPro/libctru/lib\libctru.a(hid.o)
                0x00112c18                hidExit
 .text.hidScanInput
                0x00112d00      0x2a4 E:/devkitPro/libctru/lib\libctru.a(hid.o)
                0x00112d00                hidScanInput
 .text.hidKeysHeld
                0x00112fa4       0x10 E:/devkitPro/libctru/lib\libctru.a(hid.o)
                0x00112fa4                hidKeysHeld
 .text.hidKeysDown
                0x00112fb4       0x10 E:/devkitPro/libctru/lib\libctru.a(hid.o)
                0x00112fb4                hidKeysDown
 .text.irrstInit
                0x00112fc4      0x160 E:/devkitPro/libctru/lib\libctru.a(irrst.o)
                0x00112fc4                irrstInit
 .text.irrstExit
                0x00113124       0xcc E:/devkitPro/libctru/lib\libctru.a(irrst.o)
                0x00113124                irrstExit
 .text.irrstScanInput
                0x001131f0       0xb4 E:/devkitPro/libctru/lib\libctru.a(irrst.o)
                0x001131f0                irrstScanInput
 .text.irrstKeysHeld
                0x001132a4       0x24 E:/devkitPro/libctru/lib\libctru.a(irrst.o)
                0x001132a4                irrstKeysHeld
 .text.ptmSysmInit
                0x001132c8       0x74 E:/devkitPro/libctru/lib\libctru.a(ptmsysm.o)
                0x001132c8                ptmSysmInit
 .text.ptmSysmExit
                0x0011333c       0x3c E:/devkitPro/libctru/lib\libctru.a(ptmsysm.o)
                0x0011333c                ptmSysmExit
 .text.PTMSYSM_ConfigureNew3DSCPU
                0x00113378       0x34 E:/devkitPro/libctru/lib\libctru.a(ptmsysm.o)
                0x00113378                PTMSYSM_ConfigureNew3DSCPU
 .text.miiSelectorInit
                0x001133ac       0x40 E:/devkitPro/libctru/lib\libctru.a(miiselector.o)
                0x001133ac                miiSelectorInit
 .text.miiSelectorLaunch
                0x001133ec       0x64 E:/devkitPro/libctru/lib\libctru.a(miiselector.o)
                0x001133ec                miiSelectorLaunch
 .text.miiSelectorSetTitle
                0x00113450       0x50 E:/devkitPro/libctru/lib\libctru.a(miiselector.o)
                0x00113450                miiSelectorSetTitle
 .text.miiSelectorSetOptions
                0x001134a0       0x30 E:/devkitPro/libctru/lib\libctru.a(miiselector.o)
                0x001134a0                miiSelectorSetOptions
 .text.miiSelectorBlacklistUserMii
                0x001134d0       0x30 E:/devkitPro/libctru/lib\libctru.a(miiselector.o)
                0x001134d0                miiSelectorBlacklistUserMii
 .text.miiSelectorReturnGetName
                0x00113500       0xb4 E:/devkitPro/libctru/lib\libctru.a(miiselector.o)
                0x00113500                miiSelectorReturnGetName
 .text.miiSelectorChecksumIsValid
                0x001135b4       0x84 E:/devkitPro/libctru/lib\libctru.a(miiselector.o)
                0x001135b4                miiSelectorChecksumIsValid
 .text.buffer_read
                0x00113638       0xc4 E:/devkitPro/libctru/lib\libctru.a(decompress.o)
 .text.iov_read
                0x001136fc       0xcc E:/devkitPro/libctru/lib\libctru.a(decompress.o)
 .text.iov_memmove
                0x001137c8      0x148 E:/devkitPro/libctru/lib\libctru.a(decompress.o)
 .text.decompress_rle
                0x00113910      0x1dc E:/devkitPro/libctru/lib\libctru.a(decompress.o)
 .text.decompress_lzss
                0x00113aec      0x244 E:/devkitPro/libctru/lib\libctru.a(decompress.o)
 .text.decompress_lz11
                0x00113d30      0x428 E:/devkitPro/libctru/lib\libctru.a(decompress.o)
 .text.decompress_huff
                0x00114158      0x2d4 E:/devkitPro/libctru/lib\libctru.a(decompress.o)
 .text.decompressCallback_Stdio
                0x0011442c       0x10 E:/devkitPro/libctru/lib\libctru.a(decompress.o)
                0x0011442c                decompressCallback_Stdio
 .text.decompressHeader
                0x0011443c       0xdc E:/devkitPro/libctru/lib\libctru.a(decompress.o)
                0x0011443c                decompressHeader
 .text.decompressV
                0x00114518      0x240 E:/devkitPro/libctru/lib\libctru.a(decompress.o)
                0x00114518                decompressV
 .text.rbtree_find
                0x00114758       0x74 E:/devkitPro/libctru/lib\libctru.a(rbtree_find.o)
                0x00114758                rbtree_find
 .text.rbtree_init
                0x001147cc       0x10 E:/devkitPro/libctru/lib\libctru.a(rbtree_init.o)
                0x001147cc                rbtree_init
 .text.do_insert
                0x001147dc      0x1b0 E:/devkitPro/libctru/lib\libctru.a(rbtree_insert.o)
 .text.rbtree_insert
                0x0011498c        0x8 E:/devkitPro/libctru/lib\libctru.a(rbtree_insert.o)
                0x0011498c                rbtree_insert
 .text.rbtree_remove
                0x00114994      0x318 E:/devkitPro/libctru/lib\libctru.a(rbtree_remove.o)
                0x00114994                rbtree_remove
 .text.rbtree_rotate
                0x00114cac       0x90 E:/devkitPro/libctru/lib\libctru.a(rbtree_rotate.o)
                0x00114cac                rbtree_rotate
 .text.decode_utf8
                0x00114d3c      0x13c E:/devkitPro/libctru/lib\libctru.a(decode_utf8.o)
                0x00114d3c                decode_utf8
 .text.utf16_to_utf8
                0x00114e78       0xe8 E:/devkitPro/libctru/lib\libctru.a(utf16_to_utf8.o)
                0x00114e78                utf16_to_utf8
 .text.utf8_to_utf16
                0x00114f60       0xc0 E:/devkitPro/libctru/lib\libctru.a(utf8_to_utf16.o)
                0x00114f60                utf8_to_utf16
 .text.__system_allocateHeaps
                0x00115020      0x1e0 E:/devkitPro/libctru/lib\libctru.a(allocateHeaps.o)
                0x00115020                __system_allocateHeaps
 .text.__libctru_init
                0x00115200       0x38 E:/devkitPro/libctru/lib\libctru.a(ctru_init.o)
                0x00115200                __libctru_init
 .text.__system_initArgv
                0x00115238      0x170 E:/devkitPro/libctru/lib\libctru.a(initArgv.o)
                0x00115238                __system_initArgv
 .text.__syscall_getreent
                0x001153a8       0x30 E:/devkitPro/libctru/lib\libctru.a(syscalls.o)
                0x001153a8                __syscall_getreent
 .text.__syscall_gettod_r
                0x001153d8       0x64 E:/devkitPro/libctru/lib\libctru.a(syscalls.o)
                0x001153d8                __syscall_gettod_r
 .text.__syscall_lock_acquire
                0x0011543c        0x4 E:/devkitPro/libctru/lib\libctru.a(syscalls.o)
                0x0011543c                __syscall_lock_acquire
 .text.__syscall_lock_release
                0x00115440        0x4 E:/devkitPro/libctru/lib\libctru.a(syscalls.o)
                0x00115440                __syscall_lock_release
 .text.__syscall_lock_acquire_recursive
                0x00115444        0x4 E:/devkitPro/libctru/lib\libctru.a(syscalls.o)
                0x00115444                __syscall_lock_acquire_recursive
 .text.__syscall_lock_release_recursive
                0x00115448        0x4 E:/devkitPro/libctru/lib\libctru.a(syscalls.o)
                0x00115448                __syscall_lock_release_recursive
 .text.__syscall_exit
                0x0011544c        0x4 E:/devkitPro/libctru/lib\libctru.a(syscalls.o)
                0x0011544c                __syscall_exit
 .text.initThreadVars
                0x00115450       0x50 E:/devkitPro/libctru/lib\libctru.a(syscalls.o)
                0x00115450                initThreadVars
 .text.__system_initSyscalls
                0x001154a0       0x80 E:/devkitPro/libctru/lib\libctru.a(syscalls.o)
                0x001154a0                __system_initSyscalls
 .text.svcControlMemory
                0x00115520       0x20 E:/devkitPro/libctru/lib\libctru.a(svc.o)
                0x00115520                svcControlMemory
 .text.svcQueryMemory
                0x00115540       0x30 E:/devkitPro/libctru/lib\libctru.a(svc.o)
                0x00115540                svcQueryMemory
 .text.svcExitProcess
                0x00115570        0x8 E:/devkitPro/libctru/lib\libctru.a(svc.o)
                0x00115570                svcExitProcess
 .text.svcCreateThread
                0x00115578       0x20 E:/devkitPro/libctru/lib\libctru.a(svc.o)
                0x00115578                svcCreateThread
 .text.svcExitThread
                0x00115598        0x8 E:/devkitPro/libctru/lib\libctru.a(svc.o)
                0x00115598                svcExitThread
 .text.svcSleepThread
                0x001155a0        0x8 E:/devkitPro/libctru/lib\libctru.a(svc.o)
                0x001155a0                svcSleepThread
 .text.svcReleaseMutex
                0x001155a8        0x8 E:/devkitPro/libctru/lib\libctru.a(svc.o)
                0x001155a8                svcReleaseMutex
 .text.svcCreateEvent
                0x001155b0       0x14 E:/devkitPro/libctru/lib\libctru.a(svc.o)
                0x001155b0                svcCreateEvent
 .text.svcSignalEvent
                0x001155c4        0x8 E:/devkitPro/libctru/lib\libctru.a(svc.o)
                0x001155c4                svcSignalEvent
 .text.svcClearEvent
                0x001155cc        0x8 E:/devkitPro/libctru/lib\libctru.a(svc.o)
                0x001155cc                svcClearEvent
 .text.svcMapMemoryBlock
                0x001155d4        0x8 E:/devkitPro/libctru/lib\libctru.a(svc.o)
                0x001155d4                svcMapMemoryBlock
 .text.svcUnmapMemoryBlock
                0x001155dc        0x8 E:/devkitPro/libctru/lib\libctru.a(svc.o)
                0x001155dc                svcUnmapMemoryBlock
 .text.svcCreateAddressArbiter
                0x001155e4       0x14 E:/devkitPro/libctru/lib\libctru.a(svc.o)
                0x001155e4                svcCreateAddressArbiter
 .text.svcArbitrateAddressNoTimeout
                0x001155f8        0x8 E:/devkitPro/libctru/lib\libctru.a(svc.o)
                0x001155f8                svcArbitrateAddressNoTimeout
 .text.svcCloseHandle
                0x00115600        0x8 E:/devkitPro/libctru/lib\libctru.a(svc.o)
                0x00115600                svcCloseHandle
 .text.svcWaitSynchronization
                0x00115608        0x8 E:/devkitPro/libctru/lib\libctru.a(svc.o)
                0x00115608                svcWaitSynchronization
 .text.svcWaitSynchronizationN
                0x00115610       0x28 E:/devkitPro/libctru/lib\libctru.a(svc.o)
                0x00115610                svcWaitSynchronizationN
 .text.svcDuplicateHandle
                0x00115638       0x14 E:/devkitPro/libctru/lib\libctru.a(svc.o)
                0x00115638                svcDuplicateHandle
 .text.svcGetSystemTick
                0x0011564c        0x8 E:/devkitPro/libctru/lib\libctru.a(svc.o)
                0x0011564c                svcGetSystemTick
 .text.svcConnectToPort
                0x00115654       0x14 E:/devkitPro/libctru/lib\libctru.a(svc.o)
                0x00115654                svcConnectToPort
 .text.svcSendSyncRequest
                0x00115668        0x8 E:/devkitPro/libctru/lib\libctru.a(svc.o)
                0x00115668                svcSendSyncRequest
 .text.svcGetResourceLimit
                0x00115670       0x14 E:/devkitPro/libctru/lib\libctru.a(svc.o)
                0x00115670                svcGetResourceLimit
 .text.svcGetResourceLimitLimitValues
                0x00115684        0x8 E:/devkitPro/libctru/lib\libctru.a(svc.o)
                0x00115684                svcGetResourceLimitLimitValues
 .text.svcGetResourceLimitCurrentValues
                0x0011568c        0x8 E:/devkitPro/libctru/lib\libctru.a(svc.o)
                0x0011568c                svcGetResourceLimitCurrentValues
 .text.svcBreak
                0x00115694        0x8 E:/devkitPro/libctru/lib\libctru.a(svc.o)
                0x00115694                svcBreak
 .text.__aeabi_read_tp
                0x0011569c        0xc E:/devkitPro/libctru/lib\libctru.a(readtp.o)
                0x0011569c                __aeabi_read_tp
 .text.initSystem
                0x001156a8       0x50 E:/devkitPro/libctru/lib\libctru.a(stack_adjust.o)
                0x001156a8                initSystem
 .text.__ctru_exit
                0x001156f8       0x14 E:/devkitPro/libctru/lib\libctru.a(stack_adjust.o)
                0x001156f8                __ctru_exit
 .text.envGetHandle
                0x0011570c       0x84 E:/devkitPro/libctru/lib\libctru.a(env.o)
                0x0011570c                envGetHandle
 .text.envDestroyHandles
                0x00115790       0x50 E:/devkitPro/libctru/lib\libctru.a(env.o)
                0x00115790                envDestroyHandles
 .text.srvInit  0x001157e0      0x12c E:/devkitPro/libctru/lib\libctru.a(srv.o)
                0x001157e0                srvInit
 .text.srvExit  0x0011590c       0x58 E:/devkitPro/libctru/lib\libctru.a(srv.o)
                0x0011590c                srvExit
 .text.srvEnableNotification
                0x00115964       0x60 E:/devkitPro/libctru/lib\libctru.a(srv.o)
                0x00115964                srvEnableNotification
 .text.srvGetServiceHandleDirect
                0x001159c4       0xa0 E:/devkitPro/libctru/lib\libctru.a(srv.o)
                0x001159c4                srvGetServiceHandleDirect
 .text.srvGetServiceHandle
                0x00115a64       0x38 E:/devkitPro/libctru/lib\libctru.a(srv.o)
                0x00115a64                srvGetServiceHandle
 .text.srvSubscribe
                0x00115a9c       0x34 E:/devkitPro/libctru/lib\libctru.a(srv.o)
                0x00115a9c                srvSubscribe
 .text.srvReceiveNotification
                0x00115ad0       0x60 E:/devkitPro/libctru/lib\libctru.a(srv.o)
                0x00115ad0                srvReceiveNotification
 .text.srvPublishToSubscriber
                0x00115b30       0x38 E:/devkitPro/libctru/lib\libctru.a(srv.o)
                0x00115b30                srvPublishToSubscriber
 .text.__sync_init
                0x00115b68        0xc E:/devkitPro/libctru/lib\libctru.a(synchronization.o)
                0x00115b68                __sync_init
 .text.__sync_fini
                0x00115b74       0x18 E:/devkitPro/libctru/lib\libctru.a(synchronization.o)
                0x00115b74                __sync_fini
 .text.syncArbitrateAddress
                0x00115b8c       0x2c E:/devkitPro/libctru/lib\libctru.a(synchronization.o)
                0x00115b8c                syncArbitrateAddress
 .text.LightLock_Init
                0x00115bb8       0x1c E:/devkitPro/libctru/lib\libctru.a(synchronization.o)
                0x00115bb8                LightLock_Init
 .text.LightLock_Lock
                0x00115bd4       0xac E:/devkitPro/libctru/lib\libctru.a(synchronization.o)
                0x00115bd4                LightLock_Lock
 .text.LightLock_Unlock
                0x00115c80       0x40 E:/devkitPro/libctru/lib\libctru.a(synchronization.o)
                0x00115c80                LightLock_Unlock
 .text.RecursiveLock_Lock
                0x00115cc0       0x30 E:/devkitPro/libctru/lib\libctru.a(synchronization.o)
                0x00115cc0                RecursiveLock_Lock
 .text.RecursiveLock_Unlock
                0x00115cf0       0x54 E:/devkitPro/libctru/lib\libctru.a(synchronization.o)
                0x00115cf0                RecursiveLock_Unlock
 .text.LightEvent_Init
                0x00115d44       0x40 E:/devkitPro/libctru/lib\libctru.a(synchronization.o)
                0x00115d44                LightEvent_Init
 .text.LightEvent_Clear
                0x00115d84       0xa4 E:/devkitPro/libctru/lib\libctru.a(synchronization.o)
                0x00115d84                LightEvent_Clear
 .text.LightEvent_Signal
                0x00115e28       0xc8 E:/devkitPro/libctru/lib\libctru.a(synchronization.o)
                0x00115e28                LightEvent_Signal
 .text.LightEvent_TryWait
                0x00115ef0       0x50 E:/devkitPro/libctru/lib\libctru.a(synchronization.o)
                0x00115ef0                LightEvent_TryWait
 .text.LightEvent_Wait
                0x00115f40       0xa0 E:/devkitPro/libctru/lib\libctru.a(synchronization.o)
                0x00115f40                LightEvent_Wait
 .text.threadCreate
                0x00115fe0      0x1d8 E:/devkitPro/libctru/lib\libctru.a(thread.o)
                0x00115fe0                threadCreate
 .text.threadFree
                0x001161b8       0x2c E:/devkitPro/libctru/lib\libctru.a(thread.o)
                0x001161b8                threadFree
 .text.threadJoin
                0x001161e4       0x24 E:/devkitPro/libctru/lib\libctru.a(thread.o)
                0x001161e4                threadJoin
 .text.threadGetCurrent
                0x00116208       0x30 E:/devkitPro/libctru/lib\libctru.a(thread.o)
                0x00116208                threadGetCurrent
 .text.threadExit
                0x00116238       0x40 E:/devkitPro/libctru/lib\libctru.a(thread.o)
                0x00116238                threadExit
 .text._thread_begin
                0x00116278       0x20 E:/devkitPro/libctru/lib\libctru.a(thread.o)
 .text.mappableFindAddressWithin
                0x00116298       0xb4 E:/devkitPro/libctru/lib\libctru.a(mappable.o)
 .text.mappableInit
                0x0011634c       0x28 E:/devkitPro/libctru/lib\libctru.a(mappable.o)
                0x0011634c                mappableInit
 .text.mappableAlloc
                0x00116374       0x80 E:/devkitPro/libctru/lib\libctru.a(mappable.o)
                0x00116374                mappableAlloc
 .text.mappableFree
                0x001163f4        0x4 E:/devkitPro/libctru/lib\libctru.a(mappable.o)
                0x001163f4                mappableFree
 .text.srvPmGetSessionHandle
                0x001163f8        0xc E:/devkitPro/libctru/lib\libctru.a(srvpm.o)
                0x001163f8                srvPmGetSessionHandle
 .text.rbtree_node_next
                0x00116404       0x5c E:/devkitPro/libctru/lib\libctru.a(rbtree_iterator.o)
                0x00116404                rbtree_node_next
 .text.decode_utf16
                0x00116460       0x64 E:/devkitPro/libctru/lib\libctru.a(decode_utf16.o)
                0x00116460                decode_utf16
 .text.encode_utf16
                0x001164c4       0x54 E:/devkitPro/libctru/lib\libctru.a(encode_utf16.o)
                0x001164c4                encode_utf16
 .text.encode_utf8
                0x00116518       0xe0 E:/devkitPro/libctru/lib\libctru.a(encode_utf8.o)
                0x00116518                encode_utf8
 .text.__appExit
                0x001165f8       0x30 E:/devkitPro/libctru/lib\libctru.a(appExit.o)
                0x001165f8                __appExit
 .text.__appInit
                0x00116628       0x30 E:/devkitPro/libctru/lib\libctru.a(appInit.o)
                0x00116628                __appInit
 .text.__libctru_exit
                0x00116658       0x90 E:/devkitPro/libctru/lib\libctru.a(ctru_exit.o)
                0x00116658                __libctru_exit
 .text.archive_link
                0x001166e8       0x14 E:/devkitPro/libctru/lib\libctru.a(archive_dev.o)
 .text.archive_dirreset
                0x001166fc       0x14 E:/devkitPro/libctru/lib\libctru.a(archive_dev.o)
 .text.archive_chmod
                0x00116710       0x14 E:/devkitPro/libctru/lib\libctru.a(archive_dev.o)
 .text.error_cmp
                0x00116724       0x24 E:/devkitPro/libctru/lib\libctru.a(archive_dev.o)
 .text.archive_translate_error
                0x00116748       0x50 E:/devkitPro/libctru/lib\libctru.a(archive_dev.o)
 .text.archive_seek
                0x00116798       0xc8 E:/devkitPro/libctru/lib\libctru.a(archive_dev.o)
 .text._archiveInit.part.0
                0x00116860       0x7c E:/devkitPro/libctru/lib\libctru.a(archive_dev.o)
 .text.archiveFindDevice.part.0
                0x001168dc       0xc4 E:/devkitPro/libctru/lib\libctru.a(archive_dev.o)
 .text.archive_utf16path
                0x001169a0      0x280 E:/devkitPro/libctru/lib\libctru.a(archive_dev.o)
 .text._archiveUnmountDeviceStruct.part.0
                0x00116c20       0x9c E:/devkitPro/libctru/lib\libctru.a(archive_dev.o)
 .text.archive_fchmod
                0x00116cbc       0x14 E:/devkitPro/libctru/lib\libctru.a(archive_dev.o)
 .text.archive_statvfs
                0x00116cd0       0x14 E:/devkitPro/libctru/lib\libctru.a(archive_dev.o)
 .text._archiveMountDevice
                0x00116ce4      0x164 E:/devkitPro/libctru/lib\libctru.a(archive_dev.o)
 .text.archive_diropen
                0x00116e48       0xe8 E:/devkitPro/libctru/lib\libctru.a(archive_dev.o)
 .text.archive_fstat
                0x00116f30       0xa4 E:/devkitPro/libctru/lib\libctru.a(archive_dev.o)
 .text.archive_fsync
                0x00116fd4       0x6c E:/devkitPro/libctru/lib\libctru.a(archive_dev.o)
 .text.archive_close
                0x00117040       0x6c E:/devkitPro/libctru/lib\libctru.a(archive_dev.o)
 .text.archive_dirclose
                0x001170ac       0x70 E:/devkitPro/libctru/lib\libctru.a(archive_dev.o)
 .text.sdmc_statvfs
                0x0011711c       0xe8 E:/devkitPro/libctru/lib\libctru.a(archive_dev.o)
 .text.archive_chdir
                0x00117204       0xec E:/devkitPro/libctru/lib\libctru.a(archive_dev.o)
 .text.archive_ftruncate
                0x001172f0       0x7c E:/devkitPro/libctru/lib\libctru.a(archive_dev.o)
 .text.archive_read
                0x0011736c       0xac E:/devkitPro/libctru/lib\libctru.a(archive_dev.o)
 .text.archive_unlink
                0x00117418       0xa4 E:/devkitPro/libctru/lib\libctru.a(archive_dev.o)
 .text.archive_rmdir
                0x001174bc       0xbc E:/devkitPro/libctru/lib\libctru.a(archive_dev.o)
 .text.archive_mkdir
                0x00117578       0xdc E:/devkitPro/libctru/lib\libctru.a(archive_dev.o)
 .text.archive_stat
                0x00117654      0x194 E:/devkitPro/libctru/lib\libctru.a(archive_dev.o)
 .text.archive_dirnext
                0x001177e8      0x160 E:/devkitPro/libctru/lib\libctru.a(archive_dev.o)
 .text.archive_write
                0x00117948      0x124 E:/devkitPro/libctru/lib\libctru.a(archive_dev.o)
 .text.archive_open
                0x00117a6c      0x20c E:/devkitPro/libctru/lib\libctru.a(archive_dev.o)
 .text.archive_rename
                0x00117c78      0x278 E:/devkitPro/libctru/lib\libctru.a(archive_dev.o)
 .text.archiveMountSdmc
                0x00117ef0      0x19c E:/devkitPro/libctru/lib\libctru.a(archive_dev.o)
                0x00117ef0                archiveMountSdmc
 .text.archiveUnmountAll
                0x0011808c       0x54 E:/devkitPro/libctru/lib\libctru.a(archive_dev.o)
                0x0011808c                archiveUnmountAll
 .text.sinf     0x001180e0      0x244 E:/devkitPro/devkitARM/bin/../lib/gcc/arm-none-eabi/13.2.0/../../../../arm-none-eabi/lib/armv6k/fpu\libm.a(libm_a-sinf.o)
                0x001180e0                sinf
 *fill*         0x00118324        0x4 
 .text.cosf     0x00118328      0x22c E:/devkitPro/devkitARM/bin/../lib/gcc/arm-none-eabi/13.2.0/../../../../arm-none-eabi/lib/armv6k/fpu\libm.a(libm_a-cosf.o)
                0x00118328                cosf
 .text.with_errnof
                0x00118554       0x24 E:/devkitPro/devkitARM/bin/../lib/gcc/arm-none-eabi/13.2.0/../../../../arm-none-eabi/lib/armv6k/fpu\libm.a(libm_a-math_errf.o)
 .text.__math_invalidf
                0x00118578       0x1c E:/devkitPro/devkitARM/bin/../lib/gcc/arm-none-eabi/13.2.0/../../../../arm-none-eabi/lib/armv6k/fpu\libm.a(libm_a-math_errf.o)
                0x00118578                __math_invalidf
 .text.ceilf    0x00118594       0xc0 E:/devkitPro/devkitARM/bin/../lib/gcc/arm-none-eabi/13.2.0/../../../../arm-none-eabi/lib/armv6k/fpu\libm.a(libm_a-sf_ceil.o)
                0x00118594                ceilf
 .text.__udivmoddi4
                0x00118654      0x120 E:/devkitPro/devkitARM/bin/../lib/gcc/arm-none-eabi/13.2.0/armv6k/fpu\libgcc.a(_udivmoddi4.o)
                0x00118654                __udivmoddi4
 .text.printf   0x00118774       0x34 E:/devkitPro/devkitARM/bin/../lib/gcc/arm-none-eabi/13.2.0/../../../../arm-none-eabi/lib/armv6k/fpu\libg.a(libc_a-printf.o)
                0x00118774                printf
 .text.memalign
                0x001187a8       0x20 E:/devkitPro/devkitARM/bin/../lib/gcc/arm-none-eabi/13.2.0/../../../../arm-none-eabi/lib/armv6k/fpu\libg.a(libc_a-malign.o)
                0x001187a8                memalign
 .text._memalign_r
                0x001187c8      0x14c E:/devkitPro/devkitARM/bin/../lib/gcc/arm-none-eabi/13.2.0/../../../../arm-none-eabi/lib/armv6k/fpu\libg.a(libc_a-malignr.o)
                0x001187c8                _memalign_r
 .text.sprintf  0x00118914       0x64 E:/devkitPro/devkitARM/bin/../lib/gcc/arm-none-eabi/13.2.0/../../../../arm-none-eabi/lib/armv6k/fpu\libg.a(libc_a-sprintf.o)
                0x00118914                sprintf
 .text._puts_r  0x00118978       0xe0 E:/devkitPro/devkitARM/bin/../lib/gcc/arm-none-eabi/13.2.0/../../../../arm-none-eabi/lib/armv6k/fpu\libg.a(libc_a-puts.o)
                0x00118978                _puts_r
 .text.puts     0x00118a58       0x18 E:/devkitPro/devkitARM/bin/../lib/gcc/arm-none-eabi/13.2.0/../../../../arm-none-eabi/lib/armv6k/fpu\libg.a(libc_a-puts.o)
                0x00118a58                puts
 .text.bsearch  0x00118a70       0x78 E:/devkitPro/devkitARM/bin/../lib/gcc/arm-none-eabi/13.2.0/../../../../arm-none-eabi/lib/armv6k/fpu\libg.a(libc_a-bsearch.o)
                0x00118a70                bsearch
 .text.calloc   0x00118ae8       0x20 E:/devkitPro/devkitARM/bin/../lib/gcc/arm-none-eabi/13.2.0/../../../../arm-none-eabi/lib/armv6k/fpu\libg.a(libc_a-calloc.o)
                0x00118ae8                calloc
 .text._calloc_r
                0x00118b08       0xc0 E:/devkitPro/devkitARM/bin/../lib/gcc/arm-none-eabi/13.2.0/../../../../arm-none-eabi/lib/armv6k/fpu\libg.a(libc_a-callocr.o)
                0x00118b08                _calloc_r
 .text.setvbuf  0x00118bc8      0x25c E:/devkitPro/devkitARM/bin/../lib/gcc/arm-none-eabi/13.2.0/../../../../arm-none-eabi/lib/armv6k/fpu\libg.a(libc_a-setvbuf.o)
                0x00118bc8                setvbuf
 .text.__call_exitprocs
                0x00118e24        0x4 E:/devkitPro/devkitARM/bin/../lib/gcc/arm-none-eabi/13.2.0/../../../../arm-none-eabi/lib/armv6k/fpu\libg.a(libc_a-exit.o)
                0x00118e24                __call_exitprocs
 .text.exit     0x00118e28       0x30 E:/devkitPro/devkitARM/bin/../lib/gcc/arm-none-eabi/13.2.0/../../../../arm-none-eabi/lib/armv6k/fpu\libg.a(libc_a-exit.o)
                0x00118e28                exit
 .text._malloc_trim_r
                0x00118e58       0xf8 E:/devkitPro/devkitARM/bin/../lib/gcc/arm-none-eabi/13.2.0/../../../../arm-none-eabi/lib/armv6k/fpu\libg.a(libc_a-freer.o)
                0x00118e58                _malloc_trim_r
 .text._free_r  0x00118f50      0x2e8 E:/devkitPro/devkitARM/bin/../lib/gcc/arm-none-eabi/13.2.0/../../../../arm-none-eabi/lib/armv6k/fpu\libg.a(libc_a-freer.o)
                0x00118f50                _free_r
 .text.strchr   0x00119238      0x130 E:/devkitPro/devkitARM/bin/../lib/gcc/arm-none-eabi/13.2.0/../../../../arm-none-eabi/lib/armv6k/fpu\libg.a(libc_a-strchr.o)
                0x00119238                strchr
 .text.memcmp   0x00119368       0xd8 E:/devkitPro/devkitARM/bin/../lib/gcc/arm-none-eabi/13.2.0/../../../../arm-none-eabi/lib/armv6k/fpu\libg.a(libc_a-memcmp.o)
                0x00119368                memcmp
 .text._fclose_r
                0x00119440      0x148 E:/devkitPro/devkitARM/bin/../lib/gcc/arm-none-eabi/13.2.0/../../../../arm-none-eabi/lib/armv6k/fpu\libg.a(libc_a-fclose.o)
                0x00119440                _fclose_r
 .text.fclose   0x00119588       0x18 E:/devkitPro/devkitARM/bin/../lib/gcc/arm-none-eabi/13.2.0/../../../../arm-none-eabi/lib/armv6k/fpu\libg.a(libc_a-fclose.o)
                0x00119588                fclose
 .text.get_arg  0x001195a0      0x64c E:/devkitPro/devkitARM/bin/../lib/gcc/arm-none-eabi/13.2.0/../../../../arm-none-eabi/lib/armv6k/fpu\libg.a(libc_a-svfprintf.o)
 *fill*         0x00119bec        0x4 
 .text._svfprintf_r
                0x00119bf0     0x3324 E:/devkitPro/devkitARM/bin/../lib/gcc/arm-none-eabi/13.2.0/../../../../arm-none-eabi/lib/armv6k/fpu\libg.a(libc_a-svfprintf.o)
                0x00119bf0                _svfprintf_r
 .text.malloc   0x0011cf14       0x18 E:/devkitPro/devkitARM/bin/../lib/gcc/arm-none-eabi/13.2.0/../../../../arm-none-eabi/lib/armv6k/fpu\libg.a(libc_a-malloc.o)
                0x0011cf14                malloc
 .text.free     0x0011cf2c       0x18 E:/devkitPro/devkitARM/bin/../lib/gcc/arm-none-eabi/13.2.0/../../../../arm-none-eabi/lib/armv6k/fpu\libg.a(libc_a-malloc.o)
                0x0011cf2c                free
 .text._malloc_r
                0x0011cf44      0x79c E:/devkitPro/devkitARM/bin/../lib/gcc/arm-none-eabi/13.2.0/../../../../arm-none-eabi/lib/armv6k/fpu\libg.a(libc_a-mallocr.o)
                0x0011cf44                _malloc_r
 .text.memset   0x0011d6e0       0xf4 E:/devkitPro/devkitARM/bin/../lib/gcc/arm-none-eabi/13.2.0/../../../../arm-none-eabi/lib/armv6k/fpu\libg.a(libc_a-memset.o)
                0x0011d6e0                memset
 .text.__malloc_lock
                0x0011d7d4        0xc E:/devkitPro/devkitARM/bin/../lib/gcc/arm-none-eabi/13.2.0/../../../../arm-none-eabi/lib/armv6k/fpu\libg.a(libc_a-mlock.o)
                0x0011d7d4                __malloc_lock
 .text.__malloc_unlock
                0x0011d7e0        0xc E:/devkitPro/devkitARM/bin/../lib/gcc/arm-none-eabi/13.2.0/../../../../arm-none-eabi/lib/armv6k/fpu\libg.a(libc_a-mlock.o)
                0x0011d7e0                __malloc_unlock
 .text.get_arg  0x0011d7ec      0x64c E:/devkitPro/devkitARM/bin/../lib/gcc/arm-none-eabi/13.2.0/../../../../arm-none-eabi/lib/armv6k/fpu\libg.a(libc_a-vfprintf.o)
 .text._vfprintf_r
                0x0011de38     0x3378 E:/devkitPro/devkitARM/bin/../lib/gcc/arm-none-eabi/13.2.0/../../../../arm-none-eabi/lib/armv6k/fpu\libg.a(libc_a-vfprintf.o)
                0x0011de38                _vfprintf_r
 .text.__sbprintf
                0x001211b0       0xb8 E:/devkitPro/devkitARM/bin/../lib/gcc/arm-none-eabi/13.2.0/../../../../arm-none-eabi/lib/armv6k/fpu\libg.a(libc_a-vfprintf.o)
 .text.strlen   0x00121268       0x90 E:/devkitPro/devkitARM/bin/../lib/gcc/arm-none-eabi/13.2.0/../../../../arm-none-eabi/lib/armv6k/fpu\libg.a(libc_a-strlen.o)
                0x00121268                strlen
 .text._fopen_r
                0x001212f8      0x12c E:/devkitPro/devkitARM/bin/../lib/gcc/arm-none-eabi/13.2.0/../../../../arm-none-eabi/lib/armv6k/fpu\libg.a(libc_a-fopen.o)
                0x001212f8                _fopen_r
 .text.fopen    0x00121424       0x20 E:/devkitPro/devkitARM/bin/../lib/gcc/arm-none-eabi/13.2.0/../../../../arm-none-eabi/lib/armv6k/fpu\libg.a(libc_a-fopen.o)
                0x00121424                fopen
 .text.__sflush_r
                0x00121444      0x22c E:/devkitPro/devkitARM/bin/../lib/gcc/arm-none-eabi/13.2.0/../../../../arm-none-eabi/lib/armv6k/fpu\libg.a(libc_a-fflush.o)
                0x00121444                __sflush_r
 .text._fflush_r
                0x00121670       0x94 E:/devkitPro/devkitARM/bin/../lib/gcc/arm-none-eabi/13.2.0/../../../../arm-none-eabi/lib/armv6k/fpu\libg.a(libc_a-fflush.o)
                0x00121670                _fflush_r
 .text.ftell    0x00121704       0x2c E:/devkitPro/devkitARM/bin/../lib/gcc/arm-none-eabi/13.2.0/../../../../arm-none-eabi/lib/armv6k/fpu\libg.a(libc_a-ftell.o)
                0x00121704                ftell
 .text.strncat  0x00121730       0xe4 E:/devkitPro/devkitARM/bin/../lib/gcc/arm-none-eabi/13.2.0/../../../../arm-none-eabi/lib/armv6k/fpu\libg.a(libc_a-strncat.o)
                0x00121730                strncat
 .text.__sfvwrite_r
                0x00121814      0x4b4 E:/devkitPro/devkitARM/bin/../lib/gcc/arm-none-eabi/13.2.0/../../../../arm-none-eabi/lib/armv6k/fpu\libg.a(libc_a-fvwrite.o)
                0x00121814                __sfvwrite_r
 .text.strncmp  0x00121cc8       0xe4 E:/devkitPro/devkitARM/bin/../lib/gcc/arm-none-eabi/13.2.0/../../../../arm-none-eabi/lib/armv6k/fpu\libg.a(libc_a-strncmp.o)
                0x00121cc8                strncmp
 .text._fwalk_sglue
                0x00121dac       0x70 E:/devkitPro/devkitARM/bin/../lib/gcc/arm-none-eabi/13.2.0/../../../../arm-none-eabi/lib/armv6k/fpu\libg.a(libc_a-fwalk.o)
                0x00121dac                _fwalk_sglue
 .text._fread_r
                0x00121e1c      0x344 E:/devkitPro/devkitARM/bin/../lib/gcc/arm-none-eabi/13.2.0/../../../../arm-none-eabi/lib/armv6k/fpu\libg.a(libc_a-fread.o)
                0x00121e1c                _fread_r
 .text.fread    0x00122160       0x38 E:/devkitPro/devkitARM/bin/../lib/gcc/arm-none-eabi/13.2.0/../../../../arm-none-eabi/lib/armv6k/fpu\libg.a(libc_a-fread.o)
                0x00122160                fread
 .text._realloc_r
                0x00122198      0x4a0 E:/devkitPro/devkitARM/bin/../lib/gcc/arm-none-eabi/13.2.0/../../../../arm-none-eabi/lib/armv6k/fpu\libg.a(libc_a-reallocr.o)
                0x00122198                _realloc_r
 .text.strncpy  0x00122638       0xc4 E:/devkitPro/devkitARM/bin/../lib/gcc/arm-none-eabi/13.2.0/../../../../arm-none-eabi/lib/armv6k/fpu\libg.a(libc_a-strncpy.o)
                0x00122638                strncpy
 .text.stdio_exit_handler
                0x001226fc       0x1c E:/devkitPro/devkitARM/bin/../lib/gcc/arm-none-eabi/13.2.0/../../../../arm-none-eabi/lib/armv6k/fpu\libg.a(libc_a-findfp.o)
 .text.cleanup_stdio
                0x00122718       0x5c E:/devkitPro/devkitARM/bin/../lib/gcc/arm-none-eabi/13.2.0/../../../../arm-none-eabi/lib/armv6k/fpu\libg.a(libc_a-findfp.o)
 .text.global_stdio_init.part.0
                0x00122774      0x154 E:/devkitPro/devkitARM/bin/../lib/gcc/arm-none-eabi/13.2.0/../../../../arm-none-eabi/lib/armv6k/fpu\libg.a(libc_a-findfp.o)
 .text.__sfp    0x001228c8      0x134 E:/devkitPro/devkitARM/bin/../lib/gcc/arm-none-eabi/13.2.0/../../../../arm-none-eabi/lib/armv6k/fpu\libg.a(libc_a-findfp.o)
                0x001228c8                __sfp
 .text.__sinit  0x001229fc       0x5c E:/devkitPro/devkitARM/bin/../lib/gcc/arm-none-eabi/13.2.0/../../../../arm-none-eabi/lib/armv6k/fpu\libg.a(libc_a-findfp.o)
                0x001229fc                __sinit
 .text.__sfp_lock_acquire
                0x00122a58        0xc E:/devkitPro/devkitARM/bin/../lib/gcc/arm-none-eabi/13.2.0/../../../../arm-none-eabi/lib/armv6k/fpu\libg.a(libc_a-findfp.o)
                0x00122a58                __sfp_lock_acquire
 .text.__sfp_lock_release
                0x00122a64        0xc E:/devkitPro/devkitARM/bin/../lib/gcc/arm-none-eabi/13.2.0/../../../../arm-none-eabi/lib/armv6k/fpu\libg.a(libc_a-findfp.o)
                0x00122a64                __sfp_lock_release
 .text.strnlen  0x00122a70       0x48 E:/devkitPro/devkitARM/bin/../lib/gcc/arm-none-eabi/13.2.0/../../../../arm-none-eabi/lib/armv6k/fpu\libg.a(libc_a-strnlen.o)
                0x00122a70                strnlen
 .text._fseek_r
                0x00122ab8       0x1c E:/devkitPro/devkitARM/bin/../lib/gcc/arm-none-eabi/13.2.0/../../../../arm-none-eabi/lib/armv6k/fpu\libg.a(libc_a-fseek.o)
                0x00122ab8                _fseek_r
 .text.fseek    0x00122ad4       0x34 E:/devkitPro/devkitARM/bin/../lib/gcc/arm-none-eabi/13.2.0/../../../../arm-none-eabi/lib/armv6k/fpu\libg.a(libc_a-fseek.o)
                0x00122ad4                fseek
 .text._strtoul_l.isra.0
                0x00122b08      0x1d8 E:/devkitPro/devkitARM/bin/../lib/gcc/arm-none-eabi/13.2.0/../../../../arm-none-eabi/lib/armv6k/fpu\libg.a(libc_a-strtoul.o)
 .text.strtoul  0x00122ce0       0x34 E:/devkitPro/devkitARM/bin/../lib/gcc/arm-none-eabi/13.2.0/../../../../arm-none-eabi/lib/armv6k/fpu\libg.a(libc_a-strtoul.o)
                0x00122ce0                strtoul
 .text.__locale_mb_cur_max
                0x00122d14       0x24 E:/devkitPro/devkitARM/bin/../lib/gcc/arm-none-eabi/13.2.0/../../../../arm-none-eabi/lib/armv6k/fpu\libg.a(libc_a-locale.o)
                0x00122d14                __locale_mb_cur_max
 .text.time     0x00122d38       0x4c E:/devkitPro/devkitARM/bin/../lib/gcc/arm-none-eabi/13.2.0/../../../../arm-none-eabi/lib/armv6k/fpu\libg.a(libc_a-time.o)
                0x00122d38                time
 .text._localeconv_r
                0x00122d84       0x24 E:/devkitPro/devkitARM/bin/../lib/gcc/arm-none-eabi/13.2.0/../../../../arm-none-eabi/lib/armv6k/fpu\libg.a(libc_a-localeconv.o)
                0x00122d84                _localeconv_r
 .text.memchr   0x00122da8       0xe0 E:/devkitPro/devkitARM/bin/../lib/gcc/arm-none-eabi/13.2.0/../../../../arm-none-eabi/lib/armv6k/fpu\libg.a(libc_a-memchr-stub.o)
                0x00122da8                memchr
 .text.__utf8_wctomb
                0x00122e88       0xf0 E:/devkitPro/devkitARM/bin/../lib/gcc/arm-none-eabi/13.2.0/../../../../arm-none-eabi/lib/armv6k/fpu\libg.a(libc_a-wctomb_r.o)
                0x00122e88                __utf8_wctomb